Archive member included to satisfy reference by file (symbol)

app/libapp.a(main.c.obj)      (--whole-archive)
zephyr/libzephyr.a(heap.c.obj)
                              (--whole-archive)
zephyr/libzephyr.a(cbprintf_packaged.c.obj)
                              (--whole-archive)
zephyr/libzephyr.a(printk.c.obj)
                              (--whole-archive)
zephyr/libzephyr.a(sem.c.obj)
                              (--whole-archive)
zephyr/libzephyr.a(thread_entry.c.obj)
                              (--whole-archive)
zephyr/libzephyr.a(cbprintf_complete.c.obj)
                              (--whole-archive)
zephyr/libzephyr.a(assert.c.obj)
                              (--whole-archive)
zephyr/libzephyr.a(dec.c.obj)
                              (--whole-archive)
zephyr/libzephyr.a(hex.c.obj)
                              (--whole-archive)
zephyr/libzephyr.a(rb.c.obj)  (--whole-archive)
zephyr/libzephyr.a(timeutil.c.obj)
                              (--whole-archive)
zephyr/libzephyr.a(bitarray.c.obj)
                              (--whole-archive)
zephyr/libzephyr.a(onoff.c.obj)
                              (--whole-archive)
zephyr/libzephyr.a(notify.c.obj)
                              (--whole-archive)
zephyr/libzephyr.a(configs.c.obj)
                              (--whole-archive)
zephyr/libzephyr.a(mem_attr.c.obj)
                              (--whole-archive)
zephyr/libzephyr.a(tracing_none.c.obj)
                              (--whole-archive)
zephyr/libzephyr.a(banner.c.obj)
                              (--whole-archive)
zephyr/libzephyr.a(flash_map_partition_manager.c.obj)
                              (--whole-archive)
zephyr/libzephyr.a(nrf_cc3xx_platform_abort_zephyr.c.obj)
                              (--whole-archive)
zephyr/libzephyr.a(nrf_cc3xx_platform_mutex_zephyr.c.obj)
                              (--whole-archive)
zephyr/arch/common/libarch__common.a(sw_isr_common.c.obj)
                              (--whole-archive)
zephyr/arch/arch/arm/core/libarch__arm__core.a(fatal.c.obj)
                              (--whole-archive)
zephyr/arch/arch/arm/core/libarch__arm__core.a(nmi.c.obj)
                              (--whole-archive)
zephyr/arch/arch/arm/core/libarch__arm__core.a(nmi_on_reset.S.obj)
                              (--whole-archive)
zephyr/arch/arch/arm/core/libarch__arm__core.a(tls.c.obj)
                              (--whole-archive)
zephyr/arch/arch/arm/core/cortex_m/libarch__arm__core__cortex_m.a(exc_exit.c.obj)
                              (--whole-archive)
zephyr/arch/arch/arm/core/cortex_m/libarch__arm__core__cortex_m.a(fault.c.obj)
                              (--whole-archive)
zephyr/arch/arch/arm/core/cortex_m/libarch__arm__core__cortex_m.a(fault_s.S.obj)
                              (--whole-archive)
zephyr/arch/arch/arm/core/cortex_m/libarch__arm__core__cortex_m.a(fpu.c.obj)
                              (--whole-archive)
zephyr/arch/arch/arm/core/cortex_m/libarch__arm__core__cortex_m.a(reset.S.obj)
                              (--whole-archive)
zephyr/arch/arch/arm/core/cortex_m/libarch__arm__core__cortex_m.a(scb.c.obj)
                              (--whole-archive)
zephyr/arch/arch/arm/core/cortex_m/libarch__arm__core__cortex_m.a(thread_abort.c.obj)
                              (--whole-archive)
zephyr/arch/arch/arm/core/cortex_m/libarch__arm__core__cortex_m.a(vector_table.S.obj)
                              (--whole-archive)
zephyr/arch/arch/arm/core/cortex_m/libarch__arm__core__cortex_m.a(swap.c.obj)
                              (--whole-archive)
zephyr/arch/arch/arm/core/cortex_m/libarch__arm__core__cortex_m.a(swap_helper.S.obj)
                              (--whole-archive)
zephyr/arch/arch/arm/core/cortex_m/libarch__arm__core__cortex_m.a(irq_manage.c.obj)
                              (--whole-archive)
zephyr/arch/arch/arm/core/cortex_m/libarch__arm__core__cortex_m.a(prep_c.c.obj)
                              (--whole-archive)
zephyr/arch/arch/arm/core/cortex_m/libarch__arm__core__cortex_m.a(thread.c.obj)
                              (--whole-archive)
zephyr/arch/arch/arm/core/cortex_m/libarch__arm__core__cortex_m.a(cpu_idle.c.obj)
                              (--whole-archive)
zephyr/arch/arch/arm/core/cortex_m/libarch__arm__core__cortex_m.a(irq_init.c.obj)
                              (--whole-archive)
zephyr/arch/arch/arm/core/cortex_m/libarch__arm__core__cortex_m.a(isr_wrapper.c.obj)
                              (--whole-archive)
zephyr/arch/arch/arm/core/cortex_m/libarch__arm__core__cortex_m.a(__aeabi_read_tp.S.obj)
                              (--whole-archive)
zephyr/arch/arch/arm/core/mpu/libarch__arm__core__mpu.a(arm_core_mpu.c.obj)
                              (--whole-archive)
zephyr/arch/arch/arm/core/mpu/libarch__arm__core__mpu.a(arm_mpu.c.obj)
                              (--whole-archive)
zephyr/arch/arch/arm/core/mpu/libarch__arm__core__mpu.a(arm_mpu_regions.c.obj)
                              (--whole-archive)
[...]
Memory Configuration

Name             Origin             Length             Attributes
FLASH            0x0000000000000000 0x0000000000100000 xr
RAM              0x0000000020000000 0x0000000000040000 xw
IDT_LIST         0x00000000ffff7fff 0x0000000000008000 xw
*default*        0x0000000000000000 0xffffffffffffffff

Linker script and memory map

                0x0000000000004e58                vfprintf = __l_vfprintf
                0x0000000000000000                vfscanf = __l_vfscanf
LOAD zephyr/CMakeFiles/zephyr_pre0.dir/misc/empty_file.c.obj
LOAD zephyr/CMakeFiles/offsets.dir/./arch/arm/core/offsets/offsets.c.obj
LOAD app/libapp.a
LOAD zephyr/libzephyr.a
LOAD zephyr/arch/common/libarch__common.a
LOAD zephyr/arch/arch/arm/core/libarch__arm__core.a
LOAD zephyr/arch/arch/arm/core/cortex_m/libarch__arm__core__cortex_m.a
LOAD zephyr/arch/arch/arm/core/mpu/libarch__arm__core__mpu.a
LOAD zephyr/lib/libc/picolibc/liblib__libc__picolibc.a
LOAD zephyr/lib/libc/common/liblib__libc__common.a
LOAD zephyr/soc/soc/nrf52840/libsoc__nordic.a
LOAD zephyr/drivers/adc/libdrivers__adc.a
LOAD zephyr/drivers/clock_control/libdrivers__clock_control.a
LOAD zephyr/drivers/console/libdrivers__console.a
LOAD zephyr/drivers/gpio/libdrivers__gpio.a
LOAD zephyr/drivers/pinctrl/libdrivers__pinctrl.a
LOAD zephyr/drivers/serial/libdrivers__serial.a
LOAD zephyr/drivers/timer/libdrivers__timer.a
LOAD modules/nrf/drivers/hw_cc3xx/lib..__nrf__drivers__hw_cc3xx.a
LOAD modules/hal_nordic/nrfx/libmodules__hal_nordic__nrfx.a
LOAD modules/segger/libmodules__segger.a
LOAD zephyr/kernel/libkernel.a
LOAD /opt/nordic/ncs/toolchains/15b490767d/opt/zephyr-sdk/arm-zephyr-eabi/bin/../lib/gcc/arm-zephyr-eabi/12.2.0/thumb/v7e-m/nofp/libgcc.a
LOAD zephyr/arch/common/libisr_tables.a
LOAD /opt/nordic/ncs/v2.8.0/nrfxlib/crypto/nrf_cc310_platform/lib/cortex-m4/soft-float/no-interrupts/libnrf_cc310_platform_0.9.19.a
LOAD /opt/nordic/ncs/toolchains/15b490767d/opt/zephyr-sdk/arm-zephyr-eabi/bin/../lib/gcc/../../picolibc/arm-zephyr-eabi/lib/thumb/v7e-m/nofp/libc.a
LOAD /opt/nordic/ncs/toolchains/15b490767d/opt/zephyr-sdk/arm-zephyr-eabi/bin/../lib/gcc/arm-zephyr-eabi/12.2.0/thumb/v7e-m/nofp/libgcc.a
                0x0000000000000020                _region_min_align = 0x20

.rel.plt        0x0000000000000000        0x0
 *(SORT_BY_ALIGNMENT(.rel.plt))
                [!provide]                        PROVIDE (__rel_iplt_start = .)
 *(SORT_BY_ALIGNMENT(.rel.iplt))
 .rel.iplt      0x0000000000000000        0x0 app/libapp.a(main.c.obj)
                [!provide]                        PROVIDE (__rel_iplt_end = .)

.rela.plt       0x0000000000000000        0x0
 *(SORT_BY_ALIGNMENT(.rela.plt))
                [!provide]                        PROVIDE (__rela_iplt_start = .)
 *(SORT_BY_ALIGNMENT(.rela.iplt))
                [!provide]                        PROVIDE (__rela_iplt_end = .)

.rel.dyn
 *(SORT_BY_ALIGNMENT(.rel.*))

.rela.dyn
 *(SORT_BY_ALIGNMENT(.rela.*))

/DISCARD/
 *(SORT_BY_ALIGNMENT(.plt))

/DISCARD/
 *(SORT_BY_ALIGNMENT(.iplt))
                0x0000000000000000                __rom_region_start = 0x0

rom_start       0x0000000000000000      0x100
                0x0000000000000000                __rom_start_address = .
 FILL mask 0x00
                0x0000000000000000                . = (. + (0x0 - (. - __rom_start_address)))
                0x0000000000000000                . = ALIGN (0x4)
                0x0000000000000000                . = ALIGN (0x80)
                0x0000000000000000                . = ALIGN (0x100)
                0x0000000000000000                _vector_start = .
 *(SORT_BY_ALIGNMENT(.exc_vector_table))
 *(SORT_BY_ALIGNMENT(.exc_vector_table.*))
 .exc_vector_table._vector_table_section
                0x0000000000000000       0x40 zephyr/arch/arch/arm/core/cortex_m/libarch__arm__core__cortex_m.a(vector_table.S.obj)
                0x0000000000000000                _vector_table
 *(SORT_BY_ALIGNMENT(.vectors))
                0x0000000000000100                _vector_end = .
                0x0000000000000040                . = ALIGN (0x4)
 *(SORT_BY_ALIGNMENT(.gnu.linkonce.irq_vector_table*))
 .gnu.linkonce.irq_vector_table
                0x0000000000000040       0xc0 zephyr/arch/common/libisr_tables.a(isr_tables.c.obj)
                0x0000000000000040                _irq_vector_table
                0x0000000000000100                _vector_end = .

text            0x0000000000000100     0x5eb8
                0x0000000000000100                __text_region_start = .
 *(SORT_BY_ALIGNMENT(.text))
 .text          0x0000000000000100      0x378 /opt/nordic/ncs/toolchains/15b490767d/opt/zephyr-sdk/arm-zephyr-eabi/bin/../lib/gcc/arm-zephyr-eabi/12.2.0/thumb/v7e-m/nofp/libgcc.a(_arm_addsubdf3.o)
                0x0000000000000100                __aeabi_drsub
                0x0000000000000108                __subdf3
                0x0000000000000108                __aeabi_dsub
                0x000000000000010c                __aeabi_dadd
                0x000000000000010c                __adddf3
                0x0000000000000384                __aeabi_ui2d
                0x0000000000000384                __floatunsidf
                0x00000000000003a4                __floatsidf
                0x00000000000003a4                __aeabi_i2d
                0x00000000000003c8                __extendsfdf2
                0x00000000000003c8                __aeabi_f2d
                0x000000000000040c                __aeabi_ul2d
                0x000000000000040c                __floatundidf
                0x000000000000041c                __aeabi_l2d
                0x000000000000041c                __floatdidf
 .text          0x0000000000000478      0x424 /opt/nordic/ncs/toolchains/15b490767d/opt/zephyr-sdk/arm-zephyr-eabi/bin/../lib/gcc/arm-zephyr-eabi/12.2.0/thumb/v7e-m/nofp/libgcc.a(_arm_muldivdf3.o)
                0x0000000000000478                __aeabi_dmul
                0x0000000000000478                __muldf3
                0x00000000000006cc                __aeabi_ddiv
                0x00000000000006cc                __divdf3
 .text          0x000000000000089c       0x50 /opt/nordic/ncs/toolchains/15b490767d/opt/zephyr-sdk/arm-zephyr-eabi/bin/../lib/gcc/arm-zephyr-eabi/12.2.0/thumb/v7e-m/nofp/libgcc.a(_arm_fixdfsi.o)
                0x000000000000089c                __fixdfsi
                0x000000000000089c                __aeabi_d2iz
 .text          0x00000000000008ec       0x30 /opt/nordic/ncs/toolchains/15b490767d/opt/zephyr-sdk/arm-zephyr-eabi/bin/../lib/gcc/arm-zephyr-eabi/12.2.0/thumb/v7e-m/nofp/libgcc.a(_aeabi_uldivmod.o)
                0x00000000000008ec                __aeabi_uldivmod
 .text          0x000000000000091c        0x4 /opt/nordic/ncs/toolchains/15b490767d/opt/zephyr-sdk/arm-zephyr-eabi/bin/../lib/gcc/arm-zephyr-eabi/12.2.0/thumb/v7e-m/nofp/libgcc.a(_dvmd_tls.o)
                0x000000000000091c                __aeabi_ldiv0
                0x000000000000091c                __aeabi_idiv0
 .text          0x0000000000000920      0x2a0 /opt/nordic/ncs/toolchains/15b490767d/opt/zephyr-sdk/arm-zephyr-eabi/bin/../lib/gcc/arm-zephyr-eabi/12.2.0/thumb/v7e-m/nofp/libgcc.a(_udivmoddi4.o)
                0x0000000000000920                __udivmoddi4
 *(SORT_BY_ALIGNMENT(.text.*))
 .text.convert_to_mv
                0x0000000000000bc0       0x2c app/libapp.a(main.c.obj)
                0x0000000000000bc0                convert_to_mv
 .text.main     0x0000000000000bec       0xd8 app/libapp.a(main.c.obj)
                0x0000000000000bec                main
 .text.char_out
                0x0000000000000cc4        0xc zephyr/libzephyr.a(printk.c.obj)
 .text.__printk_hook_install
                0x0000000000000cd0        0xc zephyr/libzephyr.a(printk.c.obj)
                0x0000000000000cd0                __printk_hook_install
 .text.vprintk  0x0000000000000cdc       0x30 zephyr/libzephyr.a(printk.c.obj)
                0x0000000000000cdc                vprintk
 .text.z_thread_entry
                0x0000000000000d0c       0x34 zephyr/libzephyr.a(thread_entry.c.obj)
                0x0000000000000d0c                z_thread_entry
 .text.process_event
                0x0000000000000d40      0x21c zephyr/libzephyr.a(onoff.c.obj)
 .text.mem_attr_get_regions
                0x0000000000000f5c        0xc zephyr/libzephyr.a(mem_attr.c.obj)
                0x0000000000000f5c                mem_attr_get_regions
 .text.boot_banner
                0x0000000000000f68       0x1c zephyr/libzephyr.a(banner.c.obj)
                0x0000000000000f68                boot_banner
 .text.nrf_cc3xx_platform_abort_init
                0x0000000000000f84        0xc zephyr/libzephyr.a(nrf_cc3xx_platform_abort_zephyr.c.obj)
                0x0000000000000f84                nrf_cc3xx_platform_abort_init
 .text.mutex_free_platform
                0x0000000000000f90       0x54 zephyr/libzephyr.a(nrf_cc3xx_platform_mutex_zephyr.c.obj)
 .text.mutex_lock_platform
                0x0000000000000fe4       0x60 zephyr/libzephyr.a(nrf_cc3xx_platform_mutex_zephyr.c.obj)
 .text.mutex_unlock_platform
                0x0000000000001044       0x58 zephyr/libzephyr.a(nrf_cc3xx_platform_mutex_zephyr.c.obj)
 .text.mutex_init_platform
                0x000000000000109c       0x94 zephyr/libzephyr.a(nrf_cc3xx_platform_mutex_zephyr.c.obj)
 .text.nrf_cc3xx_platform_mutex_init
                0x0000000000001130       0x2c zephyr/libzephyr.a(nrf_cc3xx_platform_mutex_zephyr.c.obj)
                0x0000000000001130                nrf_cc3xx_platform_mutex_init
 .text.z_SysNmiOnReset
                0x000000000000115c        0x8 zephyr/arch/arch/arm/core/libarch__arm__core.a(nmi_on_reset.S.obj)
                0x000000000000115c                z_SysNmiOnReset
 .text.arch_tls_stack_setup
                0x0000000000001164       0x40 zephyr/arch/arch/arm/core/libarch__arm__core.a(tls.c.obj)
                0x0000000000001164                arch_tls_stack_setup
 .text._HandlerModeExit
                0x00000000000011a4       0x28 zephyr/arch/arch/arm/core/cortex_m/libarch__arm__core__cortex_m.a(exc_exit.c.obj)
                0x00000000000011a4                z_arm_exc_exit
                0x00000000000011a4                z_arm_int_exit
 .text.mem_manage_fault
                0x00000000000011cc       0xa0 zephyr/arch/arch/arm/core/cortex_m/libarch__arm__core__cortex_m.a(fault.c.obj)
 .text.usage_fault.constprop.0
                0x000000000000126c       0x54 zephyr/arch/arch/arm/core/cortex_m/libarch__arm__core__cortex_m.a(fault.c.obj)
 .text.bus_fault.constprop.0
                0x00000000000012c0       0x6c zephyr/arch/arch/arm/core/cortex_m/libarch__arm__core__cortex_m.a(fault.c.obj)
 .text.z_arm_fault
                0x000000000000132c      0x128 zephyr/arch/arch/arm/core/cortex_m/libarch__arm__core__cortex_m.a(fault.c.obj)
                0x000000000000132c                z_arm_fault
 .text.z_arm_fault_init
                0x0000000000001454       0x18 zephyr/arch/arch/arm/core/cortex_m/libarch__arm__core__cortex_m.a(fault.c.obj)
                0x0000000000001454                z_arm_fault_init
 .text.__fault  0x000000000000146c       0x14 zephyr/arch/arch/arm/core/cortex_m/libarch__arm__core__cortex_m.a(fault_s.S.obj)
                0x000000000000146c                z_arm_bus_fault
                0x000000000000146c                z_arm_usage_fault
                0x000000000000146c                z_arm_mpu_fault
                0x000000000000146c                z_arm_exc_spurious
                0x000000000000146c                z_arm_debug_monitor
                0x000000000000146c                z_arm_hard_fault
 .text._reset_section
                0x0000000000001480       0x54 zephyr/arch/arch/arm/core/cortex_m/libarch__arm__core__cortex_m.a(reset.S.obj)
                0x0000000000001480                z_arm_reset
                0x0000000000001480                __start
 .text.z_arm_clear_arm_mpu_config
                0x00000000000014d4       0x24 zephyr/arch/arch/arm/core/cortex_m/libarch__arm__core__cortex_m.a(scb.c.obj)
                0x00000000000014d4                z_arm_clear_arm_mpu_config
 .text.z_arm_init_arch_hw_at_boot
                0x00000000000014f8       0x64 zephyr/arch/arch/arm/core/cortex_m/libarch__arm__core__cortex_m.a(scb.c.obj)
                0x00000000000014f8                z_arm_init_arch_hw_at_boot
 .text.z_impl_k_thread_abort
                0x000000000000155c       0x2c zephyr/arch/arch/arm/core/cortex_m/libarch__arm__core__cortex_m.a(thread_abort.c.obj)
                0x000000000000155c                z_impl_k_thread_abort
 .text.arch_swap
                0x0000000000001588       0x30 zephyr/arch/arch/arm/core/cortex_m/libarch__arm__core__cortex_m.a(swap.c.obj)
                0x0000000000001588                arch_swap
 .text.z_arm_pendsv_c
                0x00000000000015b8       0x48 zephyr/arch/arch/arm/core/cortex_m/libarch__arm__core__cortex_m.a(swap.c.obj)
                0x00000000000015b8                z_arm_pendsv_c
 .text.z_arm_pendsv
                0x0000000000001600       0x34 zephyr/arch/arch/arm/core/cortex_m/libarch__arm__core__cortex_m.a(swap_helper.S.obj)
                0x0000000000001600                z_arm_pendsv
 .text.z_arm_svc
                0x0000000000001634       0x20 zephyr/arch/arch/arm/core/cortex_m/libarch__arm__core__cortex_m.a(swap_helper.S.obj)
                0x0000000000001634                z_arm_svc
 .text.arch_irq_enable
                0x0000000000001654       0x1c zephyr/arch/arch/arm/core/cortex_m/libarch__arm__core__cortex_m.a(irq_manage.c.obj)
                0x0000000000001654                arch_irq_enable
 .text.arch_irq_is_enabled
                0x0000000000001670       0x1c zephyr/arch/arch/arm/core/cortex_m/libarch__arm__core__cortex_m.a(irq_manage.c.obj)
                0x0000000000001670                arch_irq_is_enabled
 .text.z_arm_irq_priority_set
                0x000000000000168c       0x30 zephyr/arch/arch/arm/core/cortex_m/libarch__arm__core__cortex_m.a(irq_manage.c.obj)
                0x000000000000168c                z_arm_irq_priority_set
 .text.z_prep_c
                0x00000000000016bc       0x38 zephyr/arch/arch/arm/core/cortex_m/libarch__arm__core__cortex_m.a(prep_c.c.obj)
                0x00000000000016bc                z_prep_c
 .text.arch_new_thread
                0x00000000000016f4       0x38 zephyr/arch/arch/arm/core/cortex_m/libarch__arm__core__cortex_m.a(thread.c.obj)
                0x00000000000016f4                arch_new_thread
 .text.z_check_thread_stack_fail
                0x000000000000172c       0x2c zephyr/arch/arch/arm/core/cortex_m/libarch__arm__core__cortex_m.a(thread.c.obj)
                0x000000000000172c                z_check_thread_stack_fail
 .text.arch_switch_to_main_thread
                0x0000000000001758       0x44 zephyr/arch/arch/arm/core/cortex_m/libarch__arm__core__cortex_m.a(thread.c.obj)
                0x0000000000001758                arch_switch_to_main_thread
 .text.z_arm_cpu_idle_init
                0x000000000000179c        0xc zephyr/arch/arch/arm/core/cortex_m/libarch__arm__core__cortex_m.a(cpu_idle.c.obj)
                0x000000000000179c                z_arm_cpu_idle_init
 .text.z_arm_interrupt_init
                0x00000000000017a8       0x18 zephyr/arch/arch/arm/core/cortex_m/libarch__arm__core__cortex_m.a(irq_init.c.obj)
                0x00000000000017a8                z_arm_interrupt_init
 .text._isr_wrapper
                0x00000000000017c0       0x24 zephyr/arch/arch/arm/core/cortex_m/libarch__arm__core__cortex_m.a(isr_wrapper.c.obj)
                0x00000000000017c0                _isr_wrapper
 .text.z_arm_configure_static_mpu_regions
                0x00000000000017e4       0x18 zephyr/arch/arch/arm/core/mpu/libarch__arm__core__mpu.a(arm_core_mpu.c.obj)
                0x00000000000017e4                z_arm_configure_static_mpu_regions
 .text.z_arm_configure_dynamic_mpu_regions
                0x00000000000017fc       0x20 zephyr/arch/arch/arm/core/mpu/libarch__arm__core__mpu.a(arm_core_mpu.c.obj)
                0x00000000000017fc                z_arm_configure_dynamic_mpu_regions
 .text.region_init
                0x000000000000181c       0x28 zephyr/arch/arch/arm/core/mpu/libarch__arm__core__mpu.a(arm_mpu.c.obj)
 .text.mpu_configure_regions
                0x0000000000001844       0x6c zephyr/arch/arch/arm/core/mpu/libarch__arm__core__mpu.a(arm_mpu.c.obj)
 .text.arm_core_mpu_enable
                0x00000000000018b0       0x18 zephyr/arch/arch/arm/core/mpu/libarch__arm__core__mpu.a(arm_mpu.c.obj)
                0x00000000000018b0                arm_core_mpu_enable
 .text.arm_core_mpu_disable
                0x00000000000018c8       0x14 zephyr/arch/arch/arm/core/mpu/libarch__arm__core__mpu.a(arm_mpu.c.obj)
                0x00000000000018c8                arm_core_mpu_disable
 .text.arm_core_mpu_configure_static_mpu_regions
                0x00000000000018dc       0x14 zephyr/arch/arch/arm/core/mpu/libarch__arm__core__mpu.a(arm_mpu.c.obj)
                0x00000000000018dc                arm_core_mpu_configure_static_mpu_regions
 .text.arm_core_mpu_configure_dynamic_mpu_regions
                0x00000000000018f0       0x38 zephyr/arch/arch/arm/core/mpu/libarch__arm__core__mpu.a(arm_mpu.c.obj)
                0x00000000000018f0                arm_core_mpu_configure_dynamic_mpu_regions
 .text.z_arm_mpu_init
                0x0000000000001928      0x168 zephyr/arch/arch/arm/core/mpu/libarch__arm__core__mpu.a(arm_mpu.c.obj)
                0x0000000000001928                z_arm_mpu_init
 .text.z_impl_zephyr_fputc
                0x0000000000001a90       0x10 zephyr/lib/libc/picolibc/liblib__libc__picolibc.a(libc-hooks.c.obj)
                0x0000000000001a90                z_impl_zephyr_fputc
 .text.__stdout_hook_install
                0x0000000000001aa0       0x18 zephyr/lib/libc/picolibc/liblib__libc__picolibc.a(libc-hooks.c.obj)
                0x0000000000001aa0                __stdout_hook_install
 .text.malloc_prepare
                0x0000000000001ab8       0x24 zephyr/lib/libc/common/liblib__libc__common.a(malloc.c.obj)
 .text.nordicsemi_nrf52_init
                0x0000000000001adc       0x44 zephyr/soc/soc/nrf52840/libsoc__nordic.a(soc.c.obj)
 .text.arch_busy_wait
                0x0000000000001b20       0x14 zephyr/soc/soc/nrf52840/libsoc__nordic.a(soc.c.obj)
                0x0000000000001b20                arch_busy_wait
 .text.adc_context_start_sampling
                0x0000000000001b34       0x1c zephyr/drivers/adc/libdrivers__adc.a(adc_nrfx_saadc.c.obj)
 .text.adc_nrfx_channel_setup
                0x0000000000001b50      0x130 zephyr/drivers/adc/libdrivers__adc.a(adc_nrfx_saadc.c.obj)
 .text.adc_nrfx_read
                0x0000000000001c80      0x190 zephyr/drivers/adc/libdrivers__adc.a(adc_nrfx_saadc.c.obj)
 .text.init_saadc
                0x0000000000001e10       0x44 zephyr/drivers/adc/libdrivers__adc.a(adc_nrfx_saadc.c.obj)
 .text.saadc_irq_handler
                0x0000000000001e54      0x104 zephyr/drivers/adc/libdrivers__adc.a(adc_nrfx_saadc.c.obj)
 .text.onoff_stop
                0x0000000000001f58       0x30 zephyr/drivers/clock_control/libdrivers__clock_control.a(clock_control_nrf.c.obj)
 .text.onoff_start
                0x0000000000001f88       0x44 zephyr/drivers/clock_control/libdrivers__clock_control.a(clock_control_nrf.c.obj)
 .text.generic_hfclk_stop
                0x0000000000001fcc       0x34 zephyr/drivers/clock_control/libdrivers__clock_control.a(clock_control_nrf.c.obj)
 .text.clk_init
                0x0000000000002000       0x58 zephyr/drivers/clock_control/libdrivers__clock_control.a(clock_control_nrf.c.obj)
 .text.api_blocking_start
                0x0000000000002058       0x34 zephyr/drivers/clock_control/libdrivers__clock_control.a(clock_control_nrf.c.obj)
 .text.clkstarted_handle.constprop.0
                0x000000000000208c       0x4c zephyr/drivers/clock_control/libdrivers__clock_control.a(clock_control_nrf.c.obj)
 .text.generic_hfclk_start
                0x00000000000020d8       0x78 zephyr/drivers/clock_control/libdrivers__clock_control.a(clock_control_nrf.c.obj)
 .text.clock_event_handler
                0x0000000000002150       0x1c zephyr/drivers/clock_control/libdrivers__clock_control.a(clock_control_nrf.c.obj)
 .text.z_nrf_clock_control_lf_on
                0x000000000000216c       0xfc zephyr/drivers/clock_control/libdrivers__clock_control.a(clock_control_nrf.c.obj)
                0x000000000000216c                z_nrf_clock_control_lf_on
 .text.uart_console_init
                0x0000000000002268       0x28 zephyr/drivers/console/libdrivers__console.a(uart_console.c.obj)
 .text.console_out
                0x0000000000002290       0x28 zephyr/drivers/console/libdrivers__console.a(uart_console.c.obj)
 .text.gpio_nrfx_pin_interrupt_configure
                0x00000000000022b8      0x100 zephyr/drivers/gpio/libdrivers__gpio.a(gpio_nrfx.c.obj)
 .text.gpio_nrfx_init
                0x00000000000023b8       0x48 zephyr/drivers/gpio/libdrivers__gpio.a(gpio_nrfx.c.obj)
 .text.nrfx_gpio_handler
                0x0000000000002400       0x4c zephyr/drivers/gpio/libdrivers__gpio.a(gpio_nrfx.c.obj)
 .text.gpio_nrfx_pin_configure
                0x000000000000244c      0x18c zephyr/drivers/gpio/libdrivers__gpio.a(gpio_nrfx.c.obj)
 .text.nrf_gpio_pin_port_decode
                0x00000000000025d8       0x20 zephyr/drivers/pinctrl/libdrivers__pinctrl.a(pinctrl_nrf.c.obj)
 .text.pinctrl_configure_pins
                0x00000000000025f8      0x1a4 zephyr/drivers/pinctrl/libdrivers__pinctrl.a(pinctrl_nrf.c.obj)
                0x00000000000025f8                pinctrl_configure_pins
 .text.uarte_nrfx_poll_out
                0x000000000000279c       0xb4 zephyr/drivers/serial/libdrivers__serial.a(uart_nrfx_uarte.c.obj)
 .text.uarte_0_init
                0x0000000000002850      0x108 zephyr/drivers/serial/libdrivers__serial.a(uart_nrfx_uarte.c.obj)
 .text.compare_int_lock
                0x0000000000002958       0x48 zephyr/drivers/timer/libdrivers__timer.a(nrf_rtc_timer.c.obj)
 .text.sys_clock_timeout_handler
                0x00000000000029a0       0x48 zephyr/drivers/timer/libdrivers__timer.a(nrf_rtc_timer.c.obj)
 .text.compare_int_unlock
                0x00000000000029e8       0x5c zephyr/drivers/timer/libdrivers__timer.a(nrf_rtc_timer.c.obj)
 .text.z_nrf_rtc_timer_read
                0x0000000000002a44       0x44 zephyr/drivers/timer/libdrivers__timer.a(nrf_rtc_timer.c.obj)
                0x0000000000002a44                z_nrf_rtc_timer_read
 .text.compare_set
                0x0000000000002a88      0x130 zephyr/drivers/timer/libdrivers__timer.a(nrf_rtc_timer.c.obj)
 .text.sys_clock_driver_init
                0x0000000000002bb8       0x90 zephyr/drivers/timer/libdrivers__timer.a(nrf_rtc_timer.c.obj)
 .text.rtc_nrf_isr
                0x0000000000002c48       0xd4 zephyr/drivers/timer/libdrivers__timer.a(nrf_rtc_timer.c.obj)
                0x0000000000002c48                rtc_nrf_isr
 .text.sys_clock_set_timeout
                0x0000000000002d1c       0x5c zephyr/drivers/timer/libdrivers__timer.a(nrf_rtc_timer.c.obj)
                0x0000000000002d1c                sys_clock_set_timeout
 .text.sys_clock_elapsed
                0x0000000000002d78       0x14 zephyr/drivers/timer/libdrivers__timer.a(nrf_rtc_timer.c.obj)
                0x0000000000002d78                sys_clock_elapsed
 .text.nrf52_errata_98
                0x0000000000002d8c       0x24 modules/hal_nordic/nrfx/libmodules__hal_nordic__nrfx.a(system_nrf52840.c.obj)
 .text.nvmc_wait
                0x0000000000002db0       0x10 modules/hal_nordic/nrfx/libmodules__hal_nordic__nrfx.a(system_nrf52840.c.obj)
                0x0000000000002db0                nvmc_wait
 .text.SystemInit
                0x0000000000002dc0      0x1bc modules/hal_nordic/nrfx/libmodules__hal_nordic__nrfx.a(system_nrf52840.c.obj)
                0x0000000000002dc0                SystemInit
 .text.nrfx_flag32_alloc
                0x0000000000002f7c       0x48 modules/hal_nordic/nrfx/libmodules__hal_nordic__nrfx.a(nrfx_flag32_allocator.c.obj)
                0x0000000000002f7c                nrfx_flag32_alloc
 .text.nrfx_flag32_free
                0x0000000000002fc4       0x40 modules/hal_nordic/nrfx/libmodules__hal_nordic__nrfx.a(nrfx_flag32_allocator.c.obj)
                0x0000000000002fc4                nrfx_flag32_free
 .text.nrfx_gppi_channels_enable
                0x0000000000003004        0xc modules/hal_nordic/nrfx/libmodules__hal_nordic__nrfx.a(nrfx_gppi_ppi.c.obj)
                0x0000000000003004                nrfx_gppi_channels_enable
 .text.clock_stop
                0x0000000000003010       0xc4 modules/hal_nordic/nrfx/libmodules__hal_nordic__nrfx.a(nrfx_clock.c.obj)
 .text.nrfx_clock_init
                0x00000000000030d4       0x20 modules/hal_nordic/nrfx/libmodules__hal_nordic__nrfx.a(nrfx_clock.c.obj)
                0x00000000000030d4                nrfx_clock_init
 .text.nrfx_clock_enable
                0x00000000000030f4       0x24 modules/hal_nordic/nrfx/libmodules__hal_nordic__nrfx.a(nrfx_clock.c.obj)
                0x00000000000030f4                nrfx_clock_enable
 .text.nrfx_clock_start
                0x0000000000003118       0xa8 modules/hal_nordic/nrfx/libmodules__hal_nordic__nrfx.a(nrfx_clock.c.obj)
                0x0000000000003118                nrfx_clock_start
 .text.nrfx_power_clock_irq_handler
                0x00000000000031c0       0x68 modules/hal_nordic/nrfx/libmodules__hal_nordic__nrfx.a(nrfx_clock.c.obj)
                0x00000000000031c0                nrfx_power_clock_irq_handler
 .text.nrf_gpio_pin_port_decode
                0x0000000000003228       0x20 modules/hal_nordic/nrfx/libmodules__hal_nordic__nrfx.a(nrfx_gpiote.c.obj)
 .text.get_pin_idx
                0x0000000000003248       0x14 modules/hal_nordic/nrfx/libmodules__hal_nordic__nrfx.a(nrfx_gpiote.c.obj)
 .text.call_handler.constprop.0
                0x000000000000325c       0x40 modules/hal_nordic/nrfx/libmodules__hal_nordic__nrfx.a(nrfx_gpiote.c.obj)
 .text.pin_te_get.constprop.0
                0x000000000000329c       0x18 modules/hal_nordic/nrfx/libmodules__hal_nordic__nrfx.a(nrfx_gpiote.c.obj)
 .text.pin_is_output.constprop.0
                0x00000000000032b4       0x18 modules/hal_nordic/nrfx/libmodules__hal_nordic__nrfx.a(nrfx_gpiote.c.obj)
 .text.pin_in_use_by_te.constprop.0
                0x00000000000032cc       0x18 modules/hal_nordic/nrfx/libmodules__hal_nordic__nrfx.a(nrfx_gpiote.c.obj)
 .text.latch_pending_read_and_check
                0x00000000000032e4       0x40 modules/hal_nordic/nrfx/libmodules__hal_nordic__nrfx.a(nrfx_gpiote.c.obj)
 .text.release_handler.isra.0
                0x0000000000003324       0x58 modules/hal_nordic/nrfx/libmodules__hal_nordic__nrfx.a(nrfx_gpiote.c.obj)
 .text.__nrfy_internal_gpiote_events_process.constprop.0
                0x000000000000337c       0x5c modules/hal_nordic/nrfx/libmodules__hal_nordic__nrfx.a(nrfx_gpiote.c.obj)
 .text.pin_uninit
                0x00000000000033d8       0x80 modules/hal_nordic/nrfx/libmodules__hal_nordic__nrfx.a(nrfx_gpiote.c.obj)
 .text.nrfx_gpiote_input_configure
                0x0000000000003458      0x174 modules/hal_nordic/nrfx/libmodules__hal_nordic__nrfx.a(nrfx_gpiote.c.obj)
                0x0000000000003458                nrfx_gpiote_input_configure
 .text.nrfx_gpiote_output_configure
                0x00000000000035cc       0xfc modules/hal_nordic/nrfx/libmodules__hal_nordic__nrfx.a(nrfx_gpiote.c.obj)
                0x00000000000035cc                nrfx_gpiote_output_configure
 .text.nrfx_gpiote_global_callback_set
                0x00000000000036c8        0xc modules/hal_nordic/nrfx/libmodules__hal_nordic__nrfx.a(nrfx_gpiote.c.obj)
                0x00000000000036c8                nrfx_gpiote_global_callback_set
 .text.nrfx_gpiote_channel_get
                0x00000000000036d4       0x34 modules/hal_nordic/nrfx/libmodules__hal_nordic__nrfx.a(nrfx_gpiote.c.obj)
                0x00000000000036d4                nrfx_gpiote_channel_get
 .text.nrfx_gpiote_init
                0x0000000000003708       0x68 modules/hal_nordic/nrfx/libmodules__hal_nordic__nrfx.a(nrfx_gpiote.c.obj)
                0x0000000000003708                nrfx_gpiote_init
 .text.nrfx_gpiote_init_check
                0x0000000000003770       0x14 modules/hal_nordic/nrfx/libmodules__hal_nordic__nrfx.a(nrfx_gpiote.c.obj)
                0x0000000000003770                nrfx_gpiote_init_check
 .text.nrfx_gpiote_channel_free
                0x0000000000003784        0xc modules/hal_nordic/nrfx/libmodules__hal_nordic__nrfx.a(nrfx_gpiote.c.obj)
                0x0000000000003784                nrfx_gpiote_channel_free
 .text.nrfx_gpiote_channel_alloc
                0x0000000000003790        0xc modules/hal_nordic/nrfx/libmodules__hal_nordic__nrfx.a(nrfx_gpiote.c.obj)
                0x0000000000003790                nrfx_gpiote_channel_alloc
 .text.nrfx_gpiote_trigger_enable
                0x000000000000379c       0xb0 modules/hal_nordic/nrfx/libmodules__hal_nordic__nrfx.a(nrfx_gpiote.c.obj)
                0x000000000000379c                nrfx_gpiote_trigger_enable
 .text.nrfx_gpiote_0_irq_handler
                0x000000000000384c      0x1bc modules/hal_nordic/nrfx/libmodules__hal_nordic__nrfx.a(nrfx_gpiote.c.obj)
                0x000000000000384c                nrfx_gpiote_0_irq_handler
 .text.nrfx_ppi_channel_alloc
                0x0000000000003a08        0xc modules/hal_nordic/nrfx/libmodules__hal_nordic__nrfx.a(nrfx_ppi.c.obj)
                0x0000000000003a08                nrfx_ppi_channel_alloc
 .text._DoInit  0x0000000000003a14       0x68 modules/segger/libmodules__segger.a(SEGGER_RTT.c.obj)
 .text.z_fatal_error
                0x0000000000003a7c       0x30 zephyr/kernel/libkernel.a(fatal.c.obj)
                0x0000000000003a7c                z_fatal_error
 .text.z_sys_init_run_level
                0x0000000000003aac       0x2c zephyr/kernel/libkernel.a(init.c.obj)
 .text.bg_thread_main
                0x0000000000003ad8       0xc4 zephyr/kernel/libkernel.a(init.c.obj)
 .text.z_bss_zero
                0x0000000000003b9c       0x18 zephyr/kernel/libkernel.a(init.c.obj)
                0x0000000000003b9c                z_bss_zero
 .text.z_init_cpu
                0x0000000000003bb4       0x70 zephyr/kernel/libkernel.a(init.c.obj)
                0x0000000000003bb4                z_init_cpu
 .text.z_cstart
                0x0000000000003c24       0xdc zephyr/kernel/libkernel.a(init.c.obj)
                0x0000000000003c24                z_cstart
 .text.init_mem_slab_obj_core_list
                0x0000000000003d00       0x24 zephyr/kernel/libkernel.a(mem_slab.c.obj)
 .text.k_mem_slab_alloc
                0x0000000000003d24       0x5c zephyr/kernel/libkernel.a(mem_slab.c.obj)
                0x0000000000003d24                k_mem_slab_alloc
 .text.z_impl_k_mutex_lock
                0x0000000000003d80       0xf0 zephyr/kernel/libkernel.a(mutex.c.obj)
                0x0000000000003d80                z_impl_k_mutex_lock
 .text.z_impl_k_mutex_unlock
                0x0000000000003e70       0x78 zephyr/kernel/libkernel.a(mutex.c.obj)
                0x0000000000003e70                z_impl_k_mutex_unlock
 .text.z_impl_k_sem_give
                0x0000000000003ee8       0x48 zephyr/kernel/libkernel.a(sem.c.obj)
                0x0000000000003ee8                z_impl_k_sem_give
 .text.z_impl_k_sem_take
                0x0000000000003f30       0x4c zephyr/kernel/libkernel.a(sem.c.obj)
                0x0000000000003f30                z_impl_k_sem_take
 .text.z_setup_new_thread
                0x0000000000003f7c       0x98 zephyr/kernel/libkernel.a(thread.c.obj)
                0x0000000000003f7c                z_setup_new_thread
 .text.update_cache
                0x0000000000004014       0x3c zephyr/kernel/libkernel.a(sched.c.obj)
 .text.unready_thread
                0x0000000000004050       0x30 zephyr/kernel/libkernel.a(sched.c.obj)
 .text.ready_thread
                0x0000000000004080       0x68 zephyr/kernel/libkernel.a(sched.c.obj)
 .text.z_thread_halt
                0x00000000000040e8       0xdc zephyr/kernel/libkernel.a(sched.c.obj)
 .text.move_thread_to_end_of_prio_q
                0x00000000000041c4       0x74 zephyr/kernel/libkernel.a(sched.c.obj)
                0x00000000000041c4                move_thread_to_end_of_prio_q
 .text.z_pend_curr
                0x0000000000004238       0x58 zephyr/kernel/libkernel.a(sched.c.obj)
                0x0000000000004238                z_pend_curr
 .text.z_thread_prio_set
                0x0000000000004290       0x88 zephyr/kernel/libkernel.a(sched.c.obj)
                0x0000000000004290                z_thread_prio_set
 .text.z_reschedule
                0x0000000000004318       0x24 zephyr/kernel/libkernel.a(sched.c.obj)
                0x0000000000004318                z_reschedule
 .text.z_sched_start
                0x000000000000433c       0x3c zephyr/kernel/libkernel.a(sched.c.obj)
                0x000000000000433c                z_sched_start
 .text.z_reschedule_irqlock
                0x0000000000004378       0x28 zephyr/kernel/libkernel.a(sched.c.obj)
                0x0000000000004378                z_reschedule_irqlock
 .text.k_sched_lock
                0x00000000000043a0       0x28 zephyr/kernel/libkernel.a(sched.c.obj)
                0x00000000000043a0                k_sched_lock
 .text.k_sched_unlock
                0x00000000000043c8       0x40 zephyr/kernel/libkernel.a(sched.c.obj)
                0x00000000000043c8                k_sched_unlock
 .text.z_sched_init
                0x0000000000004408       0x10 zephyr/kernel/libkernel.a(sched.c.obj)
                0x0000000000004408                z_sched_init
 .text.z_impl_k_yield
                0x0000000000004418       0x7c zephyr/kernel/libkernel.a(sched.c.obj)
                0x0000000000004418                z_impl_k_yield
 .text.z_tick_sleep
                0x0000000000004494       0x88 zephyr/kernel/libkernel.a(sched.c.obj)
 .text.z_impl_k_sleep
                0x000000000000451c       0x3c zephyr/kernel/libkernel.a(sched.c.obj)
                0x000000000000451c                z_impl_k_sleep
 .text.z_impl_k_sched_current_thread_query
                0x0000000000004558        0xc zephyr/kernel/libkernel.a(sched.c.obj)
                0x0000000000004558                z_impl_k_sched_current_thread_query
 .text.slice_timeout
                0x0000000000004564       0x20 zephyr/kernel/libkernel.a(timeslicing.c.obj)
 .text.thread_is_sliceable
                0x0000000000004584       0x3c zephyr/kernel/libkernel.a(timeslicing.c.obj)
                0x0000000000004584                thread_is_sliceable
 .text.z_reset_time_slice
                0x00000000000045c0       0x50 zephyr/kernel/libkernel.a(timeslicing.c.obj)
                0x00000000000045c0                z_reset_time_slice
 .text.z_time_slice
                0x0000000000004610       0x60 zephyr/kernel/libkernel.a(timeslicing.c.obj)
                0x0000000000004610                z_time_slice
 .text.z_data_copy
                0x0000000000004670       0x34 zephyr/kernel/libkernel.a(xip.c.obj)
                0x0000000000004670                z_data_copy
 .text.elapsed  0x00000000000046a4       0x14 zephyr/kernel/libkernel.a(timeout.c.obj)
 .text.remove_timeout
                0x00000000000046b8       0x38 zephyr/kernel/libkernel.a(timeout.c.obj)
 .text.next_timeout
                0x00000000000046f0       0x40 zephyr/kernel/libkernel.a(timeout.c.obj)
 .text.z_add_timeout
                0x0000000000004730       0xf4 zephyr/kernel/libkernel.a(timeout.c.obj)
                0x0000000000004730                z_add_timeout
 .text.sys_clock_announce
                0x0000000000004824       0xd0 zephyr/kernel/libkernel.a(timeout.c.obj)
                0x0000000000004824                sys_clock_announce
 .text.sys_clock_tick_get
                0x00000000000048f4       0x30 zephyr/kernel/libkernel.a(timeout.c.obj)
                0x00000000000048f4                sys_clock_tick_get
 .text.z_timer_expiration_handler
                0x0000000000004924       0xe0 zephyr/kernel/libkernel.a(timer.c.obj)
                0x0000000000004924                z_timer_expiration_handler
 .text.z_impl_k_timer_start
                0x0000000000004a04       0x74 zephyr/kernel/libkernel.a(timer.c.obj)
                0x0000000000004a04                z_impl_k_timer_start
 .text.nrf_cc3xx_platform_init_no_rng
                0x0000000000004a78       0x38 /opt/nordic/ncs/v2.8.0/nrfxlib/crypto/nrf_cc310_platform/lib/cortex-m4/soft-float/no-interrupts/libnrf_cc310_platform_0.9.19.a(nrf_cc3xx_platform.c.obj)
                0x0000000000004a78                nrf_cc3xx_platform_init_no_rng
 .text.nrf_cc3xx_platform_abort
                0x0000000000004ab0       0x24 /opt/nordic/ncs/v2.8.0/nrfxlib/crypto/nrf_cc310_platform/lib/cortex-m4/soft-float/no-interrupts/libnrf_cc310_platform_0.9.19.a(nrf_cc3xx_platform_abort.c.obj)
 .text.CC_PalAbort
                0x0000000000004ad4       0x34 /opt/nordic/ncs/v2.8.0/nrfxlib/crypto/nrf_cc310_platform/lib/cortex-m4/soft-float/no-interrupts/libnrf_cc310_platform_0.9.19.a(nrf_cc3xx_platform_abort.c.obj)
                0x0000000000004ad4                CC_PalAbort
 .text.nrf_cc3xx_platform_set_abort
                0x0000000000004b08       0x10 /opt/nordic/ncs/v2.8.0/nrfxlib/crypto/nrf_cc310_platform/lib/cortex-m4/soft-float/no-interrupts/libnrf_cc310_platform_0.9.19.a(nrf_cc3xx_platform_abort.c.obj)
                0x0000000000004b08                nrf_cc3xx_platform_set_abort
 .text.mutex_free
                0x0000000000004b18       0x34 /opt/nordic/ncs/v2.8.0/nrfxlib/crypto/nrf_cc310_platform/lib/cortex-m4/soft-float/no-interrupts/libnrf_cc310_platform_0.9.19.a(nrf_cc3xx_platform_mutex.c.obj)
 .text.mutex_lock
                0x0000000000004b4c       0x48 /opt/nordic/ncs/v2.8.0/nrfxlib/crypto/nrf_cc310_platform/lib/cortex-m4/soft-float/no-interrupts/libnrf_cc310_platform_0.9.19.a(nrf_cc3xx_platform_mutex.c.obj)
 .text.mutex_unlock
                0x0000000000004b94       0x38 /opt/nordic/ncs/v2.8.0/nrfxlib/crypto/nrf_cc310_platform/lib/cortex-m4/soft-float/no-interrupts/libnrf_cc310_platform_0.9.19.a(nrf_cc3xx_platform_mutex.c.obj)
 .text.mutex_init
                0x0000000000004bcc       0x20 /opt/nordic/ncs/v2.8.0/nrfxlib/crypto/nrf_cc310_platform/lib/cortex-m4/soft-float/no-interrupts/libnrf_cc310_platform_0.9.19.a(nrf_cc3xx_platform_mutex.c.obj)
 .text.nrf_cc3xx_platform_set_mutexes
                0x0000000000004bec       0x74 /opt/nordic/ncs/v2.8.0/nrfxlib/crypto/nrf_cc310_platform/lib/cortex-m4/soft-float/no-interrupts/libnrf_cc310_platform_0.9.19.a(nrf_cc3xx_platform_mutex.c.obj)
                0x0000000000004bec                nrf_cc3xx_platform_set_mutexes
 .text.CC_LibInitNoRng
                0x0000000000004c60       0x64 /opt/nordic/ncs/v2.8.0/nrfxlib/crypto/nrf_cc310_platform/lib/cortex-m4/soft-float/no-interrupts/libnrf_cc310_platform_0.9.19.a(cc_lib.c.obj)
                0x0000000000004c60                CC_LibInitNoRng
 .text.CC_HalInit
                0x0000000000004cc4        0x4 /opt/nordic/ncs/v2.8.0/nrfxlib/crypto/nrf_cc310_platform/lib/cortex-m4/soft-float/no-interrupts/libnrf_cc310_platform_0.9.19.a(cc_hal.c.obj)
                0x0000000000004cc4                CC_HalInit
 .text.CC_HalTerminate
                0x0000000000004cc8        0x4 /opt/nordic/ncs/v2.8.0/nrfxlib/crypto/nrf_cc310_platform/lib/cortex-m4/soft-float/no-interrupts/libnrf_cc310_platform_0.9.19.a(cc_hal.c.obj)
                0x0000000000004cc8                CC_HalTerminate
 .text.CC_HalMaskInterrupt
                0x0000000000004ccc        0xc /opt/nordic/ncs/v2.8.0/nrfxlib/crypto/nrf_cc310_platform/lib/cortex-m4/soft-float/no-interrupts/libnrf_cc310_platform_0.9.19.a(cc_hal.c.obj)
                0x0000000000004ccc                CC_HalMaskInterrupt
 .text.CC_PalInit
                0x0000000000004cd8       0x5c /opt/nordic/ncs/v2.8.0/nrfxlib/crypto/nrf_cc310_platform/lib/cortex-m4/soft-float/no-interrupts/libnrf_cc310_platform_0.9.19.a(cc_pal.c.obj)
                0x0000000000004cd8                CC_PalInit
 .text.CC_PalTerminate
                0x0000000000004d34       0x34 /opt/nordic/ncs/v2.8.0/nrfxlib/crypto/nrf_cc310_platform/lib/cortex-m4/soft-float/no-interrupts/libnrf_cc310_platform_0.9.19.a(cc_pal.c.obj)
                0x0000000000004d34                CC_PalTerminate
 .text.CC_PalDmaInit
                0x0000000000004d68        0x4 /opt/nordic/ncs/v2.8.0/nrfxlib/crypto/nrf_cc310_platform/lib/cortex-m4/soft-float/no-interrupts/libnrf_cc310_platform_0.9.19.a(cc_pal_dma.c.obj)
                0x0000000000004d68                CC_PalDmaInit
 .text.CC_PalDmaTerminate
                0x0000000000004d6c        0x4 /opt/nordic/ncs/v2.8.0/nrfxlib/crypto/nrf_cc310_platform/lib/cortex-m4/soft-float/no-interrupts/libnrf_cc310_platform_0.9.19.a(cc_pal_dma.c.obj)
                0x0000000000004d6c                CC_PalDmaTerminate
 .text.CC_PalMutexCreate
                0x0000000000004d70       0x14 /opt/nordic/ncs/v2.8.0/nrfxlib/crypto/nrf_cc310_platform/lib/cortex-m4/soft-float/no-interrupts/libnrf_cc310_platform_0.9.19.a(cc_pal_mutex.c.obj)
                0x0000000000004d70                CC_PalMutexCreate
 .text.CC_PalMutexDestroy
                0x0000000000004d84       0x14 /opt/nordic/ncs/v2.8.0/nrfxlib/crypto/nrf_cc310_platform/lib/cortex-m4/soft-float/no-interrupts/libnrf_cc310_platform_0.9.19.a(cc_pal_mutex.c.obj)
                0x0000000000004d84                CC_PalMutexDestroy
 .text.CC_PalPowerSaveModeInit
                0x0000000000004d98       0x3c /opt/nordic/ncs/v2.8.0/nrfxlib/crypto/nrf_cc310_platform/lib/cortex-m4/soft-float/no-interrupts/libnrf_cc310_platform_0.9.19.a(cc_pal_pm.c.obj)
                0x0000000000004d98                CC_PalPowerSaveModeInit
 .text.CC_PalPowerSaveModeSelect
                0x0000000000004dd4       0x84 /opt/nordic/ncs/v2.8.0/nrfxlib/crypto/nrf_cc310_platform/lib/cortex-m4/soft-float/no-interrupts/libnrf_cc310_platform_0.9.19.a(cc_pal_pm.c.obj)
                0x0000000000004dd4                CC_PalPowerSaveModeSelect
 .text.__l_vfprintf
                0x0000000000004e58      0x4b8 /opt/nordic/ncs/toolchains/15b490767d/opt/zephyr-sdk/arm-zephyr-eabi/bin/../lib/gcc/../../picolibc/arm-zephyr-eabi/lib/thumb/v7e-m/nofp/libc.a(libc_tinystdio_vflprintf.c.o)
                0x0000000000004e58                __l_vfprintf
 .text._OffsetAbsSyms
                0x0000000000005310        0x2 zephyr/CMakeFiles/offsets.dir/./arch/arm/core/offsets/offsets.c.obj
                0x0000000000005310                _OffsetAbsSyms
 .text.chunk_field
                0x0000000000005312       0x16 zephyr/libzephyr.a(heap.c.obj)
 .text.chunk_set
                0x0000000000005328       0x16 zephyr/libzephyr.a(heap.c.obj)
 .text.chunk_size
                0x000000000000533e        0xc zephyr/libzephyr.a(heap.c.obj)
 .text.set_chunk_used
                0x000000000000534a       0x30 zephyr/libzephyr.a(heap.c.obj)
 .text.set_chunk_size
                0x000000000000537a        0x8 zephyr/libzephyr.a(heap.c.obj)
 .text.bucket_idx.isra.0
                0x0000000000005382       0x1c zephyr/libzephyr.a(heap.c.obj)
 .text.free_list_add
                0x000000000000539e       0x84 zephyr/libzephyr.a(heap.c.obj)
 .text.sys_heap_init
                0x0000000000005422       0xb0 zephyr/libzephyr.a(heap.c.obj)
                0x0000000000005422                sys_heap_init
 .text.arch_printk_char_out
                0x00000000000054d2        0x4 zephyr/libzephyr.a(printk.c.obj)
                0x00000000000054d2                arch_printk_char_out
 .text.printk   0x00000000000054d6       0x1a zephyr/libzephyr.a(printk.c.obj)
                0x00000000000054d6                printk
 .text.process_recheck
                0x00000000000054f0       0x38 zephyr/libzephyr.a(onoff.c.obj)
 .text.validate_args
                0x0000000000005528       0x20 zephyr/libzephyr.a(onoff.c.obj)
 .text.notify_one
                0x0000000000005548       0x2c zephyr/libzephyr.a(onoff.c.obj)
 .text.transition_complete
                0x0000000000005574       0x1a zephyr/libzephyr.a(onoff.c.obj)
 .text.onoff_manager_init
                0x000000000000558e       0x26 zephyr/libzephyr.a(onoff.c.obj)
                0x000000000000558e                onoff_manager_init
 .text.onoff_request
                0x00000000000055b4       0xae zephyr/libzephyr.a(onoff.c.obj)
                0x00000000000055b4                onoff_request
 .text.sys_notify_validate
                0x0000000000005662       0x22 zephyr/libzephyr.a(notify.c.obj)
                0x0000000000005662                sys_notify_validate
 .text.sys_notify_finalize
                0x0000000000005684       0x1a zephyr/libzephyr.a(notify.c.obj)
                0x0000000000005684                sys_notify_finalize
 .text._ConfigAbsSyms
                0x000000000000569e        0x2 zephyr/libzephyr.a(configs.c.obj)
                0x000000000000569e                _ConfigAbsSyms
 .text.abort_function
                0x00000000000056a0        0x2 zephyr/libzephyr.a(nrf_cc3xx_platform_abort_zephyr.c.obj)
 .text.z_arm_fatal_error
                0x00000000000056a2        0xc zephyr/arch/arch/arm/core/libarch__arm__core.a(fatal.c.obj)
                0x00000000000056a2                z_arm_fatal_error
 .text.z_do_kernel_oops
                0x00000000000056ae        0x8 zephyr/arch/arch/arm/core/libarch__arm__core.a(fatal.c.obj)
                0x00000000000056ae                z_do_kernel_oops
 .text.z_arm_nmi
                0x00000000000056b6        0xe zephyr/arch/arch/arm/core/libarch__arm__core.a(nmi.c.obj)
                0x00000000000056b6                z_arm_nmi
 .text.z_irq_spurious
                0x00000000000056c4        0x8 zephyr/arch/arch/arm/core/cortex_m/libarch__arm__core__cortex_m.a(irq_manage.c.obj)
                0x00000000000056c4                z_irq_spurious
 .text.arch_irq_unlock_outlined
                0x00000000000056cc        0xe zephyr/arch/arch/arm/core/cortex_m/libarch__arm__core__cortex_m.a(thread.c.obj)
                0x00000000000056cc                arch_irq_unlock_outlined
 .text.arch_cpu_idle
                0x00000000000056da       0x1a zephyr/arch/arch/arm/core/cortex_m/libarch__arm__core__cortex_m.a(cpu_idle.c.obj)
                0x00000000000056da                arch_cpu_idle
 .text.arch_cpu_atomic_idle
                0x00000000000056f4       0x1e zephyr/arch/arch/arm/core/cortex_m/libarch__arm__core__cortex_m.a(cpu_idle.c.obj)
                0x00000000000056f4                arch_cpu_atomic_idle
 .text.size_to_mpu_rasr_size
                0x0000000000005712       0x20 zephyr/arch/arch/arm/core/mpu/libarch__arm__core__mpu.a(arm_mpu.c.obj)
 .text.picolibc_put
                0x0000000000005732        0xa zephyr/lib/libc/picolibc/liblib__libc__picolibc.a(libc-hooks.c.obj)
 .text.adc_context_on_timer_expired
                0x000000000000573c       0x2e zephyr/drivers/adc/libdrivers__adc.a(adc_nrfx_saadc.c.obj)
 .text.get_status
                0x000000000000576a       0x12 zephyr/drivers/clock_control/libdrivers__clock_control.a(clock_control_nrf.c.obj)
 .text.stop     0x000000000000577c       0x52 zephyr/drivers/clock_control/libdrivers__clock_control.a(clock_control_nrf.c.obj)
 .text.api_stop
                0x00000000000057ce        0x6 zephyr/drivers/clock_control/libdrivers__clock_control.a(clock_control_nrf.c.obj)
 .text.async_start
                0x00000000000057d4       0x5c zephyr/drivers/clock_control/libdrivers__clock_control.a(clock_control_nrf.c.obj)
 .text.api_start
                0x0000000000005830        0xe zephyr/drivers/clock_control/libdrivers__clock_control.a(clock_control_nrf.c.obj)
 .text.onoff_started_callback
                0x000000000000583e       0x12 zephyr/drivers/clock_control/libdrivers__clock_control.a(clock_control_nrf.c.obj)
 .text.lfclk_start
                0x0000000000005850        0x6 zephyr/drivers/clock_control/libdrivers__clock_control.a(clock_control_nrf.c.obj)
 .text.lfclk_stop
                0x0000000000005856        0x6 zephyr/drivers/clock_control/libdrivers__clock_control.a(clock_control_nrf.c.obj)
 .text.blocking_start_callback
                0x000000000000585c        0x6 zephyr/drivers/clock_control/libdrivers__clock_control.a(clock_control_nrf.c.obj)
 .text.gpio_nrfx_port_get_raw
                0x0000000000005862        0xe zephyr/drivers/gpio/libdrivers__gpio.a(gpio_nrfx.c.obj)
 .text.gpio_nrfx_port_set_masked_raw
                0x0000000000005870       0x18 zephyr/drivers/gpio/libdrivers__gpio.a(gpio_nrfx.c.obj)
 .text.gpio_nrfx_port_set_bits_raw
                0x0000000000005888        0xc zephyr/drivers/gpio/libdrivers__gpio.a(gpio_nrfx.c.obj)
 .text.gpio_nrfx_port_clear_bits_raw
                0x0000000000005894        0xc zephyr/drivers/gpio/libdrivers__gpio.a(gpio_nrfx.c.obj)
 .text.gpio_nrfx_port_toggle_bits
                0x00000000000058a0       0x1a zephyr/drivers/gpio/libdrivers__gpio.a(gpio_nrfx.c.obj)
 .text.gpio_nrfx_manage_callback
                0x00000000000058ba       0x52 zephyr/drivers/gpio/libdrivers__gpio.a(gpio_nrfx.c.obj)
 .text.pinctrl_lookup_state
                0x000000000000590c       0x26 zephyr/drivers/pinctrl/libdrivers__pinctrl.a(common.c.obj)
                0x000000000000590c                pinctrl_lookup_state
 .text.uarte_nrfx_err_check
                0x0000000000005932        0xe zephyr/drivers/serial/libdrivers__serial.a(uart_nrfx_uarte.c.obj)
 .text.uarte_nrfx_poll_in
                0x0000000000005940       0x26 zephyr/drivers/serial/libdrivers__serial.a(uart_nrfx_uarte.c.obj)
 .text.is_tx_ready.isra.0
                0x0000000000005966       0x20 zephyr/drivers/serial/libdrivers__serial.a(uart_nrfx_uarte.c.obj)
 .text.uarte_nrfx_isr_int
                0x0000000000005986       0x42 zephyr/drivers/serial/libdrivers__serial.a(uart_nrfx_uarte.c.obj)
 .text.event_clear
                0x00000000000059c8       0x18 zephyr/drivers/timer/libdrivers__timer.a(nrf_rtc_timer.c.obj)
 .text.hw_cc3xx_init_internal
                0x00000000000059e0        0x4 modules/nrf/drivers/hw_cc3xx/lib..__nrf__drivers__hw_cc3xx.a(hw_cc3xx.c.obj)
 .text.hw_cc3xx_init
                0x00000000000059e4       0x12 modules/nrf/drivers/hw_cc3xx/lib..__nrf__drivers__hw_cc3xx.a(hw_cc3xx.c.obj)
 .text.nrfx_isr
                0x00000000000059f6        0x2 modules/hal_nordic/nrfx/libmodules__hal_nordic__nrfx.a(nrfx_glue.c.obj)
                0x00000000000059f6                nrfx_isr
 .text.nrfx_busy_wait
                0x00000000000059f8        0x4 modules/hal_nordic/nrfx/libmodules__hal_nordic__nrfx.a(nrfx_glue.c.obj)
                0x00000000000059f8                nrfx_busy_wait
 .text.nrfx_gppi_channel_endpoints_setup
                0x00000000000059fc       0x14 modules/hal_nordic/nrfx/libmodules__hal_nordic__nrfx.a(nrfx_gppi_ppi.c.obj)
                0x00000000000059fc                nrfx_gppi_channel_endpoints_setup
 .text.nrfx_gppi_channel_alloc
                0x0000000000005a10        0x4 modules/hal_nordic/nrfx/libmodules__hal_nordic__nrfx.a(nrfx_gppi_ppi.c.obj)
                0x0000000000005a10                nrfx_gppi_channel_alloc
 .text.nrfx_clock_stop
                0x0000000000005a14        0x4 modules/hal_nordic/nrfx/libmodules__hal_nordic__nrfx.a(nrfx_clock.c.obj)
                0x0000000000005a14                nrfx_clock_stop
 .text.nrf_gpio_reconfigure
                0x0000000000005a18       0x92 modules/hal_nordic/nrfx/libmodules__hal_nordic__nrfx.a(nrfx_gpiote.c.obj)
 .text.nrf_gpio_cfg_sense_set
                0x0000000000005aaa       0x1e modules/hal_nordic/nrfx/libmodules__hal_nordic__nrfx.a(nrfx_gpiote.c.obj)
 .text.pin_trigger_disable
                0x0000000000005ac8       0x48 modules/hal_nordic/nrfx/libmodules__hal_nordic__nrfx.a(nrfx_gpiote.c.obj)
 .text.nrfx_gpiote_pin_uninit
                0x0000000000005b10        0x4 modules/hal_nordic/nrfx/libmodules__hal_nordic__nrfx.a(nrfx_gpiote.c.obj)
                0x0000000000005b10                nrfx_gpiote_pin_uninit
 .text.nrfx_gpiote_trigger_disable
                0x0000000000005b14        0x4 modules/hal_nordic/nrfx/libmodules__hal_nordic__nrfx.a(nrfx_gpiote.c.obj)
                0x0000000000005b14                nrfx_gpiote_trigger_disable
 .text.SEGGER_RTT_Init
                0x0000000000005b18        0x4 modules/segger/libmodules__segger.a(SEGGER_RTT.c.obj)
                0x0000000000005b18                SEGGER_RTT_Init
 .text.rtt_init
                0x0000000000005b1c        0xa modules/segger/libmodules__segger.a(SEGGER_RTT_zephyr.c.obj)
 .text.z_impl_k_busy_wait
                0x0000000000005b26        0x8 zephyr/kernel/libkernel.a(busy_wait.c.obj)
                0x0000000000005b26                z_impl_k_busy_wait
 .text.z_device_state_init
                0x0000000000005b2e        0x2 zephyr/kernel/libkernel.a(device.c.obj)
                0x0000000000005b2e                z_device_state_init
 .text.z_impl_device_is_ready
                0x0000000000005b30       0x16 zephyr/kernel/libkernel.a(device.c.obj)
                0x0000000000005b30                z_impl_device_is_ready
 .text.arch_system_halt
                0x0000000000005b46       0x10 zephyr/kernel/libkernel.a(fatal.c.obj)
                0x0000000000005b46                arch_system_halt
 .text.k_sys_fatal_error_handler
                0x0000000000005b56        0x6 zephyr/kernel/libkernel.a(fatal.c.obj)
                0x0000000000005b56                k_sys_fatal_error_handler
 .text.do_device_init
                0x0000000000005b5c       0x30 zephyr/kernel/libkernel.a(init.c.obj)
 .text.z_early_memset
                0x0000000000005b8c        0x4 zephyr/kernel/libkernel.a(init.c.obj)
                0x0000000000005b8c                z_early_memset
 .text.z_early_memcpy
                0x0000000000005b90        0x4 zephyr/kernel/libkernel.a(init.c.obj)
                0x0000000000005b90                z_early_memcpy
 .text.z_init_static
                0x0000000000005b94        0x2 zephyr/kernel/libkernel.a(init_static.c.obj)
                0x0000000000005b94                z_init_static
 .text.create_free_list
                0x0000000000005b96       0x34 zephyr/kernel/libkernel.a(mem_slab.c.obj)
 .text.k_mem_slab_init
                0x0000000000005bca       0x1c zephyr/kernel/libkernel.a(mem_slab.c.obj)
                0x0000000000005bca                k_mem_slab_init
 .text.k_mem_slab_free
                0x0000000000005be6       0x4a zephyr/kernel/libkernel.a(mem_slab.c.obj)
                0x0000000000005be6                k_mem_slab_free
 .text.idle     0x0000000000005c30       0x16 zephyr/kernel/libkernel.a(idle.c.obj)
                0x0000000000005c30                idle
 .text.adjust_owner_prio.isra.0
                0x0000000000005c46       0x10 zephyr/kernel/libkernel.a(mutex.c.obj)
 .text.z_impl_k_mutex_init
                0x0000000000005c56        0xe zephyr/kernel/libkernel.a(mutex.c.obj)
                0x0000000000005c56                z_impl_k_mutex_init
 .text.k_is_in_isr
                0x0000000000005c64        0xc zephyr/kernel/libkernel.a(thread.c.obj)
                0x0000000000005c64                k_is_in_isr
 .text.z_impl_k_thread_start
                0x0000000000005c70        0x4 zephyr/kernel/libkernel.a(thread.c.obj)
                0x0000000000005c70                z_impl_k_thread_start
 .text.sys_dlist_remove
                0x0000000000005c74       0x10 zephyr/kernel/libkernel.a(sched.c.obj)
 .text.unpend_thread_no_timeout
                0x0000000000005c84       0x14 zephyr/kernel/libkernel.a(sched.c.obj)
 .text.add_to_waitq_locked
                0x0000000000005c98       0x50 zephyr/kernel/libkernel.a(sched.c.obj)
 .text.z_ready_thread
                0x0000000000005ce8       0x1e zephyr/kernel/libkernel.a(sched.c.obj)
                0x0000000000005ce8                z_ready_thread
 .text.z_impl_k_thread_suspend
                0x0000000000005d06       0x34 zephyr/kernel/libkernel.a(sched.c.obj)
                0x0000000000005d06                z_impl_k_thread_suspend
 .text.z_unpend_thread_no_timeout
                0x0000000000005d3a       0x22 zephyr/kernel/libkernel.a(sched.c.obj)
                0x0000000000005d3a                z_unpend_thread_no_timeout
 .text.z_sched_wake_thread
                0x0000000000005d5c       0x42 zephyr/kernel/libkernel.a(sched.c.obj)
                0x0000000000005d5c                z_sched_wake_thread
 .text.z_thread_timeout
                0x0000000000005d9e        0x8 zephyr/kernel/libkernel.a(sched.c.obj)
                0x0000000000005d9e                z_thread_timeout
 .text.z_unpend1_no_timeout
                0x0000000000005da6       0x2c zephyr/kernel/libkernel.a(sched.c.obj)
                0x0000000000005da6                z_unpend1_no_timeout
 .text.z_unpend_first_thread
                0x0000000000005dd2       0x36 zephyr/kernel/libkernel.a(sched.c.obj)
                0x0000000000005dd2                z_unpend_first_thread
 .text.z_thread_abort
                0x0000000000005e08       0x44 zephyr/kernel/libkernel.a(sched.c.obj)
                0x0000000000005e08                z_thread_abort
 .text.z_abort_timeout
                0x0000000000005e4c       0x2a zephyr/kernel/libkernel.a(timeout.c.obj)
                0x0000000000005e4c                z_abort_timeout
 .text.sys_clock_tick_get_32
                0x0000000000005e76        0x8 zephyr/kernel/libkernel.a(timeout.c.obj)
                0x0000000000005e76                sys_clock_tick_get_32
 .text.z_impl_k_uptime_ticks
                0x0000000000005e7e        0x4 zephyr/kernel/libkernel.a(timeout.c.obj)
                0x0000000000005e7e                z_impl_k_uptime_ticks
 .text.z_impl_k_timer_stop
                0x0000000000005e82       0x38 zephyr/kernel/libkernel.a(timer.c.obj)
                0x0000000000005e82                z_impl_k_timer_stop
 .text.memcpy   0x0000000000005eba       0x1c /opt/nordic/ncs/toolchains/15b490767d/opt/zephyr-sdk/arm-zephyr-eabi/bin/../lib/gcc/../../picolibc/arm-zephyr-eabi/lib/thumb/v7e-m/nofp/libc.a(memcpy.c.o)
                0x0000000000005eba                memcpy
                0x0000000000005eba                __aeabi_memcpy
                0x0000000000005eba                __aeabi_memcpy4
                0x0000000000005eba                __aeabi_memcpy8
 .text.memset   0x0000000000005ed6       0x10 /opt/nordic/ncs/toolchains/15b490767d/opt/zephyr-sdk/arm-zephyr-eabi/bin/../lib/gcc/../../picolibc/arm-zephyr-eabi/lib/thumb/v7e-m/nofp/libc.a(memset.c.o)
                0x0000000000005ed6                memset
 .text.strnlen  0x0000000000005ee6       0x18 /opt/nordic/ncs/toolchains/15b490767d/opt/zephyr-sdk/arm-zephyr-eabi/bin/../lib/gcc/../../picolibc/arm-zephyr-eabi/lib/thumb/v7e-m/nofp/libc.a(libc_string_strnlen.c.o)
                0x0000000000005ee6                strnlen
 .text.__ultoa_invert
                0x0000000000005efe       0xae /opt/nordic/ncs/toolchains/15b490767d/opt/zephyr-sdk/arm-zephyr-eabi/bin/../lib/gcc/../../picolibc/arm-zephyr-eabi/lib/thumb/v7e-m/nofp/libc.a(libc_tinystdio_vflprintf.c.o)
 *(SORT_BY_ALIGNMENT(.TEXT.*))
 .TEXT.__aeabi_read_tp
                0x0000000000005fac        0xc zephyr/arch/arch/arm/core/cortex_m/libarch__arm__core__cortex_m.a(__aeabi_read_tp.S.obj)
                0x0000000000005fac                __aeabi_read_tp
 *(SORT_BY_ALIGNMENT(.gnu.linkonce.t.*))
 *(SORT_BY_ALIGNMENT(.glue_7t))
 .glue_7t       0x0000000000005fb8        0x0 linker stubs
 *(SORT_BY_ALIGNMENT(.glue_7))
 .glue_7        0x0000000000005fb8        0x0 linker stubs
 *(SORT_BY_ALIGNMENT(.vfp11_veneer))
 .vfp11_veneer  0x0000000000005fb8        0x0 linker stubs
 *(SORT_BY_ALIGNMENT(.v4_bx))
 .v4_bx         0x0000000000005fb8        0x0 linker stubs
                0x0000000000005fb8                . = ALIGN (0x4)
                0x0000000000005fb8                __text_region_end = .

.ARM.exidx      0x0000000000005fb8        0x8
                0x0000000000005fb8                __exidx_start = .
 *(SORT_BY_ALIGNMENT(.ARM.exidx*) SORT_BY_ALIGNMENT(gnu.linkonce.armexidx.*))
 .ARM.exidx     0x0000000000005fb8        0x8 /opt/nordic/ncs/toolchains/15b490767d/opt/zephyr-sdk/arm-zephyr-eabi/bin/../lib/gcc/arm-zephyr-eabi/12.2.0/thumb/v7e-m/nofp/libgcc.a(_udivmoddi4.o)
                0x0000000000005fc0                __exidx_end = .
                0x0000000000005fc0                __rodata_region_start = .

initlevel       0x0000000000005fc0       0x68
                0x0000000000005fc0                __init_start = .
                0x0000000000005fc0                __init_EARLY_start = .
 *(SORT_BY_NAME(SORT_BY_ALIGNMENT(.z_init_EARLY?_*)))
 *(SORT_BY_NAME(SORT_BY_ALIGNMENT(.z_init_EARLY??_*)))
                0x0000000000005fc0                __init_PRE_KERNEL_1_start = .
 *(SORT_BY_NAME(SORT_BY_ALIGNMENT(.z_init_PRE_KERNEL_1?_*)))
 .z_init_PRE_KERNEL_10_0_
                0x0000000000005fc0        0x8 zephyr/soc/soc/nrf52840/libsoc__nordic.a(soc.c.obj)
 *(SORT_BY_NAME(SORT_BY_ALIGNMENT(.z_init_PRE_KERNEL_1??_*)))
 .z_init_PRE_KERNEL_130_00076_
                0x0000000000005fc8        0x8 zephyr/drivers/clock_control/libdrivers__clock_control.a(clock_control_nrf.c.obj)
 .z_init_PRE_KERNEL_130_0_
                0x0000000000005fd0        0x8 modules/segger/libmodules__segger.a(SEGGER_RTT_zephyr.c.obj)
 .z_init_PRE_KERNEL_130_0_
                0x0000000000005fd8        0x8 zephyr/kernel/libkernel.a(mem_slab.c.obj)
 .z_init_PRE_KERNEL_140_00013_
                0x0000000000005fe0        0x8 zephyr/drivers/gpio/libdrivers__gpio.a(gpio_nrfx.c.obj)
 .z_init_PRE_KERNEL_140_00106_
                0x0000000000005fe8        0x8 zephyr/drivers/gpio/libdrivers__gpio.a(gpio_nrfx.c.obj)
 .z_init_PRE_KERNEL_140_0_
                0x0000000000005ff0        0x8 modules/nrf/drivers/hw_cc3xx/lib..__nrf__drivers__hw_cc3xx.a(hw_cc3xx.c.obj)
 .z_init_PRE_KERNEL_150_00114_
                0x0000000000005ff8        0x8 zephyr/drivers/serial/libdrivers__serial.a(uart_nrfx_uarte.c.obj)
 .z_init_PRE_KERNEL_160_0_
                0x0000000000006000        0x8 zephyr/drivers/console/libdrivers__console.a(uart_console.c.obj)
                0x0000000000006008                __init_PRE_KERNEL_2_start = .
 *(SORT_BY_NAME(SORT_BY_ALIGNMENT(.z_init_PRE_KERNEL_2?_*)))
 .z_init_PRE_KERNEL_20_0_
                0x0000000000006008        0x8 zephyr/drivers/timer/libdrivers__timer.a(nrf_rtc_timer.c.obj)
 *(SORT_BY_NAME(SORT_BY_ALIGNMENT(.z_init_PRE_KERNEL_2??_*)))
                0x0000000000006010                __init_POST_KERNEL_start = .
 *(SORT_BY_NAME(SORT_BY_ALIGNMENT(.z_init_POST_KERNEL?_*)))
 *(SORT_BY_NAME(SORT_BY_ALIGNMENT(.z_init_POST_KERNEL??_*)))
 .z_init_POST_KERNEL35_0_
                0x0000000000006010        0x8 zephyr/lib/libc/common/liblib__libc__common.a(malloc.c.obj)
 .z_init_POST_KERNEL40_0_
                0x0000000000006018        0x8 modules/nrf/drivers/hw_cc3xx/lib..__nrf__drivers__hw_cc3xx.a(hw_cc3xx.c.obj)
 .z_init_POST_KERNEL50_00010_
                0x0000000000006020        0x8 zephyr/drivers/adc/libdrivers__adc.a(adc_nrfx_saadc.c.obj)
                0x0000000000006028                __init_APPLICATION_start = .
 *(SORT_BY_NAME(SORT_BY_ALIGNMENT(.z_init_APPLICATION?_*)))
 *(SORT_BY_NAME(SORT_BY_ALIGNMENT(.z_init_APPLICATION??_*)))
                0x0000000000006028                __init_SMP_start = .
 *(SORT_BY_NAME(SORT_BY_ALIGNMENT(.z_init_SMP?_*)))
 *(SORT_BY_NAME(SORT_BY_ALIGNMENT(.z_init_SMP??_*)))
                0x0000000000006028                __init_end = .
                0x0000000000006028                __deferred_init_list_start = .
 *(SORT_BY_ALIGNMENT(.z_deferred_init*))
                0x0000000000006028                __deferred_init_list_end = .

device_area     0x0000000000006028       0x64
                0x0000000000006028                _device_list_start = .
 *(SORT_BY_NAME(SORT_BY_ALIGNMENT(._device.static.*_?_*)))
 *(SORT_BY_NAME(SORT_BY_ALIGNMENT(._device.static.*_??_*)))
 ._device.static.1_30_
                0x0000000000006028       0x14 zephyr/drivers/clock_control/libdrivers__clock_control.a(clock_control_nrf.c.obj)
                0x0000000000006028                __device_dts_ord_76
 ._device.static.1_40_
                0x000000000000603c       0x28 zephyr/drivers/gpio/libdrivers__gpio.a(gpio_nrfx.c.obj)
                0x000000000000603c                __device_dts_ord_106
                0x0000000000006050                __device_dts_ord_13
 ._device.static.1_50_
                0x0000000000006064       0x14 zephyr/drivers/serial/libdrivers__serial.a(uart_nrfx_uarte.c.obj)
                0x0000000000006064                __device_dts_ord_114
 ._device.static.3_50_
                0x0000000000006078       0x14 zephyr/drivers/adc/libdrivers__adc.a(adc_nrfx_saadc.c.obj)
                0x0000000000006078                __device_dts_ord_10
                0x000000000000608c                _device_list_end = .

sw_isr_table    0x000000000000608c      0x180
                0x000000000000608c                . = ALIGN (0x4)
 *(SORT_BY_ALIGNMENT(.gnu.linkonce.sw_isr_table*))
 .gnu.linkonce.sw_isr_table
                0x000000000000608c      0x180 zephyr/arch/common/libisr_tables.a(isr_tables.c.obj)
                0x000000000000608c                _sw_isr_table

initlevel_error
                0x0000000000005fc0        0x0
 *(SORT_BY_NAME(SORT_BY_ALIGNMENT(.z_init_[_A-Z0-9]*)))
                0x0000000000000001                ASSERT ((SIZEOF (initlevel_error) == 0x0), Undefined initialization levels used.)

app_shmem_regions
                0x000000000000620c        0x0
                0x000000000000620c                __app_shmem_regions_start = .
 *(SORT_BY_NAME(SORT_BY_ALIGNMENT(.app_regions.*)))
                0x000000000000620c                __app_shmem_regions_end = .

k_p4wq_initparam_area
                0x000000000000620c        0x0
                0x000000000000620c                _k_p4wq_initparam_list_start = .
 *(SORT_BY_NAME(SORT_BY_ALIGNMENT(._k_p4wq_initparam.static.*)))
                0x000000000000620c                _k_p4wq_initparam_list_end = .

_static_thread_data_area
                0x000000000000620c        0x0
                0x000000000000620c                __static_thread_data_list_start = .
 *(SORT_BY_NAME(SORT_BY_ALIGNMENT(.__static_thread_data.static.*)))
                0x000000000000620c                __static_thread_data_list_end = .

device_deps     0x000000000000620c        0x0
                0x000000000000620c                __device_deps_start = .
 *(SORT_BY_NAME(SORT_BY_ALIGNMENT(.__device_deps_pass2*)))
                0x000000000000620c                __device_deps_end = .

ztest           0x000000000000620c        0x0
                0x000000000000620c                _ztest_expected_result_entry_list_start = .
 *(SORT_BY_NAME(SORT_BY_ALIGNMENT(._ztest_expected_result_entry.static.*)))
                0x000000000000620c                _ztest_expected_result_entry_list_end = .
                0x000000000000620c                _ztest_suite_node_list_start = .
 *(SORT_BY_NAME(SORT_BY_ALIGNMENT(._ztest_suite_node.static.*)))
                0x000000000000620c                _ztest_suite_node_list_end = .
                0x000000000000620c                _ztest_unit_test_list_start = .
 *(SORT_BY_NAME(SORT_BY_ALIGNMENT(._ztest_unit_test.static.*)))
                0x000000000000620c                _ztest_unit_test_list_end = .
                0x000000000000620c                _ztest_test_rule_list_start = .
 *(SORT_BY_NAME(SORT_BY_ALIGNMENT(._ztest_test_rule.static.*)))
                0x000000000000620c                _ztest_test_rule_list_end = .

init_array      0x000000000000620c        0x0
 *(SORT_BY_NAME(SORT_BY_ALIGNMENT(.ctors*)))
 *(SORT_BY_NAME(SORT_BY_ALIGNMENT(.init_array*)))
                0x0000000000000001                ASSERT ((SIZEOF (init_array) == 0x0), GNU-style constructors required but STATIC_INIT_GNU not enabled)

bt_l2cap_fixed_chan_area
                0x000000000000620c        0x0
                0x000000000000620c                _bt_l2cap_fixed_chan_list_start = .
 *(SORT_BY_NAME(SORT_BY_ALIGNMENT(._bt_l2cap_fixed_chan.static.*)))
                0x000000000000620c                _bt_l2cap_fixed_chan_list_end = .

bt_gatt_service_static_area
                0x000000000000620c        0x0
                0x000000000000620c                _bt_gatt_service_static_list_start = .
 *(SORT_BY_NAME(SORT_BY_ALIGNMENT(._bt_gatt_service_static.static.*)))
                0x000000000000620c                _bt_gatt_service_static_list_end = .

log_strings_area
                0x000000000000620c        0x0
                0x000000000000620c                _log_strings_list_start = .
 *(SORT_BY_NAME(SORT_BY_ALIGNMENT(._log_strings.static.*)))
                0x000000000000620c                _log_strings_list_end = .

log_const_area  0x000000000000620c        0x0
                0x000000000000620c                _log_const_list_start = .
 *(SORT_BY_NAME(SORT_BY_ALIGNMENT(._log_const.static.*)))
                0x000000000000620c                _log_const_list_end = .

log_backend_area
                0x000000000000620c        0x0
                0x000000000000620c                _log_backend_list_start = .
 *(SORT_BY_NAME(SORT_BY_ALIGNMENT(._log_backend.static.*)))
                0x000000000000620c                _log_backend_list_end = .

log_link_area   0x000000000000620c        0x0
                0x000000000000620c                _log_link_list_start = .
 *(SORT_BY_NAME(SORT_BY_ALIGNMENT(._log_link.static.*)))
                0x000000000000620c                _log_link_list_end = .

tracing_backend_area
                0x000000000000620c        0x0
                0x000000000000620c                _tracing_backend_list_start = .
 *(SORT_BY_NAME(SORT_BY_ALIGNMENT(._tracing_backend.static.*)))
                0x000000000000620c                _tracing_backend_list_end = .

zephyr_dbg_info
 *(SORT_BY_ALIGNMENT(.dbg_thread_info))

intc_table_area
                0x000000000000620c        0x0
                0x000000000000620c                _intc_table_list_start = .
 *(SORT_BY_NAME(SORT_BY_ALIGNMENT(._intc_table.static.*)))
                0x000000000000620c                _intc_table_list_end = .

symbol_to_keep  0x000000000000620c        0x0
                0x000000000000620c                __symbol_to_keep_start = .
 *(SORT_BY_NAME(SORT_BY_ALIGNMENT(.symbol_to_keep*)))
                0x000000000000620c                __symbol_to_keep_end = .

shell_area      0x000000000000620c        0x0
                0x000000000000620c                _shell_list_start = .
 *(SORT_BY_NAME(SORT_BY_ALIGNMENT(._shell.static.*)))
                0x000000000000620c                _shell_list_end = .

shell_root_cmds_area
                0x000000000000620c        0x0
                0x000000000000620c                _shell_root_cmds_list_start = .
 *(SORT_BY_NAME(SORT_BY_ALIGNMENT(._shell_root_cmds.static.*)))
                0x000000000000620c                _shell_root_cmds_list_end = .

shell_subcmds_area
                0x000000000000620c        0x0
                0x000000000000620c                _shell_subcmds_list_start = .
 *(SORT_BY_NAME(SORT_BY_ALIGNMENT(._shell_subcmds.static.*)))
                0x000000000000620c                _shell_subcmds_list_end = .

shell_dynamic_subcmds_area
                0x000000000000620c        0x0
                0x000000000000620c                _shell_dynamic_subcmds_list_start = .
 *(SORT_BY_NAME(SORT_BY_ALIGNMENT(._shell_dynamic_subcmds.static.*)))
                0x000000000000620c                _shell_dynamic_subcmds_list_end = .

cfb_font_area   0x000000000000620c        0x0
                0x000000000000620c                _cfb_font_list_start = .
 *(SORT_BY_NAME(SORT_BY_ALIGNMENT(._cfb_font.static.*)))
                0x000000000000620c                _cfb_font_list_end = .

tdata           0x000000000000620c        0x0
 *(SORT_BY_ALIGNMENT(.tdata) SORT_BY_ALIGNMENT(.tdata.*) SORT_BY_ALIGNMENT(.gnu.linkonce.td.*))

tbss            0x000000000000620c        0x4
 *(SORT_BY_ALIGNMENT(.tbss) SORT_BY_ALIGNMENT(.tbss.*) SORT_BY_ALIGNMENT(.gnu.linkonce.tb.*) SORT_BY_ALIGNMENT(.tcommon))
 .tbss.z_tls_current
                0x000000000000620c        0x4 zephyr/libzephyr.a(thread_entry.c.obj)
                0x000000000000620c                z_tls_current
                0x000000000000620c                PROVIDE (__tdata_start = LOADADDR (tdata))
                0x0000000000000001                PROVIDE (__tdata_align = ALIGNOF (tdata))
                0x0000000000000000                PROVIDE (__tdata_size = (((SIZEOF (tdata) + __tdata_align) - 0x1) & ~ ((__tdata_align - 0x1))))
                [!provide]                        PROVIDE (__tdata_end = (__tdata_start + __tdata_size))
                0x0000000000000004                PROVIDE (__tbss_align = ALIGNOF (tbss))
                [!provide]                        PROVIDE (__tbss_start = ADDR (tbss))
                0x0000000000000004                PROVIDE (__tbss_size = (((SIZEOF (tbss) + __tbss_align) - 0x1) & ~ ((__tbss_align - 0x1))))
                [!provide]                        PROVIDE (__tbss_end = (__tbss_start + __tbss_size))
                [!provide]                        PROVIDE (__tls_start = __tdata_start)
                [!provide]                        PROVIDE (__tls_end = __tbss_end)
                [!provide]                        PROVIDE (__tls_size = (__tbss_end - __tdata_start))

rodata          0x0000000000006210      0x3c8
 *(SORT_BY_ALIGNMENT(.rodata))
 *(SORT_BY_ALIGNMENT(.rodata.*))
 .rodata.delay_machine_code.0
                0x0000000000006210        0x6 zephyr/soc/soc/nrf52840/libsoc__nordic.a(soc.c.obj)
 *fill*         0x0000000000006216        0x2 
 .rodata.adc_channel
                0x0000000000006218       0x14 app/libapp.a(main.c.obj)
 .rodata.mem_attr_region
                0x000000000000622c        0x0 zephyr/libzephyr.a(mem_attr.c.obj)
 .rodata.apis   0x000000000000622c        0x8 zephyr/libzephyr.a(nrf_cc3xx_platform_abort_zephyr.c.obj)
 .rodata.mutexes
                0x0000000000006234       0x14 zephyr/libzephyr.a(nrf_cc3xx_platform_mutex_zephyr.c.obj)
 .rodata.mutex_apis
                0x0000000000006248       0x10 zephyr/libzephyr.a(nrf_cc3xx_platform_mutex_zephyr.c.obj)
 .rodata.static_regions
                0x0000000000006258        0xc zephyr/arch/arch/arm/core/mpu/libarch__arm__core__mpu.a(arm_core_mpu.c.obj)
 .rodata.mpu_config
                0x0000000000006264        0x8 zephyr/arch/arch/arm/core/mpu/libarch__arm__core__mpu.a(arm_mpu_regions.c.obj)
                0x0000000000006264                mpu_config
 .rodata.mpu_regions
                0x000000000000626c       0x18 zephyr/arch/arch/arm/core/mpu/libarch__arm__core__mpu.a(arm_mpu_regions.c.obj)
 .rodata.adc_nrfx_driver_api
                0x0000000000006284        0xc zephyr/drivers/adc/libdrivers__adc.a(adc_nrfx_saadc.c.obj)
 .rodata.transitions.0
                0x0000000000006290        0xc zephyr/drivers/clock_control/libdrivers__clock_control.a(clock_control_nrf.c.obj)
 .rodata.config
                0x000000000000629c       0x10 zephyr/drivers/clock_control/libdrivers__clock_control.a(clock_control_nrf.c.obj)
 .rodata.clock_control_api
                0x00000000000062ac       0x1c zephyr/drivers/clock_control/libdrivers__clock_control.a(clock_control_nrf.c.obj)
 .rodata.gpio_nrfx_p1_cfg
                0x00000000000062c8       0x18 zephyr/drivers/gpio/libdrivers__gpio.a(gpio_nrfx.c.obj)
 .rodata.gpio_nrfx_p0_cfg
                0x00000000000062e0       0x18 zephyr/drivers/gpio/libdrivers__gpio.a(gpio_nrfx.c.obj)
 .rodata.gpio_nrfx_drv_api_funcs
                0x00000000000062f8       0x24 zephyr/drivers/gpio/libdrivers__gpio.a(gpio_nrfx.c.obj)
 .rodata.uarte_0z_config
                0x000000000000631c       0x20 zephyr/drivers/serial/libdrivers__serial.a(uart_nrfx_uarte.c.obj)
 .rodata.__pinctrl_dev_config__device_dts_ord_114
                0x000000000000633c        0xc zephyr/drivers/serial/libdrivers__serial.a(uart_nrfx_uarte.c.obj)
 .rodata.__pinctrl_states__device_dts_ord_114
                0x0000000000006348        0x8 zephyr/drivers/serial/libdrivers__serial.a(uart_nrfx_uarte.c.obj)
 .rodata.__pinctrl_state_pins_0__device_dts_ord_114
                0x0000000000006350       0x10 zephyr/drivers/serial/libdrivers__serial.a(uart_nrfx_uarte.c.obj)
 .rodata.uart_nrfx_uarte_driver_api
                0x0000000000006360        0xc zephyr/drivers/serial/libdrivers__serial.a(uart_nrfx_uarte.c.obj)
 .rodata.levels.0
                0x000000000000636c       0x18 zephyr/kernel/libkernel.a(init.c.obj)
 .rodata.CSWTCH.10
                0x0000000000006384       0x1c /opt/nordic/ncs/v2.8.0/nrfxlib/crypto/nrf_cc310_platform/lib/cortex-m4/soft-float/no-interrupts/libnrf_cc310_platform_0.9.19.a(nrf_cc3xx_platform.c.obj)
 .rodata.mutex_free.str1.4
                0x00000000000063a0       0x26 /opt/nordic/ncs/v2.8.0/nrfxlib/crypto/nrf_cc310_platform/lib/cortex-m4/soft-float/no-interrupts/libnrf_cc310_platform_0.9.19.a(nrf_cc3xx_platform_mutex.c.obj)
 *fill*         0x00000000000063c6        0x2 
 .rodata.mutex_init.str1.4
                0x00000000000063c8       0x23 /opt/nordic/ncs/v2.8.0/nrfxlib/crypto/nrf_cc310_platform/lib/cortex-m4/soft-float/no-interrupts/libnrf_cc310_platform_0.9.19.a(nrf_cc3xx_platform_mutex.c.obj)
 *fill*         0x00000000000063eb        0x1 
 .rodata.CC_PalPowerSaveModeInit.str1.4
                0x00000000000063ec       0x20 /opt/nordic/ncs/v2.8.0/nrfxlib/crypto/nrf_cc310_platform/lib/cortex-m4/soft-float/no-interrupts/libnrf_cc310_platform_0.9.19.a(cc_pal_pm.c.obj)
 .rodata.main.str1.1
                0x000000000000640c       0x65 app/libapp.a(main.c.obj)
 .rodata.boot_banner.str1.1
                0x0000000000006471       0x63 zephyr/libzephyr.a(banner.c.obj)
 .rodata.mutex_free_platform.str1.1
                0x00000000000064d4       0x26 zephyr/libzephyr.a(nrf_cc3xx_platform_mutex_zephyr.c.obj)
 .rodata.mutex_init_platform.str1.1
                0x00000000000064fa       0x2d zephyr/libzephyr.a(nrf_cc3xx_platform_mutex_zephyr.c.obj)
 .rodata.str1.1
                0x0000000000006527        0xf zephyr/arch/arch/arm/core/mpu/libarch__arm__core__mpu.a(arm_mpu_regions.c.obj)
 .rodata.CSWTCH.5
                0x0000000000006536        0x6 zephyr/soc/soc/nrf52840/libsoc__nordic.a(soc.c.obj)
 .rodata.str1.1
                0x000000000000653c        0xd zephyr/drivers/adc/libdrivers__adc.a(adc_nrfx_saadc.c.obj)
 .rodata.str1.1
                0x0000000000006549        0xf zephyr/drivers/clock_control/libdrivers__clock_control.a(clock_control_nrf.c.obj)
 .rodata.str1.1
                0x0000000000006558       0x1c zephyr/drivers/gpio/libdrivers__gpio.a(gpio_nrfx.c.obj)
 .rodata.drive_modes
                0x0000000000006574        0x8 zephyr/drivers/pinctrl/libdrivers__pinctrl.a(pinctrl_nrf.c.obj)
 .rodata.str1.1
                0x000000000000657c        0xe zephyr/drivers/serial/libdrivers__serial.a(uart_nrfx_uarte.c.obj)
 .rodata.CSWTCH.14
                0x000000000000658a        0x6 modules/hal_nordic/nrfx/libmodules__hal_nordic__nrfx.a(system_nrf52840.c.obj)
 .rodata.CSWTCH.5
                0x0000000000006590        0x6 modules/hal_nordic/nrfx/libmodules__hal_nordic__nrfx.a(system_nrf52840.c.obj)
 .rodata.port_offset.1
                0x0000000000006596       0x10 modules/hal_nordic/nrfx/libmodules__hal_nordic__nrfx.a(nrfx_gpiote.c.obj)
 .rodata.ports  0x00000000000065a6        0x2 modules/hal_nordic/nrfx/libmodules__hal_nordic__nrfx.a(nrfx_gpiote.c.obj)
 .rodata._DoInit.str1.1
                0x00000000000065a8        0x9 modules/segger/libmodules__segger.a(SEGGER_RTT.c.obj)
 .rodata._aInitStr.0
                0x00000000000065b1       0x11 modules/segger/libmodules__segger.a(SEGGER_RTT.c.obj)
 .rodata.z_cstart.str1.1
                0x00000000000065c2        0x5 zephyr/kernel/libkernel.a(init.c.obj)
 .rodata.__l_vfprintf.str1.1
                0x00000000000065c7        0xf /opt/nordic/ncs/toolchains/15b490767d/opt/zephyr-sdk/arm-zephyr-eabi/bin/../lib/gcc/../../picolibc/arm-zephyr-eabi/lib/thumb/v7e-m/nofp/libc.a(libc_tinystdio_vflprintf.c.o)
 *(SORT_BY_ALIGNMENT(.gnu.linkonce.r.*))
                0x00000000000065d8                . = ALIGN (0x4)
 *fill*         0x00000000000065d6        0x2 
                0x00000000000065d8                __rodata_region_end = .
                0x00000000000065e0                . = ALIGN (_region_min_align)
                0x0000000000008000                . = ALIGN ((0x1 << LOG2CEIL ((__rodata_region_end - ADDR (rom_start)))))
                0x0000000000008000                __rom_region_end = ((__rom_region_start + .) - ADDR (rom_start))

/DISCARD/
 *(SORT_BY_ALIGNMENT(.got.plt))
 *(SORT_BY_ALIGNMENT(.igot.plt))
 *(SORT_BY_ALIGNMENT(.got))
 *(SORT_BY_ALIGNMENT(.igot))
                0x0000000020000000                . = 0x20000000
                0x0000000020000000                . = ALIGN (_region_min_align)
                0x0000000020000000                _image_ram_start = .

_RTT_SECTION_NAME
                0x0000000020000000      0x4b8
                0x0000000020000000                __rtt_buff_data_start = .
 *(SORT_BY_ALIGNMENT(.rtt_buff_data))
 .rtt_buff_data
                0x0000000020000000      0x4b8 modules/segger/libmodules__segger.a(SEGGER_RTT.c.obj)
                0x0000000020000410                _SEGGER_RTT
                0x00000000200004b8                __rtt_buff_data_end = ALIGN (0x4)
                0x00000000000004b8                __rtt_buff_data_size = (__rtt_buff_data_end - __rtt_buff_data_start)

.ramfunc        0x00000000200004b8        0x8 load address 0x00000000000065d8
                0x00000000200004c0                . = ALIGN (_region_min_align)
 *fill*         0x00000000200004b8        0x8 
                0x00000000200004c0                . = ALIGN ((0x1 << LOG2CEIL (__ramfunc_size)))
                0x00000000200004c0                __ramfunc_start = .
 *(SORT_BY_ALIGNMENT(.ramfunc))
 *(SORT_BY_ALIGNMENT(.ramfunc.*))
                0x00000000200004c0                . = ALIGN (_region_min_align)
                0x00000000200004c0                . = ALIGN ((0x1 << LOG2CEIL (__ramfunc_size)))
                0x00000000200004c0                __ramfunc_end = .
                0x0000000000000000                __ramfunc_size = (__ramfunc_end - __ramfunc_start)
                0x00000000000065d8                __ramfunc_load_start = LOADADDR (.ramfunc)

datas           0x00000000200004c0      0x1d8 load address 0x00000000000065e0
                0x00000000200004c0                __data_region_start = .
                0x00000000200004c0                __data_start = .
 *(SORT_BY_ALIGNMENT(.data))
 *(SORT_BY_ALIGNMENT(.data.*))
 .data.m_data   0x00000000200004c0       0xa0 zephyr/drivers/adc/libdrivers__adc.a(adc_nrfx_saadc.c.obj)
 .data.sequence
                0x0000000020000560       0x14 app/libapp.a(main.c.obj)
 .data._char_out
                0x0000000020000574        0x4 zephyr/libzephyr.a(printk.c.obj)
 .data.power_mutex
                0x0000000020000578        0x8 zephyr/libzephyr.a(nrf_cc3xx_platform_mutex_zephyr.c.obj)
 .data.rng_mutex
                0x0000000020000580        0x8 zephyr/libzephyr.a(nrf_cc3xx_platform_mutex_zephyr.c.obj)
 .data.asym_mutex
                0x0000000020000588        0x8 zephyr/libzephyr.a(nrf_cc3xx_platform_mutex_zephyr.c.obj)
 .data.sym_mutex
                0x0000000020000590        0x8 zephyr/libzephyr.a(nrf_cc3xx_platform_mutex_zephyr.c.obj)
 .data.__stdout
                0x0000000020000598       0x10 zephyr/lib/libc/picolibc/liblib__libc__picolibc.a(libc-hooks.c.obj)
 .data.m_cb     0x00000000200005a8       0x84 modules/hal_nordic/nrfx/libmodules__hal_nordic__nrfx.a(nrfx_gpiote.c.obj)
 .data.m_channels_allocated
                0x000000002000062c        0x4 modules/hal_nordic/nrfx/libmodules__hal_nordic__nrfx.a(nrfx_ppi.c.obj)
 .data.timeout_list
                0x0000000020000630        0x8 zephyr/kernel/libkernel.a(timeout.c.obj)
 .data.platform_abort_apis
                0x0000000020000638        0x8 /opt/nordic/ncs/v2.8.0/nrfxlib/crypto/nrf_cc310_platform/lib/cortex-m4/soft-float/no-interrupts/libnrf_cc310_platform_0.9.19.a(nrf_cc3xx_platform_abort.c.obj)
                0x0000000020000638                platform_abort_apis
 .data.platform_mutexes
                0x0000000020000640       0x14 /opt/nordic/ncs/v2.8.0/nrfxlib/crypto/nrf_cc310_platform/lib/cortex-m4/soft-float/no-interrupts/libnrf_cc310_platform_0.9.19.a(nrf_cc3xx_platform_mutex.c.obj)
                0x0000000020000640                platform_mutexes
 .data.platform_mutex_apis
                0x0000000020000654       0x10 /opt/nordic/ncs/v2.8.0/nrfxlib/crypto/nrf_cc310_platform/lib/cortex-m4/soft-float/no-interrupts/libnrf_cc310_platform_0.9.19.a(nrf_cc3xx_platform_mutex.c.obj)
                0x0000000020000654                platform_mutex_apis
 .data.power_mutex
                0x0000000020000664        0x8 /opt/nordic/ncs/v2.8.0/nrfxlib/crypto/nrf_cc310_platform/lib/cortex-m4/soft-float/no-interrupts/libnrf_cc310_platform_0.9.19.a(nrf_cc3xx_platform_mutex.c.obj)
 .data.rng_mutex
                0x000000002000066c        0x8 /opt/nordic/ncs/v2.8.0/nrfxlib/crypto/nrf_cc310_platform/lib/cortex-m4/soft-float/no-interrupts/libnrf_cc310_platform_0.9.19.a(nrf_cc3xx_platform_mutex.c.obj)
 .data.asym_mutex
                0x0000000020000674        0x8 /opt/nordic/ncs/v2.8.0/nrfxlib/crypto/nrf_cc310_platform/lib/cortex-m4/soft-float/no-interrupts/libnrf_cc310_platform_0.9.19.a(nrf_cc3xx_platform_mutex.c.obj)
 .data.sym_mutex
                0x000000002000067c        0x8 /opt/nordic/ncs/v2.8.0/nrfxlib/crypto/nrf_cc310_platform/lib/cortex-m4/soft-float/no-interrupts/libnrf_cc310_platform_0.9.19.a(nrf_cc3xx_platform_mutex.c.obj)
 .data.pCCRndCryptoMutex
                0x0000000020000684        0x4 /opt/nordic/ncs/v2.8.0/nrfxlib/crypto/nrf_cc310_platform/lib/cortex-m4/soft-float/no-interrupts/libnrf_cc310_platform_0.9.19.a(cc_pal.c.obj)
                0x0000000020000684                pCCRndCryptoMutex
 .data.CCPowerMutex
                0x0000000020000688        0x4 /opt/nordic/ncs/v2.8.0/nrfxlib/crypto/nrf_cc310_platform/lib/cortex-m4/soft-float/no-interrupts/libnrf_cc310_platform_0.9.19.a(cc_pal.c.obj)
                0x0000000020000688                CCPowerMutex
 .data.CCRndCryptoMutex
                0x000000002000068c        0x4 /opt/nordic/ncs/v2.8.0/nrfxlib/crypto/nrf_cc310_platform/lib/cortex-m4/soft-float/no-interrupts/libnrf_cc310_platform_0.9.19.a(cc_pal.c.obj)
                0x000000002000068c                CCRndCryptoMutex
 .data.CCAsymCryptoMutex
                0x0000000020000690        0x4 /opt/nordic/ncs/v2.8.0/nrfxlib/crypto/nrf_cc310_platform/lib/cortex-m4/soft-float/no-interrupts/libnrf_cc310_platform_0.9.19.a(cc_pal.c.obj)
                0x0000000020000690                CCAsymCryptoMutex
 .data.CCSymCryptoMutex
                0x0000000020000694        0x4 /opt/nordic/ncs/v2.8.0/nrfxlib/crypto/nrf_cc310_platform/lib/cortex-m4/soft-float/no-interrupts/libnrf_cc310_platform_0.9.19.a(cc_pal.c.obj)
                0x0000000020000694                CCSymCryptoMutex
 *(SORT_BY_ALIGNMENT(.kernel.*))
                0x0000000020000698                __data_end = .
                0x00000000000001d8                __data_size = (__data_end - __data_start)
                0x00000000000065e0                __data_load_start = LOADADDR (datas)
                0x00000000000065e0                __data_region_load_start = LOADADDR (datas)

device_states   0x0000000020000698        0xa load address 0x00000000000067b8
                0x0000000020000698                __device_states_start = .
 *(SORT_BY_ALIGNMENT(.z_devstate))
 .z_devstate    0x0000000020000698        0x2 zephyr/drivers/adc/libdrivers__adc.a(adc_nrfx_saadc.c.obj)
 .z_devstate    0x000000002000069a        0x2 zephyr/drivers/clock_control/libdrivers__clock_control.a(clock_control_nrf.c.obj)
 .z_devstate    0x000000002000069c        0x4 zephyr/drivers/gpio/libdrivers__gpio.a(gpio_nrfx.c.obj)
 .z_devstate    0x00000000200006a0        0x2 zephyr/drivers/serial/libdrivers__serial.a(uart_nrfx_uarte.c.obj)
 *(SORT_BY_ALIGNMENT(.z_devstate.*))
                0x00000000200006a2                __device_states_end = .

log_mpsc_pbuf_area
                0x00000000200006a2        0x0 load address 0x00000000000067c2
                0x00000000200006a2                _log_mpsc_pbuf_list_start = .
 *(SORT_BY_NAME(SORT_BY_ALIGNMENT(._log_mpsc_pbuf.static.*)))
                0x00000000200006a2                _log_mpsc_pbuf_list_end = .

log_msg_ptr_area
                0x00000000200006a2        0x0 load address 0x00000000000067c2
                0x00000000200006a2                _log_msg_ptr_list_start = .
 *(SORT_BY_NAME(SORT_BY_ALIGNMENT(._log_msg_ptr.static.*)))
                0x00000000200006a2                _log_msg_ptr_list_end = .

log_dynamic_area
                0x00000000200006a2        0x0 load address 0x00000000000067c2
                0x00000000200006a2                _log_dynamic_list_start = .
 *(SORT_BY_NAME(SORT_BY_ALIGNMENT(._log_dynamic.static.*)))
                0x00000000200006a2                _log_dynamic_list_end = .

k_timer_area    0x00000000200006a2        0x0 load address 0x00000000000067c2
                0x00000000200006a2                _k_timer_list_start = .
 *(SORT_BY_NAME(SORT_BY_ALIGNMENT(._k_timer.static.*)))
                0x00000000200006a2                _k_timer_list_end = .

k_mem_slab_area
                0x00000000200006a2        0x0 load address 0x00000000000067c2
                0x00000000200006a2                _k_mem_slab_list_start = .
 *(SORT_BY_NAME(SORT_BY_ALIGNMENT(._k_mem_slab.static.*)))
                0x00000000200006a2                _k_mem_slab_list_end = .

k_heap_area     0x00000000200006a2        0x0 load address 0x00000000000067c2
                0x00000000200006a2                _k_heap_list_start = .
 *(SORT_BY_NAME(SORT_BY_ALIGNMENT(._k_heap.static.*)))
                0x00000000200006a2                _k_heap_list_end = .

k_mutex_area    0x00000000200006a4       0x50 load address 0x00000000000067c4
                0x00000000200006a4                _k_mutex_list_start = .
 *(SORT_BY_NAME(SORT_BY_ALIGNMENT(._k_mutex.static.*)))
 ._k_mutex.static.asym_mutex_int_
                0x00000000200006a4       0x14 zephyr/libzephyr.a(nrf_cc3xx_platform_mutex_zephyr.c.obj)
                0x00000000200006a4                asym_mutex_int
 ._k_mutex.static.power_mutex_int_
                0x00000000200006b8       0x14 zephyr/libzephyr.a(nrf_cc3xx_platform_mutex_zephyr.c.obj)
                0x00000000200006b8                power_mutex_int
 ._k_mutex.static.rng_mutex_int_
                0x00000000200006cc       0x14 zephyr/libzephyr.a(nrf_cc3xx_platform_mutex_zephyr.c.obj)
                0x00000000200006cc                rng_mutex_int
 ._k_mutex.static.sym_mutex_int_
                0x00000000200006e0       0x14 zephyr/libzephyr.a(nrf_cc3xx_platform_mutex_zephyr.c.obj)
                0x00000000200006e0                sym_mutex_int
                0x00000000200006f4                _k_mutex_list_end = .

k_stack_area    0x00000000200006f4        0x0 load address 0x0000000000006814
                0x00000000200006f4                _k_stack_list_start = .
 *(SORT_BY_NAME(SORT_BY_ALIGNMENT(._k_stack.static.*)))
                0x00000000200006f4                _k_stack_list_end = .

k_msgq_area     0x00000000200006f4        0x0 load address 0x0000000000006814
                0x00000000200006f4                _k_msgq_list_start = .
 *(SORT_BY_NAME(SORT_BY_ALIGNMENT(._k_msgq.static.*)))
                0x00000000200006f4                _k_msgq_list_end = .

k_mbox_area     0x00000000200006f4        0x0 load address 0x0000000000006814
                0x00000000200006f4                _k_mbox_list_start = .
 *(SORT_BY_NAME(SORT_BY_ALIGNMENT(._k_mbox.static.*)))
                0x00000000200006f4                _k_mbox_list_end = .

k_pipe_area     0x00000000200006f4        0x0 load address 0x0000000000006814
                0x00000000200006f4                _k_pipe_list_start = .
 *(SORT_BY_NAME(SORT_BY_ALIGNMENT(._k_pipe.static.*)))
                0x00000000200006f4                _k_pipe_list_end = .

k_sem_area      0x00000000200006f4        0x0 load address 0x0000000000006814
                0x00000000200006f4                _k_sem_list_start = .
 *(SORT_BY_NAME(SORT_BY_ALIGNMENT(._k_sem.static.*)))
                0x00000000200006f4                _k_sem_list_end = .

k_event_area    0x00000000200006f4        0x0 load address 0x0000000000006814
                0x00000000200006f4                _k_event_list_start = .
 *(SORT_BY_NAME(SORT_BY_ALIGNMENT(._k_event.static.*)))
                0x00000000200006f4                _k_event_list_end = .

k_queue_area    0x00000000200006f4        0x0 load address 0x0000000000006814
                0x00000000200006f4                _k_queue_list_start = .
 *(SORT_BY_NAME(SORT_BY_ALIGNMENT(._k_queue.static.*)))
                0x00000000200006f4                _k_queue_list_end = .

k_fifo_area     0x00000000200006f4        0x0 load address 0x0000000000006814
                0x00000000200006f4                _k_fifo_list_start = .
 *(SORT_BY_NAME(SORT_BY_ALIGNMENT(._k_fifo.static.*)))
                0x00000000200006f4                _k_fifo_list_end = .

k_lifo_area     0x00000000200006f4        0x0 load address 0x0000000000006814
                0x00000000200006f4                _k_lifo_list_start = .
 *(SORT_BY_NAME(SORT_BY_ALIGNMENT(._k_lifo.static.*)))
                0x00000000200006f4                _k_lifo_list_end = .

k_condvar_area  0x00000000200006f4        0x0 load address 0x0000000000006814
                0x00000000200006f4                _k_condvar_list_start = .
 *(SORT_BY_NAME(SORT_BY_ALIGNMENT(._k_condvar.static.*)))
                0x00000000200006f4                _k_condvar_list_end = .

sys_mem_blocks_ptr_area
                0x00000000200006f4        0x0 load address 0x0000000000006814
                0x00000000200006f4                _sys_mem_blocks_ptr_list_start = .
 *(SORT_BY_NAME(SORT_BY_ALIGNMENT(._sys_mem_blocks_ptr.static.*)))
                0x00000000200006f4                _sys_mem_blocks_ptr_list_end = .

net_buf_pool_area