Archive member included to satisfy reference by file (symbol)

app/libapp.a(main.c.obj)      (--whole-archive)
app/libapp.a(heart_rate.c.obj)
                              (--whole-archive)
app/libapp.a(i2c.c.obj)       (--whole-archive)
app/libapp.a(MAX30102.c.obj)  (--whole-archive)
app/libapp.a(BMP280.c.obj)    (--whole-archive)
app/libapp.a(MLX90614.c.obj)  (--whole-archive)
app/libapp.a(MPU6050.c.obj)   (--whole-archive)
zephyr/libzephyr.a(getopt.c.obj)
                              (--whole-archive)
zephyr/libzephyr.a(getopt_common.c.obj)
                              (--whole-archive)
zephyr/libzephyr.a(cbprintf_packaged.c.obj)
                              (--whole-archive)
zephyr/libzephyr.a(dec.c.obj)
                              (--whole-archive)
zephyr/libzephyr.a(hex.c.obj)
                              (--whole-archive)
zephyr/libzephyr.a(printk.c.obj)
                              (--whole-archive)
zephyr/libzephyr.a(rb.c.obj)  (--whole-archive)
zephyr/libzephyr.a(sem.c.obj)
                              (--whole-archive)
zephyr/libzephyr.a(thread_entry.c.obj)
                              (--whole-archive)
zephyr/libzephyr.a(timeutil.c.obj)
                              (--whole-archive)
zephyr/libzephyr.a(heap.c.obj)
                              (--whole-archive)
zephyr/libzephyr.a(heap-validate.c.obj)
                              (--whole-archive)
zephyr/libzephyr.a(bitarray.c.obj)
                              (--whole-archive)
zephyr/libzephyr.a(multi_heap.c.obj)
                              (--whole-archive)
zephyr/libzephyr.a(onoff.c.obj)
                              (--whole-archive)
zephyr/libzephyr.a(notify.c.obj)
                              (--whole-archive)
zephyr/libzephyr.a(cbprintf_complete.c.obj)
                              (--whole-archive)
zephyr/libzephyr.a(ring_buffer.c.obj)
                              (--whole-archive)
zephyr/libzephyr.a(assert.c.obj)
                              (--whole-archive)
zephyr/libzephyr.a(reboot.c.obj)
                              (--whole-archive)
zephyr/libzephyr.a(configs.c.obj)
                              (--whole-archive)
zephyr/libzephyr.a(mem_attr.c.obj)
                              (--whole-archive)
zephyr/libzephyr.a(tracing_none.c.obj)
                              (--whole-archive)
zephyr/libzephyr.a(kernel_service.c.obj)
                              (--whole-archive)
zephyr/libzephyr.a(device_service.c.obj)
                              (--whole-archive)
zephyr/libzephyr.a(devmem_service.c.obj)
                              (--whole-archive)
zephyr/libzephyr.a(shell_uart.c.obj)
                              (--whole-archive)
zephyr/libzephyr.a(shell.c.obj)
                              (--whole-archive)
zephyr/libzephyr.a(shell_fprintf.c.obj)
                              (--whole-archive)
zephyr/libzephyr.a(shell_utils.c.obj)
                              (--whole-archive)
zephyr/libzephyr.a(shell_ops.c.obj)
                              (--whole-archive)
zephyr/libzephyr.a(shell_help.c.obj)
                              (--whole-archive)
zephyr/libzephyr.a(shell_cmds.c.obj)
                              (--whole-archive)
zephyr/libzephyr.a(shell_history.c.obj)
                              (--whole-archive)
zephyr/libzephyr.a(shell_wildcard.c.obj)
                              (--whole-archive)
zephyr/libzephyr.a(nrf_cc3xx_platform_abort_zephyr.c.obj)
                              (--whole-archive)
zephyr/libzephyr.a(nrf_cc3xx_platform_mutex_zephyr.c.obj)
                              (--whole-archive)
zephyr/arch/common/libarch__common.a(sw_isr_common.c.obj)
                              (--whole-archive)
zephyr/arch/arch/arm/core/libarch__arm__core.a(fatal.c.obj)
                              (--whole-archive)
zephyr/arch/arch/arm/core/libarch__arm__core.a(nmi.c.obj)
                              (--whole-archive)
zephyr/arch/arch/arm/core/libarch__arm__core.a(nmi_on_reset.S.obj)
                              (--whole-archive)
zephyr/arch/arch/arm/core/libarch__arm__core.a(tls.c.obj)
                              (--whole-archive)
zephyr/arch/arch/arm/core/cortex_m/libarch__arm__core__cortex_m.a(exc_exit.S.obj)
                              (--whole-archive)
zephyr/arch/arch/arm/core/cortex_m/libarch__arm__core__cortex_m.a(fault.c.obj)
                              (--whole-archive)
zephyr/arch/arch/arm/core/cortex_m/libarch__arm__core__cortex_m.a(fault_s.S.obj)
                              (--whole-archive)
zephyr/arch/arch/arm/core/cortex_m/libarch__arm__core__cortex_m.a(fpu.c.obj)
                              (--whole-archive)
zephyr/arch/arch/arm/core/cortex_m/libarch__arm__core__cortex_m.a(reset.S.obj)
                              (--whole-archive)
zephyr/arch/arch/arm/core/cortex_m/libarch__arm__core__cortex_m.a(scb.c.obj)
                              (--whole-archive)
zephyr/arch/arch/arm/core/cortex_m/libarch__arm__core__cortex_m.a(thread_abort.c.obj)
                              (--whole-archive)
[...]
Memory Configuration

Name             Origin             Length             Attributes
FLASH            0x0000000000000000 0x0000000000100000 xr
RAM              0x0000000020000000 0x0000000000040000 xw
IDT_LIST         0x00000000ffff7fff 0x0000000000008000 xw
*default*        0x0000000000000000 0xffffffffffffffff

Linker script and memory map

                0x00000000000091dc                vfprintf = __d_vfprintf
                0x0000000000000000                vfscanf = __d_vfscanf
LOAD zephyr/CMakeFiles/zephyr_final.dir/misc/empty_file.c.obj
LOAD zephyr/CMakeFiles/zephyr_final.dir/isr_tables.c.obj
LOAD zephyr/CMakeFiles/offsets.dir/./arch/arm/core/offsets/offsets.c.obj
LOAD app/libapp.a
LOAD zephyr/libzephyr.a
LOAD zephyr/arch/common/libarch__common.a
LOAD zephyr/arch/arch/arm/core/libarch__arm__core.a
LOAD zephyr/arch/arch/arm/core/cortex_m/libarch__arm__core__cortex_m.a
LOAD zephyr/arch/arch/arm/core/mpu/libarch__arm__core__mpu.a
LOAD zephyr/lib/libc/picolibc/liblib__libc__picolibc.a
LOAD zephyr/lib/libc/common/liblib__libc__common.a
LOAD zephyr/lib/posix/liblib__posix.a
LOAD zephyr/soc/soc/arm/nordic_nrf/libsoc__arm__nordic_nrf.a
LOAD zephyr/drivers/adc/libdrivers__adc.a
LOAD zephyr/drivers/clock_control/libdrivers__clock_control.a
LOAD zephyr/drivers/console/libdrivers__console.a
LOAD zephyr/drivers/gpio/libdrivers__gpio.a
LOAD zephyr/drivers/i2c/libdrivers__i2c.a
LOAD zephyr/drivers/pinctrl/libdrivers__pinctrl.a
LOAD zephyr/drivers/serial/libdrivers__serial.a
LOAD zephyr/drivers/timer/libdrivers__timer.a
LOAD modules/nrf/lib/fatal_error/lib..__nrf__lib__fatal_error.a
LOAD modules/nrf/drivers/hw_cc3xx/lib..__nrf__drivers__hw_cc3xx.a
LOAD modules/hal_nordic/nrfx/libmodules__hal_nordic__nrfx.a
LOAD modules/segger/libmodules__segger.a
LOAD zephyr/kernel/libkernel.a
LOAD c:/ncs/toolchains/ce3b5ff664/opt/zephyr-sdk/arm-zephyr-eabi/bin/../lib/gcc/arm-zephyr-eabi/12.2.0/thumb/v7e-m/nofp\libgcc.a
LOAD zephyr/arch/common/libisr_tables.a
LOAD C:/ncs/v2.6.1/nrfxlib/crypto/nrf_cc310_platform/lib/cortex-m4/soft-float/no-interrupts/libnrf_cc310_platform_0.9.19.a
LOAD c:\ncs\toolchains\ce3b5ff664\opt\zephyr-sdk\arm-zephyr-eabi\bin\../lib/gcc/../../picolibc/arm-zephyr-eabi/lib/thumb/v7e-m/nofp\libc.a
LOAD c:/ncs/toolchains/ce3b5ff664/opt/zephyr-sdk/arm-zephyr-eabi/bin/../lib/gcc/arm-zephyr-eabi/12.2.0/thumb/v7e-m/nofp\libgcc.a
                0x0000000000000020                _region_min_align = 0x20

.rel.plt        0x0000000000000000        0x0
 *(SORT_BY_ALIGNMENT(.rel.plt))
                [!provide]                        PROVIDE (__rel_iplt_start = .)
 *(SORT_BY_ALIGNMENT(.rel.iplt))
 .rel.iplt      0x0000000000000000        0x0 zephyr/CMakeFiles/zephyr_final.dir/isr_tables.c.obj
                [!provide]                        PROVIDE (__rel_iplt_end = .)

.rela.plt       0x0000000000000000        0x0
 *(SORT_BY_ALIGNMENT(.rela.plt))
                [!provide]                        PROVIDE (__rela_iplt_start = .)
 *(SORT_BY_ALIGNMENT(.rela.iplt))
                [!provide]                        PROVIDE (__rela_iplt_end = .)

.rel.dyn
 *(SORT_BY_ALIGNMENT(.rel.*))

.rela.dyn
 *(SORT_BY_ALIGNMENT(.rela.*))

/DISCARD/
 *(SORT_BY_ALIGNMENT(.plt))

/DISCARD/
 *(SORT_BY_ALIGNMENT(.iplt))
                0x0000000000000000                __rom_region_start = 0x0

rom_start       0x0000000000000000      0x100
                0x0000000000000000                __rom_start_address = .
 FILL mask 0x00
                0x0000000000000000                . = (. + (0x0 - (. - __rom_start_address)))
                0x0000000000000000                . = ALIGN (0x4)
                0x0000000000000000                . = ALIGN (0x80)
                0x0000000000000000                . = ALIGN (0x100)
                0x0000000000000000                _vector_start = .
 *(SORT_BY_ALIGNMENT(.exc_vector_table))
 *(SORT_BY_ALIGNMENT(.exc_vector_table.*))
 .exc_vector_table._vector_table_section
                0x0000000000000000       0x40 zephyr/arch/arch/arm/core/cortex_m/libarch__arm__core__cortex_m.a(vector_table.S.obj)
                0x0000000000000000                _vector_table
 *(SORT_BY_ALIGNMENT(.vectors))
                0x0000000000000100                _vector_end = .
                0x0000000000000040                . = ALIGN (0x4)
 *(SORT_BY_ALIGNMENT(.gnu.linkonce.irq_vector_table*))
 .gnu.linkonce.irq_vector_table
                0x0000000000000040       0xc0 zephyr/CMakeFiles/zephyr_final.dir/isr_tables.c.obj
                0x0000000000000040                _irq_vector_table
                0x0000000000000100                _vector_end = .

text            0x0000000000000100     0xd0d4
                0x0000000000000100                __text_region_start = .
 *(SORT_BY_ALIGNMENT(.text))
 .text          0x0000000000000100      0x378 c:/ncs/toolchains/ce3b5ff664/opt/zephyr-sdk/arm-zephyr-eabi/bin/../lib/gcc/arm-zephyr-eabi/12.2.0/thumb/v7e-m/nofp\libgcc.a(_arm_addsubdf3.o)
                0x0000000000000100                __aeabi_drsub
                0x0000000000000108                __aeabi_dsub
                0x0000000000000108                __subdf3
                0x000000000000010c                __aeabi_dadd
                0x000000000000010c                __adddf3
                0x0000000000000384                __floatunsidf
                0x0000000000000384                __aeabi_ui2d
                0x00000000000003a4                __floatsidf
                0x00000000000003a4                __aeabi_i2d
                0x00000000000003c8                __aeabi_f2d
                0x00000000000003c8                __extendsfdf2
                0x000000000000040c                __floatundidf
                0x000000000000040c                __aeabi_ul2d
                0x000000000000041c                __floatdidf
                0x000000000000041c                __aeabi_l2d
 .text          0x0000000000000478      0x21c c:/ncs/toolchains/ce3b5ff664/opt/zephyr-sdk/arm-zephyr-eabi/bin/../lib/gcc/arm-zephyr-eabi/12.2.0/thumb/v7e-m/nofp\libgcc.a(_arm_addsubsf3.o)
                0x0000000000000478                __aeabi_frsub
                0x0000000000000480                __subsf3
                0x0000000000000480                __aeabi_fsub
                0x0000000000000484                __aeabi_fadd
                0x0000000000000484                __addsf3
                0x00000000000005e4                __aeabi_ui2f
                0x00000000000005e4                __floatunsisf
                0x00000000000005ec                __aeabi_i2f
                0x00000000000005ec                __floatsisf
                0x0000000000000608                __aeabi_ul2f
                0x0000000000000608                __floatundisf
                0x0000000000000618                __aeabi_l2f
                0x0000000000000618                __floatdisf
 .text          0x0000000000000694      0x2a0 c:/ncs/toolchains/ce3b5ff664/opt/zephyr-sdk/arm-zephyr-eabi/bin/../lib/gcc/arm-zephyr-eabi/12.2.0/thumb/v7e-m/nofp\libgcc.a(_arm_muldivsf3.o)
                0x0000000000000694                __mulsf3
                0x0000000000000694                __aeabi_fmul
                0x00000000000007fc                __aeabi_fdiv
                0x00000000000007fc                __divsf3
 .text          0x0000000000000934       0xec c:/ncs/toolchains/ce3b5ff664/opt/zephyr-sdk/arm-zephyr-eabi/bin/../lib/gcc/arm-zephyr-eabi/12.2.0/thumb/v7e-m/nofp\libgcc.a(_arm_cmpsf2.o)
                0x0000000000000934                __gesf2
                0x0000000000000934                __gtsf2
                0x000000000000093c                __lesf2
                0x000000000000093c                __ltsf2
                0x0000000000000944                __nesf2
                0x0000000000000944                __eqsf2
                0x0000000000000944                __cmpsf2
                0x00000000000009a4                __aeabi_cfrcmple
                0x00000000000009ac                __aeabi_cfcmpeq
                0x00000000000009ac                __aeabi_cfcmple
                0x00000000000009bc                __aeabi_fcmpeq
                0x00000000000009d0                __aeabi_fcmplt
                0x00000000000009e4                __aeabi_fcmple
                0x00000000000009f8                __aeabi_fcmpge
                0x0000000000000a0c                __aeabi_fcmpgt
 .text          0x0000000000000a20       0xa0 c:/ncs/toolchains/ce3b5ff664/opt/zephyr-sdk/arm-zephyr-eabi/bin/../lib/gcc/arm-zephyr-eabi/12.2.0/thumb/v7e-m/nofp\libgcc.a(_aeabi_ldivmod.o)
                0x0000000000000a20                __aeabi_ldivmod
 .text          0x0000000000000ac0       0x30 c:/ncs/toolchains/ce3b5ff664/opt/zephyr-sdk/arm-zephyr-eabi/bin/../lib/gcc/arm-zephyr-eabi/12.2.0/thumb/v7e-m/nofp\libgcc.a(_aeabi_uldivmod.o)
                0x0000000000000ac0                __aeabi_uldivmod
 .text          0x0000000000000af0        0x4 c:/ncs/toolchains/ce3b5ff664/opt/zephyr-sdk/arm-zephyr-eabi/bin/../lib/gcc/arm-zephyr-eabi/12.2.0/thumb/v7e-m/nofp\libgcc.a(_dvmd_tls.o)
                0x0000000000000af0                __aeabi_idiv0
                0x0000000000000af0                __aeabi_ldiv0
 .text          0x0000000000000af4      0x2a0 c:/ncs/toolchains/ce3b5ff664/opt/zephyr-sdk/arm-zephyr-eabi/bin/../lib/gcc/arm-zephyr-eabi/12.2.0/thumb/v7e-m/nofp\libgcc.a(_udivmoddi4.o)
                0x0000000000000af4                __udivmoddi4
 .text          0x0000000000000d94       0x14 c:\ncs\toolchains\ce3b5ff664\opt\zephyr-sdk\arm-zephyr-eabi\bin\../lib/gcc/../../picolibc/arm-zephyr-eabi/lib/thumb/v7e-m/nofp\libc.a(strcmp.S.o)
                0x0000000000000d94                strcmp
 .text          0x0000000000000da8       0x10 c:\ncs\toolchains\ce3b5ff664\opt\zephyr-sdk\arm-zephyr-eabi\bin\../lib/gcc/../../picolibc/arm-zephyr-eabi/lib/thumb/v7e-m/nofp\libc.a(strcpy.S.o)
                0x0000000000000da8                strcpy
 .text          0x0000000000000db8       0x10 c:\ncs\toolchains\ce3b5ff664\opt\zephyr-sdk\arm-zephyr-eabi\bin\../lib/gcc/../../picolibc/arm-zephyr-eabi/lib/thumb/v7e-m/nofp\libc.a(strlen.S.o)
                0x0000000000000db8                strlen
 *(SORT_BY_ALIGNMENT(.text.*))
 .text.cmd_kernel_uptime
                0x0000000000000dc8       0xf0 zephyr/libzephyr.a(kernel_service.c.obj)
 .text.i2c_init
                0x0000000000000eb8       0x40 app/libapp.a(i2c.c.obj)
                0x0000000000000eb8                i2c_init
 .text.i2c_read_data
                0x0000000000000ef8        0xc app/libapp.a(i2c.c.obj)
                0x0000000000000ef8                i2c_read_data
 .text.mpu6050_init
                0x0000000000000f04       0x7c app/libapp.a(MPU6050.c.obj)
                0x0000000000000f04                mpu6050_init
 .text.read_mpu6050_data
                0x0000000000000f80      0x258 app/libapp.a(MPU6050.c.obj)
                0x0000000000000f80                read_mpu6050_data
 .text.getopt   0x00000000000011d8       0xf8 zephyr/libzephyr.a(getopt.c.obj)
                0x00000000000011d8                getopt
 .text.z_getopt_global_state_update
                0x00000000000012d0       0x34 zephyr/libzephyr.a(getopt_common.c.obj)
                0x00000000000012d0                z_getopt_global_state_update
 .text.getopt_state_get
                0x0000000000001304        0x8 zephyr/libzephyr.a(getopt_common.c.obj)
                0x0000000000001304                getopt_state_get
 .text.char_out
                0x000000000000130c        0xc zephyr/libzephyr.a(printk.c.obj)
 .text.__printk_hook_install
                0x0000000000001318        0xc zephyr/libzephyr.a(printk.c.obj)
                0x0000000000001318                __printk_hook_install
 .text.vprintk  0x0000000000001324       0x30 zephyr/libzephyr.a(printk.c.obj)
                0x0000000000001324                vprintk
 .text.z_thread_entry
                0x0000000000001354       0x34 zephyr/libzephyr.a(thread_entry.c.obj)
                0x0000000000001354                z_thread_entry
 .text.process_event
                0x0000000000001388      0x21c zephyr/libzephyr.a(onoff.c.obj)
 .text.sys_reboot
                0x00000000000015a4       0x30 zephyr/libzephyr.a(reboot.c.obj)
                0x00000000000015a4                sys_reboot
 .text.mem_attr_get_regions
                0x00000000000015d4        0xc zephyr/libzephyr.a(mem_attr.c.obj)
                0x00000000000015d4                mem_attr_get_regions
 .text.cmd_kernel_version
                0x00000000000015e0       0x2c zephyr/libzephyr.a(kernel_service.c.obj)
 .text.cmd_kernel_threads
                0x000000000000160c       0x38 zephyr/libzephyr.a(kernel_service.c.obj)
 .text.shell_tdata_dump
                0x0000000000001644       0xd0 zephyr/libzephyr.a(kernel_service.c.obj)
 .text.cmd_kernel_stacks
                0x0000000000001714       0x74 zephyr/libzephyr.a(kernel_service.c.obj)
 .text.cmd_kernel_cycles
                0x0000000000001788       0x1c zephyr/libzephyr.a(kernel_service.c.obj)
 .text.cmd_kernel_sleep
                0x00000000000017a4       0x54 zephyr/libzephyr.a(kernel_service.c.obj)
 .text.shell_stack_dump
                0x00000000000017f8       0x64 zephyr/libzephyr.a(kernel_service.c.obj)
 .text.cmd_device_list
                0x000000000000185c       0x8c zephyr/libzephyr.a(device_service.c.obj)
 .text.cmd_devmem
                0x00000000000018e8       0xcc zephyr/libzephyr.a(devmem_service.c.obj)
 .text.cmd_dump
                0x00000000000019b4      0x190 zephyr/libzephyr.a(devmem_service.c.obj)
 .text.set_bypass.isra.0
                0x0000000000001b44       0x50 zephyr/libzephyr.a(devmem_service.c.obj)
 .text.bypass_cb
                0x0000000000001b94      0x118 zephyr/libzephyr.a(devmem_service.c.obj)
 .text.cmd_load
                0x0000000000001cac       0xd8 zephyr/libzephyr.a(devmem_service.c.obj)
 .text.enable_shell_uart
                0x0000000000001d84       0x34 zephyr/libzephyr.a(shell_uart.c.obj)
 .text.init     0x0000000000001db8       0x64 zephyr/libzephyr.a(shell_uart.c.obj)
 .text.shell_internal_help_print
                0x0000000000001e1c       0x20 zephyr/libzephyr.a(shell.c.obj)
 .text.kill_handler
                0x0000000000001e3c       0x50 zephyr/libzephyr.a(shell.c.obj)
 .text.z_cursor_next_line_move.isra.0
                0x0000000000001e8c        0xc zephyr/libzephyr.a(shell.c.obj)
 .text.history_handle
                0x0000000000001e98       0xa8 zephyr/libzephyr.a(shell.c.obj)
 .text.execute  0x0000000000001f40      0x2c0 zephyr/libzephyr.a(shell.c.obj)
 .text.state_set.constprop.0
                0x0000000000002200       0x4c zephyr/libzephyr.a(shell.c.obj)
 .text.shell_process
                0x000000000000224c      0x6a8 zephyr/libzephyr.a(shell.c.obj)
                0x000000000000224c                shell_process
 .text.shell_init
                0x00000000000028f4       0xf8 zephyr/libzephyr.a(shell.c.obj)
                0x00000000000028f4                shell_init
 .text.shell_start
                0x00000000000029ec       0x54 zephyr/libzephyr.a(shell.c.obj)
                0x00000000000029ec                shell_start
 .text.shell_thread
                0x0000000000002a40       0xa0 zephyr/libzephyr.a(shell.c.obj)
                0x0000000000002a40                shell_thread
 .text.cmd_help
                0x0000000000002ae0       0x4c zephyr/libzephyr.a(shell.c.obj)
 .text.shell_hexdump_line
                0x0000000000002b2c       0xe4 zephyr/libzephyr.a(shell.c.obj)
                0x0000000000002b2c                shell_hexdump_line
 .text.z_shell_fprintf_fmt
                0x0000000000002c10       0x28 zephyr/libzephyr.a(shell_fprintf.c.obj)
                0x0000000000002c10                z_shell_fprintf_fmt
 .text.z_shell_cmd_get
                0x0000000000002c38       0x74 zephyr/libzephyr.a(shell_utils.c.obj)
                0x0000000000002c38                z_shell_cmd_get
 .text.shell_strtoul
                0x0000000000002cac       0x54 zephyr/libzephyr.a(shell_utils.c.obj)
                0x0000000000002cac                shell_strtoul
 .text.z_clear_eos
                0x0000000000002d00       0x18 zephyr/libzephyr.a(shell_ops.c.obj)
 .text.z_cursor_next_line_move.isra.0
                0x0000000000002d18        0xc zephyr/libzephyr.a(shell_ops.c.obj)
 .text.z_shell_op_cursor_vert_move
                0x0000000000002d24       0x2c zephyr/libzephyr.a(shell_ops.c.obj)
                0x0000000000002d24                z_shell_op_cursor_vert_move
 .text.z_shell_op_cursor_horiz_move
                0x0000000000002d50       0x2c zephyr/libzephyr.a(shell_ops.c.obj)
                0x0000000000002d50                z_shell_op_cursor_horiz_move
 .text.z_shell_print_cmd
                0x0000000000002d7c       0x78 zephyr/libzephyr.a(shell_ops.c.obj)
                0x0000000000002d7c                z_shell_print_cmd
 .text.z_shell_vt100_color_set
                0x0000000000002df4       0x40 zephyr/libzephyr.a(shell_ops.c.obj)
                0x0000000000002df4                z_shell_vt100_color_set
 .text.z_shell_vt100_colors_restore
                0x0000000000002e34       0x3c zephyr/libzephyr.a(shell_ops.c.obj)
                0x0000000000002e34                z_shell_vt100_colors_restore
 .text.z_shell_op_word_remove
                0x0000000000002e70       0xc0 zephyr/libzephyr.a(shell_ops.c.obj)
                0x0000000000002e70                z_shell_op_word_remove
 .text.reprint_from_cursor
                0x0000000000002f30       0x74 zephyr/libzephyr.a(shell_ops.c.obj)
 .text.z_shell_op_char_insert
                0x0000000000002fa4       0x6c zephyr/libzephyr.a(shell_ops.c.obj)
                0x0000000000002fa4                z_shell_op_char_insert
 .text.z_shell_print_prompt_and_cmd
                0x0000000000003010       0x30 zephyr/libzephyr.a(shell_ops.c.obj)
                0x0000000000003010                z_shell_print_prompt_and_cmd
 .text.z_cursor_next_line_move.isra.0
                0x0000000000003040        0xc zephyr/libzephyr.a(shell_help.c.obj)
 .text.z_shell_help_subcmd_print
                0x000000000000304c       0xb4 zephyr/libzephyr.a(shell_help.c.obj)
                0x000000000000304c                z_shell_help_subcmd_print
 .text.z_shell_help_cmd_print
                0x0000000000003100       0x40 zephyr/libzephyr.a(shell_help.c.obj)
                0x0000000000003100                z_shell_help_cmd_print
 .text.z_shell_help_request
                0x0000000000003140       0x28 zephyr/libzephyr.a(shell_help.c.obj)
                0x0000000000003140                z_shell_help_request
 .text.cmd_resize_default
                0x0000000000003168       0x2c zephyr/libzephyr.a(shell_cmds.c.obj)
 .text.cmd_shell_stats_show
                0x0000000000003194       0x18 zephyr/libzephyr.a(shell_cmds.c.obj)
 .text.cmd_backends
                0x00000000000031ac       0x54 zephyr/libzephyr.a(shell_cmds.c.obj)
 .text.cmd_prompt_off
                0x0000000000003200       0x10 zephyr/libzephyr.a(shell_cmds.c.obj)
 .text.cmd_history
                0x0000000000003210       0x44 zephyr/libzephyr.a(shell_cmds.c.obj)
 .text.cmd_get_retval
                0x0000000000003254       0x1c zephyr/libzephyr.a(shell_cmds.c.obj)
 .text.cmd_echo
                0x0000000000003270       0x58 zephyr/libzephyr.a(shell_cmds.c.obj)
 .text.cmd_clear
                0x00000000000032c8       0x34 zephyr/libzephyr.a(shell_cmds.c.obj)
 .text.cmd_resize
                0x00000000000032fc      0x1a8 zephyr/libzephyr.a(shell_cmds.c.obj)
 .text.z_shell_wildcard_process
                0x00000000000034a4       0xe4 zephyr/libzephyr.a(shell_wildcard.c.obj)
                0x00000000000034a4                z_shell_wildcard_process
 .text.nrf_cc3xx_platform_abort_init
                0x0000000000003588        0xc zephyr/libzephyr.a(nrf_cc3xx_platform_abort_zephyr.c.obj)
                0x0000000000003588                nrf_cc3xx_platform_abort_init
 .text.mutex_free_platform
                0x0000000000003594       0x54 zephyr/libzephyr.a(nrf_cc3xx_platform_mutex_zephyr.c.obj)
 .text.mutex_lock_platform
                0x00000000000035e8       0x60 zephyr/libzephyr.a(nrf_cc3xx_platform_mutex_zephyr.c.obj)
 .text.mutex_unlock_platform
                0x0000000000003648       0x58 zephyr/libzephyr.a(nrf_cc3xx_platform_mutex_zephyr.c.obj)
 .text.mutex_init_platform
                0x00000000000036a0       0x94 zephyr/libzephyr.a(nrf_cc3xx_platform_mutex_zephyr.c.obj)
 .text.nrf_cc3xx_platform_mutex_init
                0x0000000000003734       0x2c zephyr/libzephyr.a(nrf_cc3xx_platform_mutex_zephyr.c.obj)
                0x0000000000003734                nrf_cc3xx_platform_mutex_init
 .text.z_SysNmiOnReset
                0x0000000000003760        0x8 zephyr/arch/arch/arm/core/libarch__arm__core.a(nmi_on_reset.S.obj)
                0x0000000000003760                z_SysNmiOnReset
 .text.arch_tls_stack_setup
                0x0000000000003768       0x60 zephyr/arch/arch/arm/core/libarch__arm__core.a(tls.c.obj)
                0x0000000000003768                arch_tls_stack_setup
 .text._HandlerModeExit
                0x00000000000037c8       0x1c zephyr/arch/arch/arm/core/cortex_m/libarch__arm__core__cortex_m.a(exc_exit.S.obj)
                0x00000000000037c8                z_arm_int_exit
                0x00000000000037c8                z_arm_exc_exit
 .text.mem_manage_fault
                0x00000000000037e4       0xa0 zephyr/arch/arch/arm/core/cortex_m/libarch__arm__core__cortex_m.a(fault.c.obj)
 .text.usage_fault.constprop.0
                0x0000000000003884       0x54 zephyr/arch/arch/arm/core/cortex_m/libarch__arm__core__cortex_m.a(fault.c.obj)
 .text.bus_fault.constprop.0
                0x00000000000038d8       0x6c zephyr/arch/arch/arm/core/cortex_m/libarch__arm__core__cortex_m.a(fault.c.obj)
 .text.z_arm_fault
                0x0000000000003944      0x128 zephyr/arch/arch/arm/core/cortex_m/libarch__arm__core__cortex_m.a(fault.c.obj)
                0x0000000000003944                z_arm_fault
 .text.z_arm_fault_init
                0x0000000000003a6c       0x10 zephyr/arch/arch/arm/core/cortex_m/libarch__arm__core__cortex_m.a(fault.c.obj)
                0x0000000000003a6c                z_arm_fault_init
 .text.__fault  0x0000000000003a7c       0x14 zephyr/arch/arch/arm/core/cortex_m/libarch__arm__core__cortex_m.a(fault_s.S.obj)
                0x0000000000003a7c                z_arm_usage_fault
                0x0000000000003a7c                z_arm_mpu_fault
                0x0000000000003a7c                z_arm_exc_spurious
                0x0000000000003a7c                z_arm_debug_monitor
                0x0000000000003a7c                z_arm_hard_fault
                0x0000000000003a7c                z_arm_bus_fault
 .text._reset_section
                0x0000000000003a90       0x64 zephyr/arch/arch/arm/core/cortex_m/libarch__arm__core__cortex_m.a(reset.S.obj)
                0x0000000000003a90                __start
                0x0000000000003a90                z_arm_reset
 .text.sys_arch_reboot
                0x0000000000003af4       0x24 zephyr/arch/arch/arm/core/cortex_m/libarch__arm__core__cortex_m.a(scb.c.obj)
                0x0000000000003af4                sys_arch_reboot
 .text.z_arm_clear_arm_mpu_config
                0x0000000000003b18       0x24 zephyr/arch/arch/arm/core/cortex_m/libarch__arm__core__cortex_m.a(scb.c.obj)
                0x0000000000003b18                z_arm_clear_arm_mpu_config
 .text.z_arm_init_arch_hw_at_boot
                0x0000000000003b3c       0x64 zephyr/arch/arch/arm/core/cortex_m/libarch__arm__core__cortex_m.a(scb.c.obj)
                0x0000000000003b3c                z_arm_init_arch_hw_at_boot
 .text.z_impl_k_thread_abort
                0x0000000000003ba0       0x2c zephyr/arch/arch/arm/core/cortex_m/libarch__arm__core__cortex_m.a(thread_abort.c.obj)
                0x0000000000003ba0                z_impl_k_thread_abort
 .text.arch_swap
                0x0000000000003bcc       0x34 zephyr/arch/arch/arm/core/cortex_m/libarch__arm__core__cortex_m.a(swap.c.obj)
                0x0000000000003bcc                arch_swap
 .text.z_arm_pendsv
                0x0000000000003c00       0x68 zephyr/arch/arch/arm/core/cortex_m/libarch__arm__core__cortex_m.a(swap_helper.S.obj)
                0x0000000000003c00                z_arm_pendsv
 .text.z_arm_svc
                0x0000000000003c68       0x20 zephyr/arch/arch/arm/core/cortex_m/libarch__arm__core__cortex_m.a(swap_helper.S.obj)
                0x0000000000003c68                z_arm_svc
 .text.arch_irq_enable
                0x0000000000003c88       0x1c zephyr/arch/arch/arm/core/cortex_m/libarch__arm__core__cortex_m.a(irq_manage.c.obj)
                0x0000000000003c88                arch_irq_enable
 .text.arch_irq_disable
                0x0000000000003ca4       0x28 zephyr/arch/arch/arm/core/cortex_m/libarch__arm__core__cortex_m.a(irq_manage.c.obj)
                0x0000000000003ca4                arch_irq_disable
 .text.arch_irq_is_enabled
                0x0000000000003ccc       0x1c zephyr/arch/arch/arm/core/cortex_m/libarch__arm__core__cortex_m.a(irq_manage.c.obj)
                0x0000000000003ccc                arch_irq_is_enabled
 .text.z_arm_irq_priority_set
                0x0000000000003ce8       0x30 zephyr/arch/arch/arm/core/cortex_m/libarch__arm__core__cortex_m.a(irq_manage.c.obj)
                0x0000000000003ce8                z_arm_irq_priority_set
 .text.z_arm_prep_c
                0x0000000000003d18       0x38 zephyr/arch/arch/arm/core/cortex_m/libarch__arm__core__cortex_m.a(prep_c.c.obj)
                0x0000000000003d18                z_arm_prep_c
 .text.arch_new_thread
                0x0000000000003d50       0x38 zephyr/arch/arch/arm/core/cortex_m/libarch__arm__core__cortex_m.a(thread.c.obj)
                0x0000000000003d50                arch_new_thread
 .text.z_check_thread_stack_fail
                0x0000000000003d88       0x30 zephyr/arch/arch/arm/core/cortex_m/libarch__arm__core__cortex_m.a(thread.c.obj)
                0x0000000000003d88                z_check_thread_stack_fail
 .text.arch_switch_to_main_thread
                0x0000000000003db8       0x38 zephyr/arch/arch/arm/core/cortex_m/libarch__arm__core__cortex_m.a(thread.c.obj)
                0x0000000000003db8                arch_switch_to_main_thread
 .text.z_arm_cpu_idle_init
                0x0000000000003df0        0xc zephyr/arch/arch/arm/core/cortex_m/libarch__arm__core__cortex_m.a(cpu_idle.S.obj)
                0x0000000000003df0                z_arm_cpu_idle_init
 .text.arch_cpu_idle
                0x0000000000003dfc       0x1c zephyr/arch/arch/arm/core/cortex_m/libarch__arm__core__cortex_m.a(cpu_idle.S.obj)
                0x0000000000003dfc                arch_cpu_idle
 .text.arch_cpu_atomic_idle
                0x0000000000003e18       0x18 zephyr/arch/arch/arm/core/cortex_m/libarch__arm__core__cortex_m.a(cpu_idle.S.obj)
                0x0000000000003e18                arch_cpu_atomic_idle
 .text.z_arm_interrupt_init
                0x0000000000003e30       0x18 zephyr/arch/arch/arm/core/cortex_m/libarch__arm__core__cortex_m.a(irq_init.c.obj)
                0x0000000000003e30                z_arm_interrupt_init
 .text._isr_wrapper
                0x0000000000003e48       0x28 zephyr/arch/arch/arm/core/cortex_m/libarch__arm__core__cortex_m.a(isr_wrapper.S.obj)
                0x0000000000003e48                _isr_wrapper
 .text.z_arm_configure_static_mpu_regions
                0x0000000000003e70       0x18 zephyr/arch/arch/arm/core/mpu/libarch__arm__core__mpu.a(arm_core_mpu.c.obj)
                0x0000000000003e70                z_arm_configure_static_mpu_regions
 .text.z_arm_configure_dynamic_mpu_regions
                0x0000000000003e88       0x24 zephyr/arch/arch/arm/core/mpu/libarch__arm__core__mpu.a(arm_core_mpu.c.obj)
                0x0000000000003e88                z_arm_configure_dynamic_mpu_regions
 .text.region_init
                0x0000000000003eac       0x28 zephyr/arch/arch/arm/core/mpu/libarch__arm__core__mpu.a(arm_mpu.c.obj)
 .text.arm_core_mpu_enable
                0x0000000000003ed4       0x18 zephyr/arch/arch/arm/core/mpu/libarch__arm__core__mpu.a(arm_mpu.c.obj)
                0x0000000000003ed4                arm_core_mpu_enable
 .text.arm_core_mpu_disable
                0x0000000000003eec       0x14 zephyr/arch/arch/arm/core/mpu/libarch__arm__core__mpu.a(arm_mpu.c.obj)
                0x0000000000003eec                arm_core_mpu_disable
 .text.arm_core_mpu_configure_static_mpu_regions
                0x0000000000003f00       0x14 zephyr/arch/arch/arm/core/mpu/libarch__arm__core__mpu.a(arm_mpu.c.obj)
                0x0000000000003f00                arm_core_mpu_configure_static_mpu_regions
 .text.arm_core_mpu_configure_dynamic_mpu_regions
                0x0000000000003f14       0x30 zephyr/arch/arch/arm/core/mpu/libarch__arm__core__mpu.a(arm_mpu.c.obj)
                0x0000000000003f14                arm_core_mpu_configure_dynamic_mpu_regions
 .text.z_arm_mpu_init
                0x0000000000003f44      0x124 zephyr/arch/arch/arm/core/mpu/libarch__arm__core__mpu.a(arm_mpu.c.obj)
                0x0000000000003f44                z_arm_mpu_init
 .text.z_impl_zephyr_fputc
                0x0000000000004068       0x10 zephyr/lib/libc/picolibc/liblib__libc__picolibc.a(libc-hooks.c.obj)
                0x0000000000004068                z_impl_zephyr_fputc
 .text.__stdout_hook_install
                0x0000000000004078       0x18 zephyr/lib/libc/picolibc/liblib__libc__picolibc.a(libc-hooks.c.obj)
                0x0000000000004078                __stdout_hook_install
 .text.cbvprintf
                0x0000000000004090       0x38 zephyr/lib/libc/picolibc/liblib__libc__picolibc.a(libc-hooks.c.obj)
                0x0000000000004090                cbvprintf
 .text.malloc_prepare
                0x00000000000040c8       0x24 zephyr/lib/libc/common/liblib__libc__common.a(malloc.c.obj)
 .text.nordicsemi_nrf52_init
                0x00000000000040ec       0x44 zephyr/soc/soc/arm/nordic_nrf/libsoc__arm__nordic_nrf.a(soc.c.obj)
 .text.arch_busy_wait
                0x0000000000004130       0x14 zephyr/soc/soc/arm/nordic_nrf/libsoc__arm__nordic_nrf.a(soc.c.obj)
                0x0000000000004130                arch_busy_wait
 .text.z_arm_platform_init
                0x0000000000004144        0x4 zephyr/soc/soc/arm/nordic_nrf/libsoc__arm__nordic_nrf.a(soc_nrf_common.S.obj)
                0x0000000000004144                z_arm_platform_init
 .text.adc_context_start_sampling
                0x0000000000004148       0x1c zephyr/drivers/adc/libdrivers__adc.a(adc_nrfx_saadc.c.obj)
 .text.adc_nrfx_channel_setup
                0x0000000000004164       0xd8 zephyr/drivers/adc/libdrivers__adc.a(adc_nrfx_saadc.c.obj)
 .text.adc_nrfx_read
                0x000000000000423c      0x184 zephyr/drivers/adc/libdrivers__adc.a(adc_nrfx_saadc.c.obj)
 .text.init_saadc
                0x00000000000043c0       0x44 zephyr/drivers/adc/libdrivers__adc.a(adc_nrfx_saadc.c.obj)
 .text.saadc_irq_handler
                0x0000000000004404       0xd0 zephyr/drivers/adc/libdrivers__adc.a(adc_nrfx_saadc.c.obj)
 .text.onoff_stop
                0x00000000000044d4       0x30 zephyr/drivers/clock_control/libdrivers__clock_control.a(clock_control_nrf.c.obj)
 .text.onoff_start
                0x0000000000004504       0x44 zephyr/drivers/clock_control/libdrivers__clock_control.a(clock_control_nrf.c.obj)
 .text.clk_init
                0x0000000000004548       0x58 zephyr/drivers/clock_control/libdrivers__clock_control.a(clock_control_nrf.c.obj)
 .text.clkstarted_handle.constprop.0
                0x00000000000045a0       0x34 zephyr/drivers/clock_control/libdrivers__clock_control.a(clock_control_nrf.c.obj)
 .text.clock_event_handler
                0x00000000000045d4       0x1c zephyr/drivers/clock_control/libdrivers__clock_control.a(clock_control_nrf.c.obj)
 .text.generic_hfclk_start
                0x00000000000045f0       0x64 zephyr/drivers/clock_control/libdrivers__clock_control.a(clock_control_nrf.c.obj)
 .text.api_blocking_start
                0x0000000000004654       0x3c zephyr/drivers/clock_control/libdrivers__clock_control.a(clock_control_nrf.c.obj)
 .text.generic_hfclk_stop
                0x0000000000004690       0x34 zephyr/drivers/clock_control/libdrivers__clock_control.a(clock_control_nrf.c.obj)
 .text.z_nrf_clock_control_lf_on
                0x00000000000046c4       0xfc zephyr/drivers/clock_control/libdrivers__clock_control.a(clock_control_nrf.c.obj)
                0x00000000000046c4                z_nrf_clock_control_lf_on
 .text.uart_console_init
                0x00000000000047c0       0x28 zephyr/drivers/console/libdrivers__console.a(uart_console.c.obj)
 .text.console_out
                0x00000000000047e8       0x28 zephyr/drivers/console/libdrivers__console.a(uart_console.c.obj)
 .text.gpio_nrfx_pin_interrupt_configure
                0x0000000000004810      0x100 zephyr/drivers/gpio/libdrivers__gpio.a(gpio_nrfx.c.obj)
 .text.gpio_nrfx_init
                0x0000000000004910       0x48 zephyr/drivers/gpio/libdrivers__gpio.a(gpio_nrfx.c.obj)
 .text.nrfx_gpio_handler
                0x0000000000004958       0x4c zephyr/drivers/gpio/libdrivers__gpio.a(gpio_nrfx.c.obj)
 .text.gpio_nrfx_pin_configure
                0x00000000000049a4      0x18c zephyr/drivers/gpio/libdrivers__gpio.a(gpio_nrfx.c.obj)
 .text.cmd_i2c_speed
                0x0000000000004b30       0x90 zephyr/drivers/i2c/libdrivers__i2c.a(i2c_shell.c.obj)
 .text.i2c_read_to_buffer
                0x0000000000004bc0       0xa0 zephyr/drivers/i2c/libdrivers__i2c.a(i2c_shell.c.obj)
 .text.cmd_i2c_read_byte
                0x0000000000004c60       0x38 zephyr/drivers/i2c/libdrivers__i2c.a(i2c_shell.c.obj)
 .text.i2c_write_from_buffer
                0x0000000000004c98       0xd8 zephyr/drivers/i2c/libdrivers__i2c.a(i2c_shell.c.obj)
 .text.cmd_i2c_scan
                0x0000000000004d70       0xe4 zephyr/drivers/i2c/libdrivers__i2c.a(i2c_shell.c.obj)
 .text.cmd_i2c_recover
                0x0000000000004e54       0x4c zephyr/drivers/i2c/libdrivers__i2c.a(i2c_shell.c.obj)
 .text.i2c_nrfx_twi_recover_bus
                0x0000000000004ea0       0x24 zephyr/drivers/i2c/libdrivers__i2c.a(i2c_nrfx_twi.c.obj)
 .text.twi_1_init
                0x0000000000004ec4       0x58 zephyr/drivers/i2c/libdrivers__i2c.a(i2c_nrfx_twi.c.obj)
 .text.event_handler
                0x0000000000004f1c       0x34 zephyr/drivers/i2c/libdrivers__i2c.a(i2c_nrfx_twi.c.obj)
 .text.i2c_nrfx_twi_transfer
                0x0000000000004f50      0x100 zephyr/drivers/i2c/libdrivers__i2c.a(i2c_nrfx_twi.c.obj)
 .text.i2c_nrfx_twim_init
                0x0000000000005050       0x40 zephyr/drivers/i2c/libdrivers__i2c.a(i2c_nrfx_twim.c.obj)
 .text.i2c_nrfx_twim_recover_bus
                0x0000000000005090       0x3c zephyr/drivers/i2c/libdrivers__i2c.a(i2c_nrfx_twim.c.obj)
 .text.event_handler
                0x00000000000050cc       0x34 zephyr/drivers/i2c/libdrivers__i2c.a(i2c_nrfx_twim.c.obj)
 .text.i2c_nrfx_twim_transfer
                0x0000000000005100      0x17c zephyr/drivers/i2c/libdrivers__i2c.a(i2c_nrfx_twim.c.obj)
 .text.nrf_gpio_pin_port_decode
                0x000000000000527c       0x20 zephyr/drivers/pinctrl/libdrivers__pinctrl.a(pinctrl_nrf.c.obj)
 .text.pinctrl_configure_pins
                0x000000000000529c      0x1a4 zephyr/drivers/pinctrl/libdrivers__pinctrl.a(pinctrl_nrf.c.obj)
                0x000000000000529c                pinctrl_configure_pins
 .text.uarte_0_init
                0x0000000000005440      0x258 zephyr/drivers/serial/libdrivers__serial.a(uart_nrfx_uarte.c.obj)
 .text.uarte_nrfx_poll_out
                0x0000000000005698       0x98 zephyr/drivers/serial/libdrivers__serial.a(uart_nrfx_uarte.c.obj)
 .text.compare_int_lock
                0x0000000000005730       0x48 zephyr/drivers/timer/libdrivers__timer.a(nrf_rtc_timer.c.obj)
 .text.sys_clock_timeout_handler
                0x0000000000005778       0x48 zephyr/drivers/timer/libdrivers__timer.a(nrf_rtc_timer.c.obj)
 .text.compare_int_unlock
                0x00000000000057c0       0x5c zephyr/drivers/timer/libdrivers__timer.a(nrf_rtc_timer.c.obj)
 .text.z_nrf_rtc_timer_read
                0x000000000000581c       0x44 zephyr/drivers/timer/libdrivers__timer.a(nrf_rtc_timer.c.obj)
                0x000000000000581c                z_nrf_rtc_timer_read
 .text.compare_set
                0x0000000000005860      0x130 zephyr/drivers/timer/libdrivers__timer.a(nrf_rtc_timer.c.obj)
 .text.sys_clock_driver_init
                0x0000000000005990       0x90 zephyr/drivers/timer/libdrivers__timer.a(nrf_rtc_timer.c.obj)
 .text.rtc_nrf_isr
                0x0000000000005a20       0xd4 zephyr/drivers/timer/libdrivers__timer.a(nrf_rtc_timer.c.obj)
                0x0000000000005a20                rtc_nrf_isr
 .text.sys_clock_set_timeout
                0x0000000000005af4       0x5c zephyr/drivers/timer/libdrivers__timer.a(nrf_rtc_timer.c.obj)
                0x0000000000005af4                sys_clock_set_timeout
 .text.sys_clock_elapsed
                0x0000000000005b50       0x14 zephyr/drivers/timer/libdrivers__timer.a(nrf_rtc_timer.c.obj)
                0x0000000000005b50                sys_clock_elapsed
 .text.sys_clock_disable
                0x0000000000005b64       0x30 zephyr/drivers/timer/libdrivers__timer.a(nrf_rtc_timer.c.obj)
                0x0000000000005b64                sys_clock_disable
 .text.nrf52_errata_98
                0x0000000000005b94       0x24 modules/hal_nordic/nrfx/libmodules__hal_nordic__nrfx.a(system_nrf52840.c.obj)
 .text.nvmc_wait
                0x0000000000005bb8       0x10 modules/hal_nordic/nrfx/libmodules__hal_nordic__nrfx.a(system_nrf52840.c.obj)
                0x0000000000005bb8                nvmc_wait
 .text.SystemInit
                0x0000000000005bc8      0x1bc modules/hal_nordic/nrfx/libmodules__hal_nordic__nrfx.a(system_nrf52840.c.obj)
                0x0000000000005bc8                SystemInit
 .text.nrfx_flag32_alloc
                0x0000000000005d84       0x48 modules/hal_nordic/nrfx/libmodules__hal_nordic__nrfx.a(nrfx_flag32_allocator.c.obj)
                0x0000000000005d84                nrfx_flag32_alloc
 .text.nrfx_flag32_free
                0x0000000000005dcc       0x40 modules/hal_nordic/nrfx/libmodules__hal_nordic__nrfx.a(nrfx_flag32_allocator.c.obj)
                0x0000000000005dcc                nrfx_flag32_free
 .text.nrfx_gppi_channels_enable
                0x0000000000005e0c        0xc modules/hal_nordic/nrfx/libmodules__hal_nordic__nrfx.a(nrfx_gppi_ppi.c.obj)
                0x0000000000005e0c                nrfx_gppi_channels_enable
 .text.clock_stop
                0x0000000000005e18       0xc4 modules/hal_nordic/nrfx/libmodules__hal_nordic__nrfx.a(nrfx_clock.c.obj)
 .text.nrfx_clock_init
                0x0000000000005edc       0x20 modules/hal_nordic/nrfx/libmodules__hal_nordic__nrfx.a(nrfx_clock.c.obj)
                0x0000000000005edc                nrfx_clock_init
 .text.nrfx_clock_enable
                0x0000000000005efc       0x24 modules/hal_nordic/nrfx/libmodules__hal_nordic__nrfx.a(nrfx_clock.c.obj)
                0x0000000000005efc                nrfx_clock_enable
 .text.nrfx_clock_start
                0x0000000000005f20       0xa8 modules/hal_nordic/nrfx/libmodules__hal_nordic__nrfx.a(nrfx_clock.c.obj)
                0x0000000000005f20                nrfx_clock_start
 .text.nrfx_power_clock_irq_handler
                0x0000000000005fc8       0x68 modules/hal_nordic/nrfx/libmodules__hal_nordic__nrfx.a(nrfx_clock.c.obj)
                0x0000000000005fc8                nrfx_power_clock_irq_handler
 .text.nrf_gpio_pin_port_decode
                0x0000000000006030       0x20 modules/hal_nordic/nrfx/libmodules__hal_nordic__nrfx.a(nrfx_gpiote.c.obj)
 .text.get_pin_idx
                0x0000000000006050       0x14 modules/hal_nordic/nrfx/libmodules__hal_nordic__nrfx.a(nrfx_gpiote.c.obj)
 .text.call_handler.constprop.0
                0x0000000000006064       0x40 modules/hal_nordic/nrfx/libmodules__hal_nordic__nrfx.a(nrfx_gpiote.c.obj)
 .text.pin_te_get.constprop.0
                0x00000000000060a4       0x18 modules/hal_nordic/nrfx/libmodules__hal_nordic__nrfx.a(nrfx_gpiote.c.obj)
 .text.pin_is_output.constprop.0
                0x00000000000060bc       0x18 modules/hal_nordic/nrfx/libmodules__hal_nordic__nrfx.a(nrfx_gpiote.c.obj)
 .text.pin_in_use_by_te.constprop.0
                0x00000000000060d4       0x18 modules/hal_nordic/nrfx/libmodules__hal_nordic__nrfx.a(nrfx_gpiote.c.obj)
 .text.latch_pending_read_and_check
                0x00000000000060ec       0x40 modules/hal_nordic/nrfx/libmodules__hal_nordic__nrfx.a(nrfx_gpiote.c.obj)
 .text.release_handler.isra.0
                0x000000000000612c       0x58 modules/hal_nordic/nrfx/libmodules__hal_nordic__nrfx.a(nrfx_gpiote.c.obj)
 .text.__nrfy_internal_gpiote_events_process.constprop.0
                0x0000000000006184       0x5c modules/hal_nordic/nrfx/libmodules__hal_nordic__nrfx.a(nrfx_gpiote.c.obj)
 .text.pin_uninit
                0x00000000000061e0       0x80 modules/hal_nordic/nrfx/libmodules__hal_nordic__nrfx.a(nrfx_gpiote.c.obj)
 .text.nrfx_gpiote_input_configure
                0x0000000000006260      0x174 modules/hal_nordic/nrfx/libmodules__hal_nordic__nrfx.a(nrfx_gpiote.c.obj)
                0x0000000000006260                nrfx_gpiote_input_configure
 .text.nrfx_gpiote_output_configure
                0x00000000000063d4       0xfc modules/hal_nordic/nrfx/libmodules__hal_nordic__nrfx.a(nrfx_gpiote.c.obj)
                0x00000000000063d4                nrfx_gpiote_output_configure
 .text.nrfx_gpiote_global_callback_set
                0x00000000000064d0        0xc modules/hal_nordic/nrfx/libmodules__hal_nordic__nrfx.a(nrfx_gpiote.c.obj)
                0x00000000000064d0                nrfx_gpiote_global_callback_set
 .text.nrfx_gpiote_channel_get
                0x00000000000064dc       0x34 modules/hal_nordic/nrfx/libmodules__hal_nordic__nrfx.a(nrfx_gpiote.c.obj)
                0x00000000000064dc                nrfx_gpiote_channel_get
 .text.nrfx_gpiote_init
                0x0000000000006510       0x70 modules/hal_nordic/nrfx/libmodules__hal_nordic__nrfx.a(nrfx_gpiote.c.obj)
                0x0000000000006510                nrfx_gpiote_init
 .text.nrfx_gpiote_init_check
                0x0000000000006580       0x14 modules/hal_nordic/nrfx/libmodules__hal_nordic__nrfx.a(nrfx_gpiote.c.obj)
                0x0000000000006580                nrfx_gpiote_init_check
 .text.nrfx_gpiote_channel_free
                0x0000000000006594        0xc modules/hal_nordic/nrfx/libmodules__hal_nordic__nrfx.a(nrfx_gpiote.c.obj)
                0x0000000000006594                nrfx_gpiote_channel_free
 .text.nrfx_gpiote_channel_alloc
                0x00000000000065a0        0xc modules/hal_nordic/nrfx/libmodules__hal_nordic__nrfx.a(nrfx_gpiote.c.obj)
                0x00000000000065a0                nrfx_gpiote_channel_alloc
 .text.nrfx_gpiote_trigger_enable
                0x00000000000065ac       0x9c modules/hal_nordic/nrfx/libmodules__hal_nordic__nrfx.a(nrfx_gpiote.c.obj)
                0x00000000000065ac                nrfx_gpiote_trigger_enable
 .text.nrfx_gpiote_0_irq_handler
                0x0000000000006648      0x1bc modules/hal_nordic/nrfx/libmodules__hal_nordic__nrfx.a(nrfx_gpiote.c.obj)
                0x0000000000006648                nrfx_gpiote_0_irq_handler
 .text.nrfx_ppi_channel_alloc
                0x0000000000006804        0xc modules/hal_nordic/nrfx/libmodules__hal_nordic__nrfx.a(nrfx_ppi.c.obj)
                0x0000000000006804                nrfx_ppi_channel_alloc
 .text.nrf_gpio_cfg.constprop.0
                0x0000000000006810       0x48 modules/hal_nordic/nrfx/libmodules__hal_nordic__nrfx.a(nrfx_twi.c.obj)
 .text.twi_configure
                0x0000000000006858       0x3c modules/hal_nordic/nrfx/libmodules__hal_nordic__nrfx.a(nrfx_twi.c.obj)
 .text.twi_tx_start_transfer
                0x0000000000006894      0x104 modules/hal_nordic/nrfx/libmodules__hal_nordic__nrfx.a(nrfx_twi.c.obj)
 .text.twi_rx_start_transfer
                0x0000000000006998       0xe4 modules/hal_nordic/nrfx/libmodules__hal_nordic__nrfx.a(nrfx_twi.c.obj)
 .text.nrfx_twi_init
                0x0000000000006a7c       0x88 modules/hal_nordic/nrfx/libmodules__hal_nordic__nrfx.a(nrfx_twi.c.obj)
                0x0000000000006a7c                nrfx_twi_init
 .text.nrfx_twi_enable
                0x0000000000006b04       0x20 modules/hal_nordic/nrfx/libmodules__hal_nordic__nrfx.a(nrfx_twi.c.obj)
                0x0000000000006b04                nrfx_twi_enable
 .text.nrfx_twi_disable
                0x0000000000006b24       0x38 modules/hal_nordic/nrfx/libmodules__hal_nordic__nrfx.a(nrfx_twi.c.obj)
                0x0000000000006b24                nrfx_twi_disable
 .text.nrfx_twi_xfer
                0x0000000000006b5c       0xdc modules/hal_nordic/nrfx/libmodules__hal_nordic__nrfx.a(nrfx_twi.c.obj)
                0x0000000000006b5c                nrfx_twi_xfer
 .text.nrfx_twi_1_irq_handler
                0x0000000000006c38       0xd8 modules/hal_nordic/nrfx/libmodules__hal_nordic__nrfx.a(nrfx_twi.c.obj)
                0x0000000000006c38                nrfx_twi_1_irq_handler
 .text.nrf_gpio_cfg.constprop.0
                0x0000000000006d10       0x48 modules/hal_nordic/nrfx/libmodules__hal_nordic__nrfx.a(nrfx_twim.c.obj)
 .text.twim_configure
                0x0000000000006d58       0x3c modules/hal_nordic/nrfx/libmodules__hal_nordic__nrfx.a(nrfx_twim.c.obj)
 .text.nrfx_twim_init
                0x0000000000006d94       0x88 modules/hal_nordic/nrfx/libmodules__hal_nordic__nrfx.a(nrfx_twim.c.obj)
                0x0000000000006d94                nrfx_twim_init
 .text.nrfx_twim_enable
                0x0000000000006e1c       0x20 modules/hal_nordic/nrfx/libmodules__hal_nordic__nrfx.a(nrfx_twim.c.obj)
                0x0000000000006e1c                nrfx_twim_enable
 .text.nrfx_twim_disable
                0x0000000000006e3c       0x3c modules/hal_nordic/nrfx/libmodules__hal_nordic__nrfx.a(nrfx_twim.c.obj)
                0x0000000000006e3c                nrfx_twim_disable
 .text.nrfx_twim_xfer
                0x0000000000006e78      0x350 modules/hal_nordic/nrfx/libmodules__hal_nordic__nrfx.a(nrfx_twim.c.obj)
                0x0000000000006e78                nrfx_twim_xfer
 .text.nrfx_twim_0_irq_handler
                0x00000000000071c8      0x184 modules/hal_nordic/nrfx/libmodules__hal_nordic__nrfx.a(nrfx_twim.c.obj)
                0x00000000000071c8                nrfx_twim_0_irq_handler
 .text.nrf_gpio_pin_port_decode
                0x000000000000734c       0x20 modules/hal_nordic/nrfx/libmodules__hal_nordic__nrfx.a(nrfx_twi_twim.c.obj)
 .text.nrfx_twi_twim_bus_recover
                0x000000000000736c       0xdc modules/hal_nordic/nrfx/libmodules__hal_nordic__nrfx.a(nrfx_twi_twim.c.obj)
                0x000000000000736c                nrfx_twi_twim_bus_recover
 .text._DoInit  0x0000000000007448       0x68 modules/segger/libmodules__segger.a(SEGGER_RTT.c.obj)
 .text.z_device_get_all_static
                0x00000000000074b0       0x18 zephyr/kernel/libkernel.a(device.c.obj)
                0x00000000000074b0                z_device_get_all_static
 .text.z_impl_device_get_binding
                0x00000000000074c8       0x54 zephyr/kernel/libkernel.a(device.c.obj)
                0x00000000000074c8                z_impl_device_get_binding
 .text.z_fatal_error
                0x000000000000751c       0x30 zephyr/kernel/libkernel.a(fatal.c.obj)
                0x000000000000751c                z_fatal_error
 .text.z_sys_init_run_level
                0x000000000000754c       0x48 zephyr/kernel/libkernel.a(init.c.obj)
 .text.bg_thread_main
                0x0000000000007594       0x34 zephyr/kernel/libkernel.a(init.c.obj)
 .text.z_bss_zero
                0x00000000000075c8       0x18 zephyr/kernel/libkernel.a(init.c.obj)
                0x00000000000075c8                z_bss_zero
 .text.z_init_cpu
                0x00000000000075e0       0x94 zephyr/kernel/libkernel.a(init.c.obj)
                0x00000000000075e0                z_init_cpu
 .text.z_cstart
                0x0000000000007674       0xdc zephyr/kernel/libkernel.a(init.c.obj)
                0x0000000000007674                z_cstart
 .text.init_mem_slab_obj_core_list
                0x0000000000007750       0x24 zephyr/kernel/libkernel.a(mem_slab.c.obj)
 .text.k_mem_slab_alloc
                0x0000000000007774       0x5c zephyr/kernel/libkernel.a(mem_slab.c.obj)
                0x0000000000007774                k_mem_slab_alloc
 .text.k_thread_foreach
                0x00000000000077d0       0x34 zephyr/kernel/libkernel.a(thread.c.obj)
                0x00000000000077d0                k_thread_foreach
 .text.z_thread_monitor_exit
                0x0000000000007804       0x3c zephyr/kernel/libkernel.a(thread.c.obj)
                0x0000000000007804                z_thread_monitor_exit
 .text.z_impl_k_thread_name_set
                0x0000000000007840       0x20 zephyr/kernel/libkernel.a(thread.c.obj)
                0x0000000000007840                z_impl_k_thread_name_set
 .text.k_thread_state_str
                0x0000000000007860       0x90 zephyr/kernel/libkernel.a(thread.c.obj)
                0x0000000000007860                k_thread_state_str
 .text.z_setup_new_thread
                0x00000000000078f0       0xe0 zephyr/kernel/libkernel.a(thread.c.obj)
                0x00000000000078f0                z_setup_new_thread
 .text.z_impl_k_thread_create
                0x00000000000079d0       0x58 zephyr/kernel/libkernel.a(thread.c.obj)
                0x00000000000079d0                z_impl_k_thread_create
 .text.z_init_static_threads
                0x0000000000007a28       0x98 zephyr/kernel/libkernel.a(thread.c.obj)
                0x0000000000007a28                z_init_static_threads
 .text.sys_kernel_version_get
                0x0000000000007ac0        0x8 zephyr/kernel/libkernel.a(version.c.obj)
                0x0000000000007ac0                sys_kernel_version_get
 .text.z_impl_k_mutex_unlock
                0x0000000000007ac8       0x7c zephyr/kernel/libkernel.a(mutex.c.obj)
                0x0000000000007ac8                z_impl_k_mutex_unlock
 .text.z_impl_k_mutex_lock
                0x0000000000007b44       0xf4 zephyr/kernel/libkernel.a(mutex.c.obj)
                0x0000000000007b44                z_impl_k_mutex_lock
 .text.z_impl_k_sem_give
                0x0000000000007c38       0x4c zephyr/kernel/libkernel.a(sem.c.obj)
                0x0000000000007c38                z_impl_k_sem_give
 .text.z_impl_k_sem_take
                0x0000000000007c84       0x50 zephyr/kernel/libkernel.a(sem.c.obj)
                0x0000000000007c84                z_impl_k_sem_take
 .text.sliceable
                0x0000000000007cd4       0x3c zephyr/kernel/libkernel.a(sched.c.obj)
 .text.slice_timeout
                0x0000000000007d10       0x20 zephyr/kernel/libkernel.a(sched.c.obj)
 .text.z_reset_time_slice
                0x0000000000007d30       0x50 zephyr/kernel/libkernel.a(sched.c.obj)
                0x0000000000007d30                z_reset_time_slice
 .text.update_cache
                0x0000000000007d80       0x3c zephyr/kernel/libkernel.a(sched.c.obj)
 .text.move_thread_to_end_of_prio_q
                0x0000000000007dbc       0x74 zephyr/kernel/libkernel.a(sched.c.obj)
 .text.ready_thread
                0x0000000000007e30       0x68 zephyr/kernel/libkernel.a(sched.c.obj)
 .text.unready_thread
                0x0000000000007e98       0x30 zephyr/kernel/libkernel.a(sched.c.obj)
 .text.pend_locked
                0x0000000000007ec8       0x30 zephyr/kernel/libkernel.a(sched.c.obj)
 .text.z_thread_halt
                0x0000000000007ef8       0xac zephyr/kernel/libkernel.a(sched.c.obj)
 .text.z_time_slice
                0x0000000000007fa4       0x60 zephyr/kernel/libkernel.a(sched.c.obj)
                0x0000000000007fa4                z_time_slice
 .text.z_pend_curr
                0x0000000000008004       0x3c zephyr/kernel/libkernel.a(sched.c.obj)
                0x0000000000008004                z_pend_curr
 .text.z_set_prio
                0x0000000000008040       0x8c zephyr/kernel/libkernel.a(sched.c.obj)
                0x0000000000008040                z_set_prio
 .text.z_reschedule
                0x00000000000080cc       0x24 zephyr/kernel/libkernel.a(sched.c.obj)
                0x00000000000080cc                z_reschedule
 .text.z_sched_start
                0x00000000000080f0       0x3c zephyr/kernel/libkernel.a(sched.c.obj)
                0x00000000000080f0                z_sched_start
 .text.k_sched_lock
                0x000000000000812c       0x28 zephyr/kernel/libkernel.a(sched.c.obj)
                0x000000000000812c                k_sched_lock
 .text.k_sched_unlock
                0x0000000000008154       0x38 zephyr/kernel/libkernel.a(sched.c.obj)
                0x0000000000008154                k_sched_unlock
 .text.z_sched_init
                0x000000000000818c       0x10 zephyr/kernel/libkernel.a(sched.c.obj)
                0x000000000000818c                z_sched_init
 .text.z_impl_k_yield
                0x000000000000819c       0x7c zephyr/kernel/libkernel.a(sched.c.obj)
                0x000000000000819c                z_impl_k_yield
 .text.z_tick_sleep
                0x0000000000008218       0x88 zephyr/kernel/libkernel.a(sched.c.obj)
 .text.z_impl_k_sleep
                0x00000000000082a0       0x34 zephyr/kernel/libkernel.a(sched.c.obj)
                0x00000000000082a0                z_impl_k_sleep
 .text.z_impl_k_sched_current_thread_query
                0x00000000000082d4        0xc zephyr/kernel/libkernel.a(sched.c.obj)
                0x00000000000082d4                z_impl_k_sched_current_thread_query
 .text.z_sched_wait
                0x00000000000082e0       0x24 zephyr/kernel/libkernel.a(sched.c.obj)
                0x00000000000082e0                z_sched_wait
 .text.z_data_copy
                0x0000000000008304       0x34 zephyr/kernel/libkernel.a(xip.c.obj)
                0x0000000000008304                z_data_copy
 .text.elapsed  0x0000000000008338       0x14 zephyr/kernel/libkernel.a(timeout.c.obj)
 .text.next_timeout
                0x000000000000834c       0x40 zephyr/kernel/libkernel.a(timeout.c.obj)
 .text.remove_timeout
                0x000000000000838c       0x38 zephyr/kernel/libkernel.a(timeout.c.obj)
 .text.z_add_timeout
                0x00000000000083c4       0xec zephyr/kernel/libkernel.a(timeout.c.obj)
                0x00000000000083c4                z_add_timeout
 .text.sys_clock_announce
                0x00000000000084b0       0xd4 zephyr/kernel/libkernel.a(timeout.c.obj)
                0x00000000000084b0                sys_clock_announce
 .text.sys_clock_tick_get
                0x0000000000008584       0x34 zephyr/kernel/libkernel.a(timeout.c.obj)
                0x0000000000008584                sys_clock_tick_get
 .text.z_timer_expiration_handler
                0x00000000000085b8       0xe4 zephyr/kernel/libkernel.a(timer.c.obj)
                0x00000000000085b8                z_timer_expiration_handler
 .text.z_impl_k_timer_start
                0x000000000000869c       0x74 zephyr/kernel/libkernel.a(timer.c.obj)
                0x000000000000869c                z_impl_k_timer_start
 .text.z_impl_k_poll
                0x0000000000008710       0xb8 zephyr/kernel/libkernel.a(poll.c.obj)
                0x0000000000008710                z_impl_k_poll
 .text.z_impl_k_poll_signal_raise
                0x00000000000087c8       0x50 zephyr/kernel/libkernel.a(poll.c.obj)
                0x00000000000087c8                z_impl_k_poll_signal_raise
 .text.boot_banner
                0x0000000000008818        0xc zephyr/kernel/libkernel.a(banner.c.obj)
                0x0000000000008818                boot_banner
 .text.k_sys_work_q_init
                0x0000000000008824       0x34 zephyr/kernel/libkernel.a(system_work_q.c.obj)
 .text.work_queue_main
                0x0000000000008858      0x138 zephyr/kernel/libkernel.a(work.c.obj)
 .text.submit_to_queue_locked
                0x0000000000008990       0xb4 zephyr/kernel/libkernel.a(work.c.obj)
 .text.k_work_queue_start
                0x0000000000008a44       0x70 zephyr/kernel/libkernel.a(work.c.obj)
                0x0000000000008a44                k_work_queue_start
 .text.nrf_cc3xx_platform_init_no_rng
                0x0000000000008ab4       0x38 C:/ncs/v2.6.1/nrfxlib/crypto/nrf_cc310_platform/lib/cortex-m4/soft-float/no-interrupts/libnrf_cc310_platform_0.9.19.a(nrf_cc3xx_platform.c.obj)
                0x0000000000008ab4                nrf_cc3xx_platform_init_no_rng
 .text.nrf_cc3xx_platform_abort
                0x0000000000008aec       0x24 C:/ncs/v2.6.1/nrfxlib/crypto/nrf_cc310_platform/lib/cortex-m4/soft-float/no-interrupts/libnrf_cc310_platform_0.9.19.a(nrf_cc3xx_platform_abort.c.obj)
 .text.CC_PalAbort
                0x0000000000008b10       0x34 C:/ncs/v2.6.1/nrfxlib/crypto/nrf_cc310_platform/lib/cortex-m4/soft-float/no-interrupts/libnrf_cc310_platform_0.9.19.a(nrf_cc3xx_platform_abort.c.obj)
                0x0000000000008b10                CC_PalAbort
 .text.nrf_cc3xx_platform_set_abort
                0x0000000000008b44       0x10 C:/ncs/v2.6.1/nrfxlib/crypto/nrf_cc310_platform/lib/cortex-m4/soft-float/no-interrupts/libnrf_cc310_platform_0.9.19.a(nrf_cc3xx_platform_abort.c.obj)
                0x0000000000008b44                nrf_cc3xx_platform_set_abort
 .text.mutex_free
                0x0000000000008b54       0x34 C:/ncs/v2.6.1/nrfxlib/crypto/nrf_cc310_platform/lib/cortex-m4/soft-float/no-interrupts/libnrf_cc310_platform_0.9.19.a(nrf_cc3xx_platform_mutex.c.obj)
 .text.mutex_lock
                0x0000000000008b88       0x48 C:/ncs/v2.6.1/nrfxlib/crypto/nrf_cc310_platform/lib/cortex-m4/soft-float/no-interrupts/libnrf_cc310_platform_0.9.19.a(nrf_cc3xx_platform_mutex.c.obj)
 .text.mutex_unlock
                0x0000000000008bd0       0x38 C:/ncs/v2.6.1/nrfxlib/crypto/nrf_cc310_platform/lib/cortex-m4/soft-float/no-interrupts/libnrf_cc310_platform_0.9.19.a(nrf_cc3xx_platform_mutex.c.obj)
 .text.mutex_init
                0x0000000000008c08       0x20 C:/ncs/v2.6.1/nrfxlib/crypto/nrf_cc310_platform/lib/cortex-m4/soft-float/no-interrupts/libnrf_cc310_platform_0.9.19.a(nrf_cc3xx_platform_mutex.c.obj)
 .text.nrf_cc3xx_platform_set_mutexes
                0x0000000000008c28       0x74 C:/ncs/v2.6.1/nrfxlib/crypto/nrf_cc310_platform/lib/cortex-m4/soft-float/no-interrupts/libnrf_cc310_platform_0.9.19.a(nrf_cc3xx_platform_mutex.c.obj)
                0x0000000000008c28                nrf_cc3xx_platform_set_mutexes
 .text.CC_LibInitNoRng
                0x0000000000008c9c       0x64 C:/ncs/v2.6.1/nrfxlib/crypto/nrf_cc310_platform/lib/cortex-m4/soft-float/no-interrupts/libnrf_cc310_platform_0.9.19.a(cc_lib.c.obj)
                0x0000000000008c9c                CC_LibInitNoRng
 .text.CC_HalInit
                0x0000000000008d00        0x4 C:/ncs/v2.6.1/nrfxlib/crypto/nrf_cc310_platform/lib/cortex-m4/soft-float/no-interrupts/libnrf_cc310_platform_0.9.19.a(cc_hal.c.obj)
                0x0000000000008d00                CC_HalInit
 .text.CC_HalTerminate
                0x0000000000008d04        0x4 C:/ncs/v2.6.1/nrfxlib/crypto/nrf_cc310_platform/lib/cortex-m4/soft-float/no-interrupts/libnrf_cc310_platform_0.9.19.a(cc_hal.c.obj)
                0x0000000000008d04                CC_HalTerminate
 .text.CC_HalMaskInterrupt
                0x0000000000008d08        0xc C:/ncs/v2.6.1/nrfxlib/crypto/nrf_cc310_platform/lib/cortex-m4/soft-float/no-interrupts/libnrf_cc310_platform_0.9.19.a(cc_hal.c.obj)
                0x0000000000008d08                CC_HalMaskInterrupt
 .text.CC_PalInit
                0x0000000000008d14       0x5c C:/ncs/v2.6.1/nrfxlib/crypto/nrf_cc310_platform/lib/cortex-m4/soft-float/no-interrupts/libnrf_cc310_platform_0.9.19.a(cc_pal.c.obj)
                0x0000000000008d14                CC_PalInit
 .text.CC_PalTerminate
                0x0000000000008d70       0x34 C:/ncs/v2.6.1/nrfxlib/crypto/nrf_cc310_platform/lib/cortex-m4/soft-float/no-interrupts/libnrf_cc310_platform_0.9.19.a(cc_pal.c.obj)
                0x0000000000008d70                CC_PalTerminate
 .text.CC_PalDmaInit
                0x0000000000008da4        0x4 C:/ncs/v2.6.1/nrfxlib/crypto/nrf_cc310_platform/lib/cortex-m4/soft-float/no-interrupts/libnrf_cc310_platform_0.9.19.a(cc_pal_dma.c.obj)
                0x0000000000008da4                CC_PalDmaInit
 .text.CC_PalDmaTerminate
                0x0000000000008da8        0x4 C:/ncs/v2.6.1/nrfxlib/crypto/nrf_cc310_platform/lib/cortex-m4/soft-float/no-interrupts/libnrf_cc310_platform_0.9.19.a(cc_pal_dma.c.obj)
                0x0000000000008da8                CC_PalDmaTerminate
 .text.CC_PalMutexCreate
                0x0000000000008dac       0x14 C:/ncs/v2.6.1/nrfxlib/crypto/nrf_cc310_platform/lib/cortex-m4/soft-float/no-interrupts/libnrf_cc310_platform_0.9.19.a(cc_pal_mutex.c.obj)
                0x0000000000008dac                CC_PalMutexCreate
 .text.CC_PalMutexDestroy
                0x0000000000008dc0       0x14 C:/ncs/v2.6.1/nrfxlib/crypto/nrf_cc310_platform/lib/cortex-m4/soft-float/no-interrupts/libnrf_cc310_platform_0.9.19.a(cc_pal_mutex.c.obj)
                0x0000000000008dc0                CC_PalMutexDestroy
 .text.CC_PalPowerSaveModeInit
                0x0000000000008dd4       0x3c C:/ncs/v2.6.1/nrfxlib/crypto/nrf_cc310_platform/lib/cortex-m4/soft-float/no-interrupts/libnrf_cc310_platform_0.9.19.a(cc_pal_pm.c.obj)
                0x0000000000008dd4                CC_PalPowerSaveModeInit
 .text.CC_PalPowerSaveModeSelect
                0x0000000000008e10       0x84 C:/ncs/v2.6.1/nrfxlib/crypto/nrf_cc310_platform/lib/cortex-m4/soft-float/no-interrupts/libnrf_cc310_platform_0.9.19.a(cc_pal_pm.c.obj)
                0x0000000000008e10                CC_PalPowerSaveModeSelect
 .text.snprintf
                0x0000000000008e94       0x58 c:\ncs\toolchains\ce3b5ff664\opt\zephyr-sdk\arm-zephyr-eabi\bin\../lib/gcc/../../picolibc/arm-zephyr-eabi/lib/thumb/v7e-m/nofp\libc.a(libc_tinystdio_snprintf.c.o)
                0x0000000000008e94                snprintf
 .text.strtol   0x0000000000008eec       0xec c:\ncs\toolchains\ce3b5ff664\opt\zephyr-sdk\arm-zephyr-eabi\bin\../lib/gcc/../../picolibc/arm-zephyr-eabi/lib/thumb/v7e-m/nofp\libc.a(libc_tinystdio_strtol.c.o)
                0x0000000000008eec                strtol
 .text.strtoul  0x0000000000008fd8       0xcc c:\ncs\toolchains\ce3b5ff664\opt\zephyr-sdk\arm-zephyr-eabi\bin\../lib/gcc/../../picolibc/arm-zephyr-eabi/lib/thumb/v7e-m/nofp\libc.a(libc_tinystdio_strtoul.c.o)
                0x0000000000008fd8                strtoul
 .text.skip_to_arg
                0x00000000000090a4      0x138 c:\ncs\toolchains\ce3b5ff664\opt\zephyr-sdk\arm-zephyr-eabi\bin\../lib/gcc/../../picolibc/arm-zephyr-eabi/lib/thumb/v7e-m/nofp\libc.a(libc_tinystdio_vfprintf.c.o)
 .text.vfprintf
                0x00000000000091dc      0x9f8 c:\ncs\toolchains\ce3b5ff664\opt\zephyr-sdk\arm-zephyr-eabi\bin\../lib/gcc/../../picolibc/arm-zephyr-eabi/lib/thumb/v7e-m/nofp\libc.a(libc_tinystdio_vfprintf.c.o)
                0x00000000000091dc                __d_vfprintf
 .text.div10    0x0000000000009bd4       0x28 c:\ncs\toolchains\ce3b5ff664\opt\zephyr-sdk\arm-zephyr-eabi\bin\../lib/gcc/../../picolibc/arm-zephyr-eabi/lib/thumb/v7e-m/nofp\libc.a(libc_tinystdio_dtoa_ryu.c.o)
 .text.__dtoa_engine
                0x0000000000009bfc      0x49c c:\ncs\toolchains\ce3b5ff664\opt\zephyr-sdk\arm-zephyr-eabi\bin\../lib/gcc/../../picolibc/arm-zephyr-eabi/lib/thumb/v7e-m/nofp\libc.a(libc_tinystdio_dtoa_ryu.c.o)
                0x0000000000009bfc                __dtoa_engine
 .text.__log10Pow2
                0x000000000000a098        0xc c:\ncs\toolchains\ce3b5ff664\opt\zephyr-sdk\arm-zephyr-eabi\bin\../lib/gcc/../../picolibc/arm-zephyr-eabi/lib/thumb/v7e-m/nofp\libc.a(libc_tinystdio_ryu_log10.c.o)
                0x000000000000a098                __log10Pow2
 .text.__log10Pow5
                0x000000000000a0a4        0xc c:\ncs\toolchains\ce3b5ff664\opt\zephyr-sdk\arm-zephyr-eabi\bin\../lib/gcc/../../picolibc/arm-zephyr-eabi/lib/thumb/v7e-m/nofp\libc.a(libc_tinystdio_ryu_log10.c.o)
                0x000000000000a0a4                __log10Pow5
 .text.__pow5bits
                0x000000000000a0b0       0x10 c:\ncs\toolchains\ce3b5ff664\opt\zephyr-sdk\arm-zephyr-eabi\bin\../lib/gcc/../../picolibc/arm-zephyr-eabi/lib/thumb/v7e-m/nofp\libc.a(libc_tinystdio_ryu_pow5bits.c.o)
                0x000000000000a0b0                __pow5bits
 .text.__pow5Factor
                0x000000000000a0c0       0x30 c:\ncs\toolchains\ce3b5ff664\opt\zephyr-sdk\arm-zephyr-eabi\bin\../lib/gcc/../../picolibc/arm-zephyr-eabi/lib/thumb/v7e-m/nofp\libc.a(libc_tinystdio_ryu_table.c.o)
                0x000000000000a0c0                __pow5Factor
 .text.__double_computePow5
                0x000000000000a0f0       0xe8 c:\ncs\toolchains\ce3b5ff664\opt\zephyr-sdk\arm-zephyr-eabi\bin\../lib/gcc/../../picolibc/arm-zephyr-eabi/lib/thumb/v7e-m/nofp\libc.a(libc_tinystdio_ryu_table.c.o)
                0x000000000000a0f0                __double_computePow5
 .text.__double_computeInvPow5
                0x000000000000a1d8       0xf8 c:\ncs\toolchains\ce3b5ff664\opt\zephyr-sdk\arm-zephyr-eabi\bin\../lib/gcc/../../picolibc/arm-zephyr-eabi/lib/thumb/v7e-m/nofp\libc.a(libc_tinystdio_ryu_table.c.o)
                0x000000000000a1d8                __double_computeInvPow5
 .text.__fpclassifyf
                0x000000000000a2d0       0x34 c:\ncs\toolchains\ce3b5ff664\opt\zephyr-sdk\arm-zephyr-eabi\bin\../lib/gcc/../../picolibc/arm-zephyr-eabi/lib/thumb/v7e-m/nofp\libc.a(libm_common_sf_fpclassify.c.o)
                0x000000000000a2d0                __fpclassifyf
 .text.__math_invalidf
                0x000000000000a304       0x10 c:\ncs\toolchains\ce3b5ff664\opt\zephyr-sdk\arm-zephyr-eabi\bin\../lib/gcc/../../picolibc/arm-zephyr-eabi/lib/thumb/v7e-m/nofp\libc.a(libm_common_math_errf_invalidf.c.o)
                0x000000000000a304                __math_invalidf
 .text._OffsetAbsSyms
                0x000000000000a314        0x2 zephyr/CMakeFiles/offsets.dir/./arch/arm/core/offsets/offsets.c.obj
                0x000000000000a314                _OffsetAbsSyms
 .text.main     0x000000000000a316       0x16 app/libapp.a(main.c.obj)
                0x000000000000a316                main
 .text.i2c_write_read.constprop.0
                0x000000000000a32c       0x2c app/libapp.a(i2c.c.obj)
 .text.i2c_write_register
                0x000000000000a358       0x26 app/libapp.a(i2c.c.obj)
                0x000000000000a358                i2c_write_register
 .text.i2c_read_register
                0x000000000000a37e       0x18 app/libapp.a(i2c.c.obj)
                0x000000000000a37e                i2c_read_register
 .text.i2c_read_registers
                0x000000000000a396       0x18 app/libapp.a(i2c.c.obj)
                0x000000000000a396                i2c_read_registers
 .text.arch_printk_char_out
                0x000000000000a3ae        0x4 zephyr/libzephyr.a(printk.c.obj)
                0x000000000000a3ae                arch_printk_char_out
 .text.printk   0x000000000000a3b2       0x1a zephyr/libzephyr.a(printk.c.obj)
                0x000000000000a3b2                printk
 .text.chunk_size
                0x000000000000a3cc        0xa zephyr/libzephyr.a(heap.c.obj)
 .text.free_list_add
                0x000000000000a3d6       0x4e zephyr/libzephyr.a(heap.c.obj)
 .text.sys_heap_init
                0x000000000000a424       0x7a zephyr/libzephyr.a(heap.c.obj)
                0x000000000000a424                sys_heap_init
 .text.process_recheck
                0x000000000000a49e       0x38 zephyr/libzephyr.a(onoff.c.obj)
 .text.validate_args
                0x000000000000a4d6       0x20 zephyr/libzephyr.a(onoff.c.obj)
 .text.notify_one
                0x000000000000a4f6       0x2c zephyr/libzephyr.a(onoff.c.obj)
 .text.transition_complete
                0x000000000000a522       0x1c zephyr/libzephyr.a(onoff.c.obj)
 .text.onoff_manager_init
                0x000000000000a53e       0x26 zephyr/libzephyr.a(onoff.c.obj)
                0x000000000000a53e                onoff_manager_init
 .text.onoff_request
                0x000000000000a564       0xb0 zephyr/libzephyr.a(onoff.c.obj)
                0x000000000000a564                onoff_request
 .text.sys_notify_validate
                0x000000000000a614       0x28 zephyr/libzephyr.a(notify.c.obj)
                0x000000000000a614                sys_notify_validate
 .text.sys_notify_finalize
                0x000000000000a63c       0x32 zephyr/libzephyr.a(notify.c.obj)
                0x000000000000a63c                sys_notify_finalize
 .text.ring_buf_put_claim
                0x000000000000a66e       0x3e zephyr/libzephyr.a(ring_buffer.c.obj)
                0x000000000000a66e                ring_buf_put_claim
 .text.ring_buf_put_finish
                0x000000000000a6ac       0x2a zephyr/libzephyr.a(ring_buffer.c.obj)
                0x000000000000a6ac                ring_buf_put_finish
 .text.ring_buf_put
                0x000000000000a6d6       0x3e zephyr/libzephyr.a(ring_buffer.c.obj)
                0x000000000000a6d6                ring_buf_put
 .text.ring_buf_get_claim
                0x000000000000a714       0x40 zephyr/libzephyr.a(ring_buffer.c.obj)
                0x000000000000a714                ring_buf_get_claim
 .text.ring_buf_get_finish
                0x000000000000a754       0x2a zephyr/libzephyr.a(ring_buffer.c.obj)
                0x000000000000a754                ring_buf_get_finish
 .text.ring_buf_get
                0x000000000000a77e       0x40 zephyr/libzephyr.a(ring_buffer.c.obj)
                0x000000000000a77e                ring_buf_get
 .text._ConfigAbsSyms
                0x000000000000a7be        0x2 zephyr/libzephyr.a(configs.c.obj)
                0x000000000000a7be                _ConfigAbsSyms
 .text.cmd_kernel_reboot_warm
                0x000000000000a7c0        0x8 zephyr/libzephyr.a(kernel_service.c.obj)
 .text.cmd_kernel_reboot_cold
                0x000000000000a7c8        0x8 zephyr/libzephyr.a(kernel_service.c.obj)
 .text.uart_irq_tx_disable
                0x000000000000a7d0        0xa zephyr/libzephyr.a(shell_uart.c.obj)
 .text.enable   0x000000000000a7da       0x12 zephyr/libzephyr.a(shell_uart.c.obj)
 .text.read     0x000000000000a7ec       0x12 zephyr/libzephyr.a(shell_uart.c.obj)
 .text.uninit   0x000000000000a7fe       0x20 zephyr/libzephyr.a(shell_uart.c.obj)
 .text.write    0x000000000000a81e       0x6c zephyr/libzephyr.a(shell_uart.c.obj)
 .text.uart_callback
                0x000000000000a88a       0xe2 zephyr/libzephyr.a(shell_uart.c.obj)
 .text.cmd_buffer_clear
                0x000000000000a96c       0x12 zephyr/libzephyr.a(shell.c.obj)
 .text.atomic_or
                0x000000000000a97e       0x1e zephyr/libzephyr.a(shell.c.obj)
 .text.atomic_and
                0x000000000000a99c       0x1e zephyr/libzephyr.a(shell.c.obj)
 .text.shell_signal_handle
                0x000000000000a9ba       0x2c zephyr/libzephyr.a(shell.c.obj)
 .text.z_shell_strlen
                0x000000000000a9e6        0xc zephyr/libzephyr.a(shell.c.obj)
 .text.z_shell_raw_fprintf
                0x000000000000a9f2       0x1a zephyr/libzephyr.a(shell.c.obj)
 .text.k_mutex_lock.constprop.0.isra.0
                0x000000000000aa0c        0x4 zephyr/libzephyr.a(shell.c.obj)
 .text.transport_evt_handler
                0x000000000000aa10       0x14 zephyr/libzephyr.a(shell.c.obj)
 .text.z_flag_cmd_ctx_set.isra.0
                0x000000000000aa24       0x16 zephyr/libzephyr.a(shell.c.obj)
 .text.z_flag_history_exit_set.isra.0
                0x000000000000aa3a       0x14 zephyr/libzephyr.a(shell.c.obj)
 .text.z_flag_insert_mode_set.isra.0
                0x000000000000aa4e       0x1e zephyr/libzephyr.a(shell.c.obj)
 .text.k_mutex_unlock.isra.0
                0x000000000000aa6c        0x4 zephyr/libzephyr.a(shell.c.obj)
 .text.shell_vfprintf
                0x000000000000aa70       0x8a zephyr/libzephyr.a(shell.c.obj)
                0x000000000000aa70                shell_vfprintf
 .text.shell_fprintf
                0x000000000000aafa       0x1a zephyr/libzephyr.a(shell.c.obj)
                0x000000000000aafa                shell_fprintf
 .text.shell_hexdump
                0x000000000000ab14       0x30 zephyr/libzephyr.a(shell.c.obj)
                0x000000000000ab14                shell_hexdump
 .text.shell_prompt_change
                0x000000000000ab44       0x20 zephyr/libzephyr.a(shell.c.obj)
                0x000000000000ab44                shell_prompt_change
 .text.shell_get_return_value
                0x000000000000ab64       0x10 zephyr/libzephyr.a(shell.c.obj)
                0x000000000000ab64                shell_get_return_value
 .text.shell_set_bypass
                0x000000000000ab74        0xc zephyr/libzephyr.a(shell.c.obj)
                0x000000000000ab74                shell_set_bypass
 .text.z_shell_fprintf_buffer_flush
                0x000000000000ab80       0x18 zephyr/libzephyr.a(shell_fprintf.c.obj)
                0x000000000000ab80                z_shell_fprintf_buffer_flush
 .text.out_func
                0x000000000000ab98       0x3c zephyr/libzephyr.a(shell_fprintf.c.obj)
 .text.z_shell_strlen
                0x000000000000abd4        0xc zephyr/libzephyr.a(shell_utils.c.obj)
 .text.z_column_span_with_buffer_offsets_get
                0x000000000000abe0       0x1e zephyr/libzephyr.a(shell_utils.c.obj)
                0x000000000000abe0                z_column_span_with_buffer_offsets_get
 .text.z_row_span_with_buffer_offsets_get
                0x000000000000abfe       0x16 zephyr/libzephyr.a(shell_utils.c.obj)
                0x000000000000abfe                z_row_span_with_buffer_offsets_get
 .text.z_shell_multiline_data_calc
                0x000000000000ac14       0x2c zephyr/libzephyr.a(shell_utils.c.obj)
                0x000000000000ac14                z_shell_multiline_data_calc
 .text.z_shell_make_argv
                0x000000000000ac40      0x1a0 zephyr/libzephyr.a(shell_utils.c.obj)
                0x000000000000ac40                z_shell_make_argv
 .text.z_shell_pattern_remove
                0x000000000000ade0       0x4e zephyr/libzephyr.a(shell_utils.c.obj)
                0x000000000000ade0                z_shell_pattern_remove
 .text.z_shell_find_cmd
                0x000000000000ae2e       0x56 zephyr/libzephyr.a(shell_utils.c.obj)
                0x000000000000ae2e                z_shell_find_cmd
 .text.z_shell_get_last_command
                0x000000000000ae84       0x5c zephyr/libzephyr.a(shell_utils.c.obj)
                0x000000000000ae84                z_shell_get_last_command
 .text.z_shell_spaces_trim
                0x000000000000aee0       0x62 zephyr/libzephyr.a(shell_utils.c.obj)
                0x000000000000aee0                z_shell_spaces_trim
 .text.z_shell_cmd_trim
                0x000000000000af42       0x6a zephyr/libzephyr.a(shell_utils.c.obj)
                0x000000000000af42                z_shell_cmd_trim
 .text.shell_device_lookup
                0x000000000000afac       0x64 zephyr/libzephyr.a(shell_utils.c.obj)
                0x000000000000afac                shell_device_lookup
 .text.z_shell_raw_fprintf
                0x000000000000b010       0x1a zephyr/libzephyr.a(shell_ops.c.obj)
 .text.full_line_cmd.isra.0
                0x000000000000b02a       0x24 zephyr/libzephyr.a(shell_ops.c.obj)
 .text.z_shell_cursor_in_empty_line
                0x000000000000b04e       0x2e zephyr/libzephyr.a(shell_ops.c.obj)
                0x000000000000b04e                z_shell_cursor_in_empty_line
 .text.z_shell_op_cond_next_line
                0x000000000000b07c       0x1e zephyr/libzephyr.a(shell_ops.c.obj)
                0x000000000000b07c                z_shell_op_cond_next_line
 .text.z_shell_op_cursor_position_synchronize
                0x000000000000b09a       0x46 zephyr/libzephyr.a(shell_ops.c.obj)
                0x000000000000b09a                z_shell_op_cursor_position_synchronize
 .text.z_shell_op_cursor_move
                0x000000000000b0e0       0x48 zephyr/libzephyr.a(shell_ops.c.obj)
                0x000000000000b0e0                z_shell_op_cursor_move
 .text.z_shell_op_cursor_word_move
                0x000000000000b128       0x7c zephyr/libzephyr.a(shell_ops.c.obj)
                0x000000000000b128                z_shell_op_cursor_word_move
 .text.z_shell_op_cursor_home_move
                0x000000000000b1a4        0xc zephyr/libzephyr.a(shell_ops.c.obj)
                0x000000000000b1a4                z_shell_op_cursor_home_move
 .text.z_shell_op_cursor_end_move
                0x000000000000b1b0        0xe zephyr/libzephyr.a(shell_ops.c.obj)
                0x000000000000b1b0                z_shell_op_cursor_end_move
 .text.z_shell_op_left_arrow
                0x000000000000b1be       0x10 zephyr/libzephyr.a(shell_ops.c.obj)
                0x000000000000b1be                z_shell_op_left_arrow
 .text.z_shell_op_right_arrow
                0x000000000000b1ce       0x12 zephyr/libzephyr.a(shell_ops.c.obj)
                0x000000000000b1ce                z_shell_op_right_arrow
 .text.z_shell_op_delete_from_cursor
                0x000000000000b1e0       0x16 zephyr/libzephyr.a(shell_ops.c.obj)
                0x000000000000b1e0                z_shell_op_delete_from_cursor
 .text.z_shell_cmd_line_erase
                0x000000000000b1f6       0x34 zephyr/libzephyr.a(shell_ops.c.obj)
                0x000000000000b1f6                z_shell_cmd_line_erase
 .text.z_shell_write
                0x000000000000b22a       0x88 zephyr/libzephyr.a(shell_ops.c.obj)
                0x000000000000b22a                z_shell_write
 .text.z_shell_print_stream
                0x000000000000b2b2        0x4 zephyr/libzephyr.a(shell_ops.c.obj)
                0x000000000000b2b2                z_shell_print_stream
 .text.z_shell_vfprintf
                0x000000000000b2b6       0x4a zephyr/libzephyr.a(shell_ops.c.obj)
                0x000000000000b2b6                z_shell_vfprintf
 .text.z_shell_fprintf
                0x000000000000b300       0x1a zephyr/libzephyr.a(shell_ops.c.obj)
                0x000000000000b300                z_shell_fprintf
 .text.data_insert
                0x000000000000b31a       0x66 zephyr/libzephyr.a(shell_ops.c.obj)
 .text.z_shell_op_completion_insert
                0x000000000000b380        0x4 zephyr/libzephyr.a(shell_ops.c.obj)
                0x000000000000b380                z_shell_op_completion_insert
 .text.z_shell_op_char_delete
                0x000000000000b384       0x36 zephyr/libzephyr.a(shell_ops.c.obj)
                0x000000000000b384                z_shell_op_char_delete
 .text.z_shell_op_char_backspace
                0x000000000000b3ba       0x22 zephyr/libzephyr.a(shell_ops.c.obj)
                0x000000000000b3ba                z_shell_op_char_backspace
 .text.z_shell_raw_fprintf
                0x000000000000b3dc       0x1a zephyr/libzephyr.a(shell_help.c.obj)
 .text.formatted_text_print.constprop.0
                0x000000000000b3f6       0xe2 zephyr/libzephyr.a(shell_help.c.obj)
 .text.cmd_comment
                0x000000000000b4d8        0x4 zephyr/libzephyr.a(shell_cmds.c.obj)
 .text.cmd_shell_stats_reset
                0x000000000000b4dc        0x8 zephyr/libzephyr.a(shell_cmds.c.obj)
 .text.z_shell_raw_fprintf
                0x000000000000b4e4       0x1a zephyr/libzephyr.a(shell_cmds.c.obj)
 .text.cmd_prompt_on
                0x000000000000b4fe        0xc zephyr/libzephyr.a(shell_cmds.c.obj)
 .text.cmd_vt100_off
                0x000000000000b50a       0x22 zephyr/libzephyr.a(shell_cmds.c.obj)
 .text.cmd_bacskpace_mode_delete
                0x000000000000b52c       0x22 zephyr/libzephyr.a(shell_cmds.c.obj)
 .text.cmd_colors_off
                0x000000000000b54e       0x22 zephyr/libzephyr.a(shell_cmds.c.obj)
 .text.cmd_bacskpace_mode_backspace
                0x000000000000b570       0x22 zephyr/libzephyr.a(shell_cmds.c.obj)
 .text.cmd_echo_off
                0x000000000000b592       0x22 zephyr/libzephyr.a(shell_cmds.c.obj)
 .text.cmd_colors_on
                0x000000000000b5b4       0x22 zephyr/libzephyr.a(shell_cmds.c.obj)
 .text.cmd_vt100_on
                0x000000000000b5d6       0x22 zephyr/libzephyr.a(shell_cmds.c.obj)
 .text.cmd_echo_on
                0x000000000000b5f8       0x22 zephyr/libzephyr.a(shell_cmds.c.obj)
 .text.remove_from_tail.part.0
                0x000000000000b61a       0x24 zephyr/libzephyr.a(shell_history.c.obj)
 .text.z_shell_history_mode_exit
                0x000000000000b63e        0x6 zephyr/libzephyr.a(shell_history.c.obj)
                0x000000000000b63e                z_shell_history_mode_exit
 .text.z_shell_history_get
                0x000000000000b644       0x56 zephyr/libzephyr.a(shell_history.c.obj)
                0x000000000000b644                z_shell_history_get
 .text.z_shell_history_purge
                0x000000000000b69a       0x18 zephyr/libzephyr.a(shell_history.c.obj)
                0x000000000000b69a                z_shell_history_purge
 .text.z_shell_history_put
                0x000000000000b6b2       0xd0 zephyr/libzephyr.a(shell_history.c.obj)
                0x000000000000b6b2                z_shell_history_put
 .text.z_shell_history_init
                0x000000000000b782        0xc zephyr/libzephyr.a(shell_history.c.obj)
                0x000000000000b782                z_shell_history_init
 .text.z_shell_has_wildcard
                0x000000000000b78e       0x28 zephyr/libzephyr.a(shell_wildcard.c.obj)
                0x000000000000b78e                z_shell_has_wildcard
 .text.z_shell_wildcard_prepare
                0x000000000000b7b6       0x40 zephyr/libzephyr.a(shell_wildcard.c.obj)
                0x000000000000b7b6                z_shell_wildcard_prepare
 .text.z_shell_wildcard_finalize
                0x000000000000b7f6       0x1e zephyr/libzephyr.a(shell_wildcard.c.obj)
                0x000000000000b7f6                z_shell_wildcard_finalize
 .text.abort_function
                0x000000000000b814        0x8 zephyr/libzephyr.a(nrf_cc3xx_platform_abort_zephyr.c.obj)
 .text.z_arm_fatal_error
                0x000000000000b81c        0x4 zephyr/arch/arch/arm/core/libarch__arm__core.a(fatal.c.obj)
                0x000000000000b81c                z_arm_fatal_error
 .text.z_do_kernel_oops
                0x000000000000b820        0x8 zephyr/arch/arch/arm/core/libarch__arm__core.a(fatal.c.obj)
                0x000000000000b820                z_do_kernel_oops
 .text.z_arm_nmi
                0x000000000000b828        0xe zephyr/arch/arch/arm/core/libarch__arm__core.a(nmi.c.obj)
                0x000000000000b828                z_arm_nmi
 .text.z_irq_spurious
                0x000000000000b836        0x8 zephyr/arch/arch/arm/core/cortex_m/libarch__arm__core__cortex_m.a(irq_manage.c.obj)
                0x000000000000b836                z_irq_spurious
 .text.size_to_mpu_rasr_size
                0x000000000000b83e       0x20 zephyr/arch/arch/arm/core/mpu/libarch__arm__core__mpu.a(arm_mpu.c.obj)
 .text.mpu_configure_regions
                0x000000000000b85e       0x5c zephyr/arch/arch/arm/core/mpu/libarch__arm__core__mpu.a(arm_mpu.c.obj)
 .text.cbputc   0x000000000000b8ba        0xc zephyr/lib/libc/picolibc/liblib__libc__picolibc.a(libc-hooks.c.obj)
 .text.picolibc_put
                0x000000000000b8c6        0xa zephyr/lib/libc/picolibc/liblib__libc__picolibc.a(libc-hooks.c.obj)
 .text.foldcase
                0x000000000000b8d0       0x10 zephyr/lib/posix/liblib__posix.a(fnmatch.c.obj)
 .text.fnmatchx
                0x000000000000b8e0      0x23c zephyr/lib/posix/liblib__posix.a(fnmatch.c.obj)
 .text.fnmatch  0x000000000000bb1c        0x6 zephyr/lib/posix/liblib__posix.a(fnmatch.c.obj)
                0x000000000000bb1c                fnmatch
 .text.adc_context_on_timer_expired
                0x000000000000bb22       0x2e zephyr/drivers/adc/libdrivers__adc.a(adc_nrfx_saadc.c.obj)
 .text.get_status
                0x000000000000bb50       0x12 zephyr/drivers/clock_control/libdrivers__clock_control.a(clock_control_nrf.c.obj)
 .text.set_on_state
                0x000000000000bb62       0x26 zephyr/drivers/clock_control/libdrivers__clock_control.a(clock_control_nrf.c.obj)
 .text.stop     0x000000000000bb88       0x54 zephyr/drivers/clock_control/libdrivers__clock_control.a(clock_control_nrf.c.obj)
 .text.api_stop
                0x000000000000bbdc        0x6 zephyr/drivers/clock_control/libdrivers__clock_control.a(clock_control_nrf.c.obj)
 .text.async_start
                0x000000000000bbe2       0x5e zephyr/drivers/clock_control/libdrivers__clock_control.a(clock_control_nrf.c.obj)
 .text.api_start
                0x000000000000bc40        0xe zephyr/drivers/clock_control/libdrivers__clock_control.a(clock_control_nrf.c.obj)
 .text.onoff_started_callback
                0x000000000000bc4e       0x12 zephyr/drivers/clock_control/libdrivers__clock_control.a(clock_control_nrf.c.obj)
 .text.lfclk_start
                0x000000000000bc60        0x6 zephyr/drivers/clock_control/libdrivers__clock_control.a(clock_control_nrf.c.obj)
 .text.lfclk_stop
                0x000000000000bc66        0x6 zephyr/drivers/clock_control/libdrivers__clock_control.a(clock_control_nrf.c.obj)
 .text.blocking_start_callback
                0x000000000000bc6c        0x6 zephyr/drivers/clock_control/libdrivers__clock_control.a(clock_control_nrf.c.obj)
 .text.gpio_nrfx_port_get_raw
                0x000000000000bc72        0xe zephyr/drivers/gpio/libdrivers__gpio.a(gpio_nrfx.c.obj)
 .text.gpio_nrfx_port_set_masked_raw
                0x000000000000bc80       0x18 zephyr/drivers/gpio/libdrivers__gpio.a(gpio_nrfx.c.obj)
 .text.gpio_nrfx_port_set_bits_raw
                0x000000000000bc98        0xc zephyr/drivers/gpio/libdrivers__gpio.a(gpio_nrfx.c.obj)
 .text.gpio_nrfx_port_clear_bits_raw
                0x000000000000bca4        0xc zephyr/drivers/gpio/libdrivers__gpio.a(gpio_nrfx.c.obj)
 .text.gpio_nrfx_port_toggle_bits
                0x000000000000bcb0       0x1a zephyr/drivers/gpio/libdrivers__gpio.a(gpio_nrfx.c.obj)
 .text.gpio_nrfx_manage_callback
                0x000000000000bcca       0x52 zephyr/drivers/gpio/libdrivers__gpio.a(gpio_nrfx.c.obj)
 .text.i2c_transfer
                0x000000000000bd1c        0xc zephyr/drivers/i2c/libdrivers__i2c.a(i2c_shell.c.obj)
 .text.device_name_get
                0x000000000000bd28       0x1a zephyr/drivers/i2c/libdrivers__i2c.a(i2c_shell.c.obj)
 .text.get_bytes_count_for_hex
                0x000000000000bd42       0x2e zephyr/drivers/i2c/libdrivers__i2c.a(i2c_shell.c.obj)
 .text.cmd_i2c_read
                0x000000000000bd70       0x4a zephyr/drivers/i2c/libdrivers__i2c.a(i2c_shell.c.obj)
 .text.cmd_i2c_write_byte
                0x000000000000bdba       0x1e zephyr/drivers/i2c/libdrivers__i2c.a(i2c_shell.c.obj)
 .text.cmd_i2c_write
                0x000000000000bdd8       0x1e zephyr/drivers/i2c/libdrivers__i2c.a(i2c_shell.c.obj)
 .text.i2c_nrfx_twi_configure
                0x000000000000bdf6       0x32 zephyr/drivers/i2c/libdrivers__i2c.a(i2c_nrfx_twi.c.obj)
 .text.i2c_nrfx_twim_configure
                0x000000000000be28       0x2e zephyr/drivers/i2c/libdrivers__i2c.a(i2c_nrfx_twim.c.obj)
 .text.irq_connect0
                0x000000000000be56        0xa zephyr/drivers/i2c/libdrivers__i2c.a(i2c_nrfx_twim.c.obj)
 .text.pinctrl_apply_state.constprop.0
                0x000000000000be60       0x20 zephyr/drivers/i2c/libdrivers__i2c.a(i2c_nrfx_twim.c.obj)
 .text.pinctrl_lookup_state
                0x000000000000be80       0x26 zephyr/drivers/pinctrl/libdrivers__pinctrl.a(common.c.obj)
                0x000000000000be80                pinctrl_lookup_state
 .text.uarte_nrfx_err_check
                0x000000000000bea6        0xe zephyr/drivers/serial/libdrivers__serial.a(uart_nrfx_uarte.c.obj)
 .text.tx_start
                0x000000000000beb4       0x3e zephyr/drivers/serial/libdrivers__serial.a(uart_nrfx_uarte.c.obj)
 .text.uarte_nrfx_poll_in
                0x000000000000bef2       0x28 zephyr/drivers/serial/libdrivers__serial.a(uart_nrfx_uarte.c.obj)
 .text.uarte_nrfx_fifo_read
                0x000000000000bf1a       0x2e zephyr/drivers/serial/libdrivers__serial.a(uart_nrfx_uarte.c.obj)
 .text.uarte_nrfx_irq_tx_enable
                0x000000000000bf48       0x2e zephyr/drivers/serial/libdrivers__serial.a(uart_nrfx_uarte.c.obj)
 .text.uarte_nrfx_irq_tx_disable
                0x000000000000bf76        0xa zephyr/drivers/serial/libdrivers__serial.a(uart_nrfx_uarte.c.obj)
 .text.uarte_nrfx_irq_tx_ready_complete
                0x000000000000bf80       0x2a zephyr/drivers/serial/libdrivers__serial.a(uart_nrfx_uarte.c.obj)
 .text.uarte_nrfx_irq_rx_ready
                0x000000000000bfaa       0x10 zephyr/drivers/serial/libdrivers__serial.a(uart_nrfx_uarte.c.obj)
 .text.uarte_nrfx_irq_rx_enable
                0x000000000000bfba        0xc zephyr/drivers/serial/libdrivers__serial.a(uart_nrfx_uarte.c.obj)
 .text.uarte_nrfx_irq_rx_disable
                0x000000000000bfc6        0xc zephyr/drivers/serial/libdrivers__serial.a(uart_nrfx_uarte.c.obj)
 .text.uarte_nrfx_irq_err_enable
                0x000000000000bfd2        0xe zephyr/drivers/serial/libdrivers__serial.a(uart_nrfx_uarte.c.obj)
 .text.uarte_nrfx_irq_err_disable
                0x000000000000bfe0        0xe zephyr/drivers/serial/libdrivers__serial.a(uart_nrfx_uarte.c.obj)
 .text.uarte_nrfx_irq_is_pending
                0x000000000000bfee       0x36 zephyr/drivers/serial/libdrivers__serial.a(uart_nrfx_uarte.c.obj)
 .text.uarte_nrfx_irq_update
                0x000000000000c024        0x4 zephyr/drivers/serial/libdrivers__serial.a(uart_nrfx_uarte.c.obj)
 .text.uarte_nrfx_irq_callback_set
                0x000000000000c028        0xc zephyr/drivers/serial/libdrivers__serial.a(uart_nrfx_uarte.c.obj)
 .text.is_tx_ready.isra.0
                0x000000000000c034       0x20 zephyr/drivers/serial/libdrivers__serial.a(uart_nrfx_uarte.c.obj)
 .text.uarte_nrfx_fifo_fill
                0x000000000000c054       0x78 zephyr/drivers/serial/libdrivers__serial.a(uart_nrfx_uarte.c.obj)
 .text.uarte_nrfx_isr_int
                0x000000000000c0cc       0xc0 zephyr/drivers/serial/libdrivers__serial.a(uart_nrfx_uarte.c.obj)
 .text.event_clear
                0x000000000000c18c       0x18 zephyr/drivers/timer/libdrivers__timer.a(nrf_rtc_timer.c.obj)
 .text.sys_clock_cycle_get_32
                0x000000000000c1a4        0x8 zephyr/drivers/timer/libdrivers__timer.a(nrf_rtc_timer.c.obj)
                0x000000000000c1a4                sys_clock_cycle_get_32
 .text.k_sys_fatal_error_handler
                0x000000000000c1ac        0x8 modules/nrf/lib/fatal_error/lib..__nrf__lib__fatal_error.a(fatal_error.c.obj)
                0x000000000000c1ac                k_sys_fatal_error_handler
 .text.hw_cc3xx_init_internal
                0x000000000000c1b4        0x4 modules/nrf/drivers/hw_cc3xx/lib..__nrf__drivers__hw_cc3xx.a(hw_cc3xx.c.obj)
 .text.hw_cc3xx_init
                0x000000000000c1b8       0x12 modules/nrf/drivers/hw_cc3xx/lib..__nrf__drivers__hw_cc3xx.a(hw_cc3xx.c.obj)
 .text.nrfx_isr
                0x000000000000c1ca        0x2 modules/hal_nordic/nrfx/libmodules__hal_nordic__nrfx.a(nrfx_glue.c.obj)
                0x000000000000c1ca                nrfx_isr
 .text.nrfx_busy_wait
                0x000000000000c1cc        0x4 modules/hal_nordic/nrfx/libmodules__hal_nordic__nrfx.a(nrfx_glue.c.obj)
                0x000000000000c1cc                nrfx_busy_wait
 .text.nrfx_gppi_channel_endpoints_setup
                0x000000000000c1d0       0x14 modules/hal_nordic/nrfx/libmodules__hal_nordic__nrfx.a(nrfx_gppi_ppi.c.obj)
                0x000000000000c1d0                nrfx_gppi_channel_endpoints_setup
 .text.nrfx_clock_stop
                0x000000000000c1e4        0x4 modules/hal_nordic/nrfx/libmodules__hal_nordic__nrfx.a(nrfx_clock.c.obj)
                0x000000000000c1e4                nrfx_clock_stop
 .text.nrf_gpio_reconfigure
                0x000000000000c1e8       0x92 modules/hal_nordic/nrfx/libmodules__hal_nordic__nrfx.a(nrfx_gpiote.c.obj)
 .text.nrf_gpio_cfg_sense_set
                0x000000000000c27a       0x1e modules/hal_nordic/nrfx/libmodules__hal_nordic__nrfx.a(nrfx_gpiote.c.obj)
 .text.pin_trigger_disable
                0x000000000000c298       0x48 modules/hal_nordic/nrfx/libmodules__hal_nordic__nrfx.a(nrfx_gpiote.c.obj)
 .text.nrfx_gpiote_pin_uninit
                0x000000000000c2e0        0x4 modules/hal_nordic/nrfx/libmodules__hal_nordic__nrfx.a(nrfx_gpiote.c.obj)
                0x000000000000c2e0                nrfx_gpiote_pin_uninit
 .text.nrfx_gpiote_trigger_disable
                0x000000000000c2e4        0x4 modules/hal_nordic/nrfx/libmodules__hal_nordic__nrfx.a(nrfx_gpiote.c.obj)
                0x000000000000c2e4                nrfx_gpiote_trigger_disable
 .text.twi_transfer
                0x000000000000c2e8      0x130 modules/hal_nordic/nrfx/libmodules__hal_nordic__nrfx.a(nrfx_twi.c.obj)
 .text.xfer_completeness_check
                0x000000000000c418       0x62 modules/hal_nordic/nrfx/libmodules__hal_nordic__nrfx.a(nrfx_twim.c.obj)
 .text.__nrfy_internal_twim_event_handle.isra.0
                0x000000000000c47a       0x22 modules/hal_nordic/nrfx/libmodules__hal_nordic__nrfx.a(nrfx_twim.c.obj)
 .text.__nrfy_internal_twim_events_process.constprop.0
                0x000000000000c49c       0x54 modules/hal_nordic/nrfx/libmodules__hal_nordic__nrfx.a(nrfx_twim.c.obj)
 .text.nrf_gpio_pin_set
                0x000000000000c4f0       0x1a modules/hal_nordic/nrfx/libmodules__hal_nordic__nrfx.a(nrfx_twi_twim.c.obj)
 .text.SEGGER_RTT_Init
                0x000000000000c50a        0x4 modules/segger/libmodules__segger.a(SEGGER_RTT.c.obj)
                0x000000000000c50a                SEGGER_RTT_Init
 .text.rtt_init
                0x000000000000c50e        0xa modules/segger/libmodules__segger.a(SEGGER_RTT_zephyr.c.obj)
 .text.z_impl_k_busy_wait
                0x000000000000c518        0x8 zephyr/kernel/libkernel.a(busy_wait.c.obj)
                0x000000000000c518                z_impl_k_busy_wait
 .text.z_device_state_init